Archive member included to satisfy reference by file (symbol)

d:/wtf/stm32cubeide_1.4.0/stm32cubeide/plugins/com.st.stm32cube.ide.mcu.externaltools.gnu-tools-for-stm32.7-2018-q2-update.win32_1.4.0.202007081208/tools/bin/../lib/gcc/arm-none-eabi/7.3.1/../../../../arm-none-eabi/lib/thumb/v7e-m/fpv5/hard\libc_nano.a(lib_a-errno.o)
                              Core/Src/syscalls.o (__errno)
d:/wtf/stm32cubeide_1.4.0/stm32cubeide/plugins/com.st.stm32cube.ide.mcu.externaltools.gnu-tools-for-stm32.7-2018-q2-update.win32_1.4.0.202007081208/tools/bin/../lib/gcc/arm-none-eabi/7.3.1/../../../../arm-none-eabi/lib/thumb/v7e-m/fpv5/hard\libc_nano.a(lib_a-exit.o)
                              d:/wtf/stm32cubeide_1.4.0/stm32cubeide/plugins/com.st.stm32cube.ide.mcu.externaltools.gnu-tools-for-stm32.7-2018-q2-update.win32_1.4.0.202007081208/tools/bin/../lib/gcc/arm-none-eabi/7.3.1/../../../../arm-none-eabi/lib/thumb/v7e-m/fpv5/hard/crt0.o (exit)
d:/wtf/stm32cubeide_1.4.0/stm32cubeide/plugins/com.st.stm32cube.ide.mcu.externaltools.gnu-tools-for-stm32.7-2018-q2-update.win32_1.4.0.202007081208/tools/bin/../lib/gcc/arm-none-eabi/7.3.1/../../../../arm-none-eabi/lib/thumb/v7e-m/fpv5/hard\libc_nano.a(lib_a-impure.o)
                              d:/wtf/stm32cubeide_1.4.0/stm32cubeide/plugins/com.st.stm32cube.ide.mcu.externaltools.gnu-tools-for-stm32.7-2018-q2-update.win32_1.4.0.202007081208/tools/bin/../lib/gcc/arm-none-eabi/7.3.1/../../../../arm-none-eabi/lib/thumb/v7e-m/fpv5/hard\libc_nano.a(lib_a-exit.o) (_global_impure_ptr)
d:/wtf/stm32cubeide_1.4.0/stm32cubeide/plugins/com.st.stm32cube.ide.mcu.externaltools.gnu-tools-for-stm32.7-2018-q2-update.win32_1.4.0.202007081208/tools/bin/../lib/gcc/arm-none-eabi/7.3.1/../../../../arm-none-eabi/lib/thumb/v7e-m/fpv5/hard\libc_nano.a(lib_a-init.o)
                              d:/wtf/stm32cubeide_1.4.0/stm32cubeide/plugins/com.st.stm32cube.ide.mcu.externaltools.gnu-tools-for-stm32.7-2018-q2-update.win32_1.4.0.202007081208/tools/bin/../lib/gcc/arm-none-eabi/7.3.1/../../../../arm-none-eabi/lib/thumb/v7e-m/fpv5/hard/crt0.o (__libc_init_array)
d:/wtf/stm32cubeide_1.4.0/stm32cubeide/plugins/com.st.stm32cube.ide.mcu.externaltools.gnu-tools-for-stm32.7-2018-q2-update.win32_1.4.0.202007081208/tools/bin/../lib/gcc/arm-none-eabi/7.3.1/../../../../arm-none-eabi/lib/thumb/v7e-m/fpv5/hard\libc_nano.a(lib_a-malloc.o)
                              Middlewares/ST/STM32_USB_Host_Library/Class/MSC/Src/usbh_msc.o (malloc)
d:/wtf/stm32cubeide_1.4.0/stm32cubeide/plugins/com.st.stm32cube.ide.mcu.externaltools.gnu-tools-for-stm32.7-2018-q2-update.win32_1.4.0.202007081208/tools/bin/../lib/gcc/arm-none-eabi/7.3.1/../../../../arm-none-eabi/lib/thumb/v7e-m/fpv5/hard\libc_nano.a(lib_a-memcpy-stub.o)
                              Core/Src/main.o (memcpy)
d:/wtf/stm32cubeide_1.4.0/stm32cubeide/plugins/com.st.stm32cube.ide.mcu.externaltools.gnu-tools-for-stm32.7-2018-q2-update.win32_1.4.0.202007081208/tools/bin/../lib/gcc/arm-none-eabi/7.3.1/../../../../arm-none-eabi/lib/thumb/v7e-m/fpv5/hard\libc_nano.a(lib_a-memset.o)
                              d:/wtf/stm32cubeide_1.4.0/stm32cubeide/plugins/com.st.stm32cube.ide.mcu.externaltools.gnu-tools-for-stm32.7-2018-q2-update.win32_1.4.0.202007081208/tools/bin/../lib/gcc/arm-none-eabi/7.3.1/../../../../arm-none-eabi/lib/thumb/v7e-m/fpv5/hard/crt0.o (memset)
d:/wtf/stm32cubeide_1.4.0/stm32cubeide/plugins/com.st.stm32cube.ide.mcu.externaltools.gnu-tools-for-stm32.7-2018-q2-update.win32_1.4.0.202007081208/tools/bin/../lib/gcc/arm-none-eabi/7.3.1/../../../../arm-none-eabi/lib/thumb/v7e-m/fpv5/hard\libc_nano.a(lib_a-nano-freer.o)
                              d:/wtf/stm32cubeide_1.4.0/stm32cubeide/plugins/com.st.stm32cube.ide.mcu.externaltools.gnu-tools-for-stm32.7-2018-q2-update.win32_1.4.0.202007081208/tools/bin/../lib/gcc/arm-none-eabi/7.3.1/../../../../arm-none-eabi/lib/thumb/v7e-m/fpv5/hard\libc_nano.a(lib_a-malloc.o) (_free_r)
d:/wtf/stm32cubeide_1.4.0/stm32cubeide/plugins/com.st.stm32cube.ide.mcu.externaltools.gnu-tools-for-stm32.7-2018-q2-update.win32_1.4.0.202007081208/tools/bin/../lib/gcc/arm-none-eabi/7.3.1/../../../../arm-none-eabi/lib/thumb/v7e-m/fpv5/hard\libc_nano.a(lib_a-nano-mallocr.o)
                              d:/wtf/stm32cubeide_1.4.0/stm32cubeide/plugins/com.st.stm32cube.ide.mcu.externaltools.gnu-tools-for-stm32.7-2018-q2-update.win32_1.4.0.202007081208/tools/bin/../lib/gcc/arm-none-eabi/7.3.1/../../../../arm-none-eabi/lib/thumb/v7e-m/fpv5/hard\libc_nano.a(lib_a-malloc.o) (_malloc_r)
d:/wtf/stm32cubeide_1.4.0/stm32cubeide/plugins/com.st.stm32cube.ide.mcu.externaltools.gnu-tools-for-stm32.7-2018-q2-update.win32_1.4.0.202007081208/tools/bin/../lib/gcc/arm-none-eabi/7.3.1/../../../../arm-none-eabi/lib/thumb/v7e-m/fpv5/hard\libc_nano.a(lib_a-printf.o)
                              Core/Src/bootloadder.o (printf)
[...]
Memory Configuration

Name             Origin             Length             Attributes
RAM              0x0000000020000000 0x0000000000080000 xrw
FLASH            0x0000000008000000 0x0000000000200000 xr
*default*        0x0000000000000000 0xffffffffffffffff

Linker script and memory map

LOAD d:/wtf/stm32cubeide_1.4.0/stm32cubeide/plugins/com.st.stm32cube.ide.mcu.externaltools.gnu-tools-for-stm32.7-2018-q2-update.win32_1.4.0.202007081208/tools/bin/../lib/gcc/arm-none-eabi/7.3.1/thumb/v7e-m/fpv5/hard/crti.o
LOAD d:/wtf/stm32cubeide_1.4.0/stm32cubeide/plugins/com.st.stm32cube.ide.mcu.externaltools.gnu-tools-for-stm32.7-2018-q2-update.win32_1.4.0.202007081208/tools/bin/../lib/gcc/arm-none-eabi/7.3.1/thumb/v7e-m/fpv5/hard/crtbegin.o
LOAD d:/wtf/stm32cubeide_1.4.0/stm32cubeide/plugins/com.st.stm32cube.ide.mcu.externaltools.gnu-tools-for-stm32.7-2018-q2-update.win32_1.4.0.202007081208/tools/bin/../lib/gcc/arm-none-eabi/7.3.1/../../../../arm-none-eabi/lib/thumb/v7e-m/fpv5/hard/crt0.o
LOAD Core/Src/bootloadder.o
LOAD Core/Src/commands.o
LOAD Core/Src/flash_if.o
LOAD Core/Src/main.o
LOAD Core/Src/stm32f7xx_hal_msp.o
LOAD Core/Src/stm32f7xx_it.o
LOAD Core/Src/syscalls.o
LOAD Core/Src/sysmem.o
LOAD Core/Src/system_stm32f7xx.o
LOAD Core/Startup/startup_stm32f767zitx.o
LOAD Drivers/STM32F7xx_HAL_Driver/Src/stm32f7xx_hal.o
LOAD Drivers/STM32F7xx_HAL_Driver/Src/stm32f7xx_hal_cortex.o
LOAD Drivers/STM32F7xx_HAL_Driver/Src/stm32f7xx_hal_dma.o
LOAD Drivers/STM32F7xx_HAL_Driver/Src/stm32f7xx_hal_dma_ex.o
LOAD Drivers/STM32F7xx_HAL_Driver/Src/stm32f7xx_hal_eth.o
LOAD Drivers/STM32F7xx_HAL_Driver/Src/stm32f7xx_hal_exti.o
LOAD Drivers/STM32F7xx_HAL_Driver/Src/stm32f7xx_hal_flash.o
LOAD Drivers/STM32F7xx_HAL_Driver/Src/stm32f7xx_hal_flash_ex.o
LOAD Drivers/STM32F7xx_HAL_Driver/Src/stm32f7xx_hal_gpio.o
LOAD Drivers/STM32F7xx_HAL_Driver/Src/stm32f7xx_hal_hcd.o
LOAD Drivers/STM32F7xx_HAL_Driver/Src/stm32f7xx_hal_i2c.o
LOAD Drivers/STM32F7xx_HAL_Driver/Src/stm32f7xx_hal_i2c_ex.o
LOAD Drivers/STM32F7xx_HAL_Driver/Src/stm32f7xx_hal_pwr.o
LOAD Drivers/STM32F7xx_HAL_Driver/Src/stm32f7xx_hal_pwr_ex.o
LOAD Drivers/STM32F7xx_HAL_Driver/Src/stm32f7xx_hal_rcc.o
LOAD Drivers/STM32F7xx_HAL_Driver/Src/stm32f7xx_hal_rcc_ex.o
LOAD Drivers/STM32F7xx_HAL_Driver/Src/stm32f7xx_hal_tim.o
LOAD Drivers/STM32F7xx_HAL_Driver/Src/stm32f7xx_hal_tim_ex.o
LOAD Drivers/STM32F7xx_HAL_Driver/Src/stm32f7xx_hal_uart.o
LOAD Drivers/STM32F7xx_HAL_Driver/Src/stm32f7xx_hal_uart_ex.o
LOAD Drivers/STM32F7xx_HAL_Driver/Src/stm32f7xx_ll_usb.o
LOAD FATFS/App/fatfs.o
LOAD FATFS/Target/usbh_diskio.o
LOAD Middlewares/ST/STM32_USB_Host_Library/Class/MSC/Src/usbh_msc.o
LOAD Middlewares/ST/STM32_USB_Host_Library/Class/MSC/Src/usbh_msc_bot.o
LOAD Middlewares/ST/STM32_USB_Host_Library/Class/MSC/Src/usbh_msc_scsi.o
LOAD Middlewares/ST/STM32_USB_Host_Library/Core/Src/usbh_core.o
LOAD Middlewares/ST/STM32_USB_Host_Library/Core/Src/usbh_ctlreq.o
LOAD Middlewares/ST/STM32_USB_Host_Library/Core/Src/usbh_ioreq.o
LOAD Middlewares/ST/STM32_USB_Host_Library/Core/Src/usbh_pipes.o
LOAD Middlewares/Third_Party/FatFs/src/diskio.o
LOAD Middlewares/Third_Party/FatFs/src/ff.o
LOAD Middlewares/Third_Party/FatFs/src/ff_gen_drv.o
LOAD Middlewares/Third_Party/FatFs/src/option/syscall.o
LOAD USB_HOST/App/usb_host.o
LOAD USB_HOST/Target/usbh_conf.o
LOAD USB_HOST/Target/usbh_platform.o
START GROUP
LOAD d:/wtf/stm32cubeide_1.4.0/stm32cubeide/plugins/com.st.stm32cube.ide.mcu.externaltools.gnu-tools-for-stm32.7-2018-q2-update.win32_1.4.0.202007081208/tools/bin/../lib/gcc/arm-none-eabi/7.3.1/../../../../arm-none-eabi/lib/thumb/v7e-m/fpv5/hard\libc_nano.a
LOAD d:/wtf/stm32cubeide_1.4.0/stm32cubeide/plugins/com.st.stm32cube.ide.mcu.externaltools.gnu-tools-for-stm32.7-2018-q2-update.win32_1.4.0.202007081208/tools/bin/../lib/gcc/arm-none-eabi/7.3.1/../../../../arm-none-eabi/lib/thumb/v7e-m/fpv5/hard\libm.a
END GROUP
START GROUP
LOAD d:/wtf/stm32cubeide_1.4.0/stm32cubeide/plugins/com.st.stm32cube.ide.mcu.externaltools.gnu-tools-for-stm32.7-2018-q2-update.win32_1.4.0.202007081208/tools/bin/../lib/gcc/arm-none-eabi/7.3.1/thumb/v7e-m/fpv5/hard\libgcc.a
LOAD d:/wtf/stm32cubeide_1.4.0/stm32cubeide/plugins/com.st.stm32cube.ide.mcu.externaltools.gnu-tools-for-stm32.7-2018-q2-update.win32_1.4.0.202007081208/tools/bin/../lib/gcc/arm-none-eabi/7.3.1/../../../../arm-none-eabi/lib/thumb/v7e-m/fpv5/hard\libc_nano.a
END GROUP
START GROUP
LOAD d:/wtf/stm32cubeide_1.4.0/stm32cubeide/plugins/com.st.stm32cube.ide.mcu.externaltools.gnu-tools-for-stm32.7-2018-q2-update.win32_1.4.0.202007081208/tools/bin/../lib/gcc/arm-none-eabi/7.3.1/thumb/v7e-m/fpv5/hard\libgcc.a
LOAD d:/wtf/stm32cubeide_1.4.0/stm32cubeide/plugins/com.st.stm32cube.ide.mcu.externaltools.gnu-tools-for-stm32.7-2018-q2-update.win32_1.4.0.202007081208/tools/bin/../lib/gcc/arm-none-eabi/7.3.1/../../../../arm-none-eabi/lib/thumb/v7e-m/fpv5/hard\libc_nano.a
LOAD d:/wtf/stm32cubeide_1.4.0/stm32cubeide/plugins/com.st.stm32cube.ide.mcu.externaltools.gnu-tools-for-stm32.7-2018-q2-update.win32_1.4.0.202007081208/tools/bin/../lib/gcc/arm-none-eabi/7.3.1/../../../../arm-none-eabi/lib/thumb/v7e-m/fpv5/hard\libnosys.a
END GROUP
START GROUP
LOAD d:/wtf/stm32cubeide_1.4.0/stm32cubeide/plugins/com.st.stm32cube.ide.mcu.externaltools.gnu-tools-for-stm32.7-2018-q2-update.win32_1.4.0.202007081208/tools/bin/../lib/gcc/arm-none-eabi/7.3.1/thumb/v7e-m/fpv5/hard\libgcc.a
LOAD d:/wtf/stm32cubeide_1.4.0/stm32cubeide/plugins/com.st.stm32cube.ide.mcu.externaltools.gnu-tools-for-stm32.7-2018-q2-update.win32_1.4.0.202007081208/tools/bin/../lib/gcc/arm-none-eabi/7.3.1/../../../../arm-none-eabi/lib/thumb/v7e-m/fpv5/hard\libc_nano.a
LOAD d:/wtf/stm32cubeide_1.4.0/stm32cubeide/plugins/com.st.stm32cube.ide.mcu.externaltools.gnu-tools-for-stm32.7-2018-q2-update.win32_1.4.0.202007081208/tools/bin/../lib/gcc/arm-none-eabi/7.3.1/../../../../arm-none-eabi/lib/thumb/v7e-m/fpv5/hard\libnosys.a
END GROUP
LOAD d:/wtf/stm32cubeide_1.4.0/stm32cubeide/plugins/com.st.stm32cube.ide.mcu.externaltools.gnu-tools-for-stm32.7-2018-q2-update.win32_1.4.0.202007081208/tools/bin/../lib/gcc/arm-none-eabi/7.3.1/thumb/v7e-m/fpv5/hard/crtend.o
LOAD d:/wtf/stm32cubeide_1.4.0/stm32cubeide/plugins/com.st.stm32cube.ide.mcu.externaltools.gnu-tools-for-stm32.7-2018-q2-update.win32_1.4.0.202007081208/tools/bin/../lib/gcc/arm-none-eabi/7.3.1/thumb/v7e-m/fpv5/hard/crtn.o
                0x0000000020080000                _estack = (ORIGIN (RAM) + LENGTH (RAM))
                0x0000000000000200                _Min_Heap_Size = 0x200
                0x0000000000000400                _Min_Stack_Size = 0x400

.isr_vector     0x0000000008000000      0x1f8
                0x0000000008000000                . = ALIGN (0x4)
 *(.isr_vector)
 .isr_vector    0x0000000008000000      0x1f8 Core/Startup/startup_stm32f767zitx.o
                0x0000000008000000                g_pfnVectors
                0x00000000080001f8                . = ALIGN (0x4)

.text           0x0000000008000200     0xc640
                0x0000000008000200                . = ALIGN (0x4)
 *(.text)
 .text          0x0000000008000200       0x40 d:/wtf/stm32cubeide_1.4.0/stm32cubeide/plugins/com.st.stm32cube.ide.mcu.externaltools.gnu-tools-for-stm32.7-2018-q2-update.win32_1.4.0.202007081208/tools/bin/../lib/gcc/arm-none-eabi/7.3.1/thumb/v7e-m/fpv5/hard/crtbegin.o
 .text          0x0000000008000240       0xa0 d:/wtf/stm32cubeide_1.4.0/stm32cubeide/plugins/com.st.stm32cube.ide.mcu.externaltools.gnu-tools-for-stm32.7-2018-q2-update.win32_1.4.0.202007081208/tools/bin/../lib/gcc/arm-none-eabi/7.3.1/../../../../arm-none-eabi/lib/thumb/v7e-m/fpv5/hard\libc_nano.a(lib_a-memchr.o)
                0x0000000008000240                memchr
 .text          0x00000000080002e0       0x30 d:/wtf/stm32cubeide_1.4.0/stm32cubeide/plugins/com.st.stm32cube.ide.mcu.externaltools.gnu-tools-for-stm32.7-2018-q2-update.win32_1.4.0.202007081208/tools/bin/../lib/gcc/arm-none-eabi/7.3.1/thumb/v7e-m/fpv5/hard\libgcc.a(_aeabi_uldivmod.o)
                0x00000000080002e0                __aeabi_uldivmod
 .text          0x0000000008000310      0x2cc d:/wtf/stm32cubeide_1.4.0/stm32cubeide/plugins/com.st.stm32cube.ide.mcu.externaltools.gnu-tools-for-stm32.7-2018-q2-update.win32_1.4.0.202007081208/tools/bin/../lib/gcc/arm-none-eabi/7.3.1/thumb/v7e-m/fpv5/hard\libgcc.a(_udivmoddi4.o)
                0x0000000008000310                __udivmoddi4
 .text          0x00000000080005dc        0x4 d:/wtf/stm32cubeide_1.4.0/stm32cubeide/plugins/com.st.stm32cube.ide.mcu.externaltools.gnu-tools-for-stm32.7-2018-q2-update.win32_1.4.0.202007081208/tools/bin/../lib/gcc/arm-none-eabi/7.3.1/thumb/v7e-m/fpv5/hard\libgcc.a(_dvmd_tls.o)
                0x00000000080005dc                __aeabi_idiv0
                0x00000000080005dc                __aeabi_ldiv0
 *(.text*)
 .text.BootAppImage
                0x00000000080005e0       0x84 Core/Src/bootloadder.o
                0x00000000080005e0                BootAppImage
 .text.COMMAND_DOWNLOAD
                0x0000000008000664       0x7c Core/Src/commands.o
                0x0000000008000664                COMMAND_DOWNLOAD
 .text.COMMAND_ProgramFlashMemory
                0x00000000080006e0       0x5c Core/Src/commands.o
                0x00000000080006e0                COMMAND_ProgramFlashMemory
 .text.dummy    0x000000000800073c       0x3c Core/Src/commands.o
                0x000000000800073c                dummy
 .text.Erase_Flash
                0x0000000008000778       0x68 Core/Src/flash_if.o
                0x0000000008000778                Erase_Flash
 .text.Write_To_Flash
                0x00000000080007e0       0xa0 Core/Src/flash_if.o
                0x00000000080007e0                Write_To_Flash
 .text.SetupBootAddress
                0x0000000008000880       0x64 Core/Src/flash_if.o
                0x0000000008000880                SetupBootAddress
 .text.ImageThereorNot
                0x00000000080008e4       0x30 Core/Src/flash_if.o
                0x00000000080008e4                ImageThereorNot
 .text.__io_putchar
                0x0000000008000914       0x24 Core/Src/main.o
                0x0000000008000914                __io_putchar
 .text.main     0x0000000008000938       0x68 Core/Src/main.o
                0x0000000008000938                main
 .text.SystemClock_Config
                0x00000000080009a0       0x84 Core/Src/main.o
                0x00000000080009a0                SystemClock_Config
 .text.MX_USART3_UART_Init
                0x0000000008000a24       0x60 Core/Src/main.o
 .text.MX_GPIO_Init
                0x0000000008000a84      0x154 Core/Src/main.o
 .text.USBEventHandler
                0x0000000008000bd8       0x80 Core/Src/main.o
 .text.Error_Handler
                0x0000000008000c58        0xe Core/Src/main.o
                0x0000000008000c58                Error_Handler
 *fill*         0x0000000008000c66        0x2 
 .text.HAL_MspInit
                0x0000000008000c68       0x48 Core/Src/stm32f7xx_hal_msp.o
                0x0000000008000c68                HAL_MspInit
 .text.HAL_UART_MspInit
                0x0000000008000cb0       0x88 Core/Src/stm32f7xx_hal_msp.o
                0x0000000008000cb0                HAL_UART_MspInit
 .text.NMI_Handler
                0x0000000008000d38        0xe Core/Src/stm32f7xx_it.o
                0x0000000008000d38                NMI_Handler
 .text.HardFault_Handler
                0x0000000008000d46        0x6 Core/Src/stm32f7xx_it.o
                0x0000000008000d46                HardFault_Handler
 .text.MemManage_Handler
                0x0000000008000d4c        0x6 Core/Src/stm32f7xx_it.o
                0x0000000008000d4c                MemManage_Handler
 .text.BusFault_Handler
                0x0000000008000d52        0x6 Core/Src/stm32f7xx_it.o
                0x0000000008000d52                BusFault_Handler
 .text.UsageFault_Handler
                0x0000000008000d58        0x6 Core/Src/stm32f7xx_it.o
                0x0000000008000d58                UsageFault_Handler
 .text.SVC_Handler
                0x0000000008000d5e        0xe Core/Src/stm32f7xx_it.o
                0x0000000008000d5e                SVC_Handler
 .text.DebugMon_Handler
                0x0000000008000d6c        0xe Core/Src/stm32f7xx_it.o
                0x0000000008000d6c                DebugMon_Handler
 .text.PendSV_Handler
                0x0000000008000d7a        0xe Core/Src/stm32f7xx_it.o
                0x0000000008000d7a                PendSV_Handler
 .text.SysTick_Handler
                0x0000000008000d88       0x38 Core/Src/stm32f7xx_it.o
                0x0000000008000d88                SysTick_Handler
 .text.OTG_FS_IRQHandler
                0x0000000008000dc0       0x14 Core/Src/stm32f7xx_it.o
                0x0000000008000dc0                OTG_FS_IRQHandler
 .text.EXTI15_10_IRQHandler
                0x0000000008000dd4       0x10 Core/Src/stm32f7xx_it.o
                0x0000000008000dd4                EXTI15_10_IRQHandler
 .text._read    0x0000000008000de4       0x3a Core/Src/syscalls.o
                0x0000000008000de4                _read
 .text._write   0x0000000008000e1e       0x38 Core/Src/syscalls.o
                0x0000000008000e1e                _write
 .text._close   0x0000000008000e56       0x18 Core/Src/syscalls.o
                0x0000000008000e56                _close
 .text._fstat   0x0000000008000e6e       0x20 Core/Src/syscalls.o
                0x0000000008000e6e                _fstat
 .text._isatty  0x0000000008000e8e       0x16 Core/Src/syscalls.o
                0x0000000008000e8e                _isatty
 .text._lseek   0x0000000008000ea4       0x1a Core/Src/syscalls.o
                0x0000000008000ea4                _lseek
 *fill*         0x0000000008000ebe        0x2 
 .text._sbrk    0x0000000008000ec0       0x6c Core/Src/sysmem.o
                0x0000000008000ec0                _sbrk
 .text.SystemInit
                0x0000000008000f2c       0x2c Core/Src/system_stm32f7xx.o
                0x0000000008000f2c                SystemInit
 .text.Reset_Handler
                0x0000000008000f58       0x50 Core/Startup/startup_stm32f767zitx.o
                0x0000000008000f58                Reset_Handler
 .text.Default_Handler
                0x0000000008000fa8        0x2 Core/Startup/startup_stm32f767zitx.o
                0x0000000008000fa8                RTC_Alarm_IRQHandler
                0x0000000008000fa8                EXTI2_IRQHandler
                0x0000000008000fa8                TIM8_CC_IRQHandler
                0x0000000008000fa8                UART8_IRQHandler
                0x0000000008000fa8                SPI4_IRQHandler
                0x0000000008000fa8                TIM1_CC_IRQHandler
                0x0000000008000fa8                DMA2_Stream5_IRQHandler
                0x0000000008000fa8                JPEG_IRQHandler
                0x0000000008000fa8                DMA1_Stream5_IRQHandler
                0x0000000008000fa8                CAN3_RX1_IRQHandler
                0x0000000008000fa8                PVD_IRQHandler
                0x0000000008000fa8                TAMP_STAMP_IRQHandler
                0x0000000008000fa8                CAN2_RX1_IRQHandler
                0x0000000008000fa8                EXTI3_IRQHandler
                0x0000000008000fa8                TIM8_TRG_COM_TIM14_IRQHandler
                0x0000000008000fa8                DFSDM1_FLT1_IRQHandler
                0x0000000008000fa8                TIM1_UP_TIM10_IRQHandler
                0x0000000008000fa8                TIM8_UP_TIM13_IRQHandler
                0x0000000008000fa8                I2C3_ER_IRQHandler
                0x0000000008000fa8                DFSDM1_FLT2_IRQHandler
                0x0000000008000fa8                EXTI0_IRQHandler
                0x0000000008000fa8                I2C2_EV_IRQHandler
                0x0000000008000fa8                DMA1_Stream2_IRQHandler
                0x0000000008000fa8                CAN1_RX0_IRQHandler
                0x0000000008000fa8                FPU_IRQHandler
                0x0000000008000fa8                OTG_HS_WKUP_IRQHandler
                0x0000000008000fa8                CAN3_SCE_IRQHandler
                0x0000000008000fa8                LTDC_ER_IRQHandler
                0x0000000008000fa8                CAN2_SCE_IRQHandler
                0x0000000008000fa8                DMA2_Stream2_IRQHandler
                0x0000000008000fa8                SPI1_IRQHandler
                0x0000000008000fa8                TIM6_DAC_IRQHandler
                0x0000000008000fa8                TIM1_BRK_TIM9_IRQHandler
                0x0000000008000fa8                DCMI_IRQHandler
                0x0000000008000fa8                CAN2_RX0_IRQHandler
                0x0000000008000fa8                DMA2_Stream3_IRQHandler
                0x0000000008000fa8                SAI2_IRQHandler
                0x0000000008000fa8                DFSDM1_FLT3_IRQHandler
                0x0000000008000fa8                USART6_IRQHandler
                0x0000000008000fa8                CAN3_RX0_IRQHandler
                0x0000000008000fa8                USART3_IRQHandler
                0x0000000008000fa8                CAN1_RX1_IRQHandler
                0x0000000008000fa8                UART5_IRQHandler
                0x0000000008000fa8                DMA2_Stream0_IRQHandler
                0x0000000008000fa8                TIM4_IRQHandler
                0x0000000008000fa8                QUADSPI_IRQHandler
                0x0000000008000fa8                I2C1_EV_IRQHandler
                0x0000000008000fa8                DMA1_Stream6_IRQHandler
                0x0000000008000fa8                DMA1_Stream1_IRQHandler
                0x0000000008000fa8                UART4_IRQHandler
                0x0000000008000fa8                TIM3_IRQHandler
                0x0000000008000fa8                RCC_IRQHandler
                0x0000000008000fa8                TIM8_BRK_TIM12_IRQHandler
                0x0000000008000fa8                Default_Handler
                0x0000000008000fa8                CEC_IRQHandler
                0x0000000008000fa8                ADC_IRQHandler
                0x0000000008000fa8                DMA1_Stream7_IRQHandler
                0x0000000008000fa8                SPI5_IRQHandler
                0x0000000008000fa8                TIM7_IRQHandler
                0x0000000008000fa8                SDMMC1_IRQHandler
                0x0000000008000fa8                CAN2_TX_IRQHandler
                0x0000000008000fa8                TIM5_IRQHandler
                0x0000000008000fa8                DMA2_Stream7_IRQHandler
                0x0000000008000fa8                I2C3_EV_IRQHandler
                0x0000000008000fa8                EXTI9_5_IRQHandler
                0x0000000008000fa8                RTC_WKUP_IRQHandler
                0x0000000008000fa8                LTDC_IRQHandler
                0x0000000008000fa8                ETH_WKUP_IRQHandler
                0x0000000008000fa8                SPDIF_RX_IRQHandler
                0x0000000008000fa8                SPI2_IRQHandler
                0x0000000008000fa8                OTG_HS_EP1_IN_IRQHandler
                0x0000000008000fa8                DMA1_Stream0_IRQHandler
                0x0000000008000fa8                CAN1_TX_IRQHandler
                0x0000000008000fa8                EXTI4_IRQHandler
                0x0000000008000fa8                RNG_IRQHandler
                0x0000000008000fa8                ETH_IRQHandler
                0x0000000008000fa8                OTG_HS_EP1_OUT_IRQHandler
                0x0000000008000fa8                WWDG_IRQHandler
                0x0000000008000fa8                SPI6_IRQHandler
                0x0000000008000fa8                MDIOS_IRQHandler
                0x0000000008000fa8                I2C4_EV_IRQHandler
                0x0000000008000fa8                CAN3_TX_IRQHandler
                0x0000000008000fa8                TIM2_IRQHandler
                0x0000000008000fa8                OTG_FS_WKUP_IRQHandler
                0x0000000008000fa8                TIM1_TRG_COM_TIM11_IRQHandler
                0x0000000008000fa8                OTG_HS_IRQHandler
                0x0000000008000fa8                DMA2D_IRQHandler
                0x0000000008000fa8                EXTI1_IRQHandler
                0x0000000008000fa8                SDMMC2_IRQHandler
                0x0000000008000fa8                UART7_IRQHandler
                0x0000000008000fa8                USART2_IRQHandler
                0x0000000008000fa8                DFSDM1_FLT0_IRQHandler
                0x0000000008000fa8                I2C2_ER_IRQHandler
                0x0000000008000fa8                DMA2_Stream1_IRQHandler
                0x0000000008000fa8                CAN1_SCE_IRQHandler
                0x0000000008000fa8                FLASH_IRQHandler
                0x0000000008000fa8                DMA2_Stream4_IRQHandler
                0x0000000008000fa8                USART1_IRQHandler
                0x0000000008000fa8                SPI3_IRQHandler
                0x0000000008000fa8                DMA1_Stream4_IRQHandler
                0x0000000008000fa8                I2C1_ER_IRQHandler
                0x0000000008000fa8                FMC_IRQHandler
                0x0000000008000fa8                LPTIM1_IRQHandler
                0x0000000008000fa8                I2C4_ER_IRQHandler
                0x0000000008000fa8                DMA2_Stream6_IRQHandler
                0x0000000008000fa8                SAI1_IRQHandler
                0x0000000008000fa8                DMA1_Stream3_IRQHandler
 .text.HAL_Init
                0x0000000008000faa       0x1a Drivers/STM32F7xx_HAL_Driver/Src/stm32f7xx_hal.o
                0x0000000008000faa                HAL_Init
 .text.HAL_InitTick
                0x0000000008000fc4       0x60 Drivers/STM32F7xx_HAL_Driver/Src/stm32f7xx_hal.o
                0x0000000008000fc4                HAL_InitTick
 .text.HAL_IncTick
                0x0000000008001024       0x28 Drivers/STM32F7xx_HAL_Driver/Src/stm32f7xx_hal.o
                0x0000000008001024                HAL_IncTick
 .text.HAL_GetTick
                0x000000000800104c       0x18 Drivers/STM32F7xx_HAL_Driver/Src/stm32f7xx_hal.o
                0x000000000800104c                HAL_GetTick
 .text.HAL_Delay
                0x0000000008001064       0x44 Drivers/STM32F7xx_HAL_Driver/Src/stm32f7xx_hal.o
                0x0000000008001064                HAL_Delay
 .text.__NVIC_SetPriorityGrouping
                0x00000000080010a8       0x48 Drivers/STM32F7xx_HAL_Driver/Src/stm32f7xx_hal_cortex.o
 .text.__NVIC_GetPriorityGrouping
                0x00000000080010f0       0x1c Drivers/STM32F7xx_HAL_Driver/Src/stm32f7xx_hal_cortex.o
 .text.__NVIC_EnableIRQ
                0x000000000800110c       0x3c Drivers/STM32F7xx_HAL_Driver/Src/stm32f7xx_hal_cortex.o
 .text.__NVIC_SetPriority
                0x0000000008001148       0x54 Drivers/STM32F7xx_HAL_Driver/Src/stm32f7xx_hal_cortex.o
 .text.NVIC_EncodePriority
                0x000000000800119c       0x66 Drivers/STM32F7xx_HAL_Driver/Src/stm32f7xx_hal_cortex.o
 *fill*         0x0000000008001202        0x2 
 .text.SysTick_Config
                0x0000000008001204       0x44 Drivers/STM32F7xx_HAL_Driver/Src/stm32f7xx_hal_cortex.o
 .text.HAL_NVIC_SetPriorityGrouping
                0x0000000008001248       0x16 Drivers/STM32F7xx_HAL_Driver/Src/stm32f7xx_hal_cortex.o
                0x0000000008001248                HAL_NVIC_SetPriorityGrouping
 .text.HAL_NVIC_SetPriority
                0x000000000800125e       0x38 Drivers/STM32F7xx_HAL_Driver/Src/stm32f7xx_hal_cortex.o
                0x000000000800125e                HAL_NVIC_SetPriority
 .text.HAL_NVIC_EnableIRQ
                0x0000000008001296       0x1c Drivers/STM32F7xx_HAL_Driver/Src/stm32f7xx_hal_cortex.o
                0x0000000008001296                HAL_NVIC_EnableIRQ
 .text.HAL_SYSTICK_Config
                0x00000000080012b2       0x18 Drivers/STM32F7xx_HAL_Driver/Src/stm32f7xx_hal_cortex.o
                0x00000000080012b2                HAL_SYSTICK_Config
 *fill*         0x00000000080012ca        0x2 
 .text.HAL_FLASH_Program
                0x00000000080012cc       0xb8 Drivers/STM32F7xx_HAL_Driver/Src/stm32f7xx_hal_flash.o
                0x00000000080012cc                HAL_FLASH_Program
 .text.HAL_FLASH_Unlock
                0x0000000008001384       0x44 Drivers/STM32F7xx_HAL_Driver/Src/stm32f7xx_hal_flash.o
                0x0000000008001384                HAL_FLASH_Unlock
 .text.HAL_FLASH_Lock
                0x00000000080013c8       0x20 Drivers/STM32F7xx_HAL_Driver/Src/stm32f7xx_hal_flash.o
                0x00000000080013c8                HAL_FLASH_Lock
 .text.HAL_FLASH_OB_Unlock
                0x00000000080013e8       0x38 Drivers/STM32F7xx_HAL_Driver/Src/stm32f7xx_hal_flash.o
                0x00000000080013e8                HAL_FLASH_OB_Unlock
 .text.HAL_FLASH_OB_Lock
                0x0000000008001420       0x20 Drivers/STM32F7xx_HAL_Driver/Src/stm32f7xx_hal_flash.o
                0x0000000008001420                HAL_FLASH_OB_Lock
 .text.HAL_FLASH_OB_Launch
                0x0000000008001440       0x24 Drivers/STM32F7xx_HAL_Driver/Src/stm32f7xx_hal_flash.o
                0x0000000008001440                HAL_FLASH_OB_Launch
 .text.FLASH_WaitForLastOperation
                0x0000000008001464       0x80 Drivers/STM32F7xx_HAL_Driver/Src/stm32f7xx_hal_flash.o
                0x0000000008001464                FLASH_WaitForLastOperation
 .text.FLASH_Program_DoubleWord
                0x00000000080014e4       0x60 Drivers/STM32F7xx_HAL_Driver/Src/stm32f7xx_hal_flash.o
 .text.FLASH_Program_Word
                0x0000000008001544       0x48 Drivers/STM32F7xx_HAL_Driver/Src/stm32f7xx_hal_flash.o
 .text.FLASH_Program_HalfWord
                0x000000000800158c       0x4c Drivers/STM32F7xx_HAL_Driver/Src/stm32f7xx_hal_flash.o
 .text.FLASH_Program_Byte
                0x00000000080015d8       0x48 Drivers/STM32F7xx_HAL_Driver/Src/stm32f7xx_hal_flash.o
 .text.FLASH_SetErrorCode
                0x0000000008001620       0x94 Drivers/STM32F7xx_HAL_Driver/Src/stm32f7xx_hal_flash.o
 .text.HAL_FLASHEx_Erase
                0x00000000080016b4       0xe0 Drivers/STM32F7xx_HAL_Driver/Src/stm32f7xx_hal_flash_ex.o
                0x00000000080016b4                HAL_FLASHEx_Erase
 .text.HAL_FLASHEx_OBProgram
                0x0000000008001794      0x138 Drivers/STM32F7xx_HAL_Driver/Src/stm32f7xx_hal_flash_ex.o
                0x0000000008001794                HAL_FLASHEx_OBProgram
 .text.HAL_FLASHEx_OBGetConfig
                0x00000000080018cc       0x58 Drivers/STM32F7xx_HAL_Driver/Src/stm32f7xx_hal_flash_ex.o
                0x00000000080018cc                HAL_FLASHEx_OBGetConfig
 .text.FLASH_MassErase
                0x0000000008001924       0x74 Drivers/STM32F7xx_HAL_Driver/Src/stm32f7xx_hal_flash_ex.o
 .text.FLASH_Erase_Sector
                0x0000000008001998       0xa0 Drivers/STM32F7xx_HAL_Driver/Src/stm32f7xx_hal_flash_ex.o
                0x0000000008001998                FLASH_Erase_Sector
 .text.FLASH_OB_GetWRP
                0x0000000008001a38       0x20 Drivers/STM32F7xx_HAL_Driver/Src/stm32f7xx_hal_flash_ex.o
 .text.FLASH_OB_UserConfig
                0x0000000008001a58       0x74 Drivers/STM32F7xx_HAL_Driver/Src/stm32f7xx_hal_flash_ex.o
 .text.FLASH_OB_GetUser
                0x0000000008001acc       0x20 Drivers/STM32F7xx_HAL_Driver/Src/stm32f7xx_hal_flash_ex.o
 .text.FLASH_OB_EnableWRP
                0x0000000008001aec       0x3c Drivers/STM32F7xx_HAL_Driver/Src/stm32f7xx_hal_flash_ex.o
 .text.FLASH_OB_DisableWRP
                0x0000000008001b28       0x38 Drivers/STM32F7xx_HAL_Driver/Src/stm32f7xx_hal_flash_ex.o
 .text.FLASH_OB_RDP_LevelConfig
                0x0000000008001b60       0x34 Drivers/STM32F7xx_HAL_Driver/Src/stm32f7xx_hal_flash_ex.o
 .text.FLASH_OB_BOR_LevelConfig
                0x0000000008001b94       0x2c Drivers/STM32F7xx_HAL_Driver/Src/stm32f7xx_hal_flash_ex.o
 .text.FLASH_OB_BootAddressConfig
                0x0000000008001bc0       0x5c Drivers/STM32F7xx_HAL_Driver/Src/stm32f7xx_hal_flash_ex.o
 .text.FLASH_OB_GetRDP
                0x0000000008001c1c       0x40 Drivers/STM32F7xx_HAL_Driver/Src/stm32f7xx_hal_flash_ex.o
 .text.FLASH_OB_GetBOR
                0x0000000008001c5c       0x1c Drivers/STM32F7xx_HAL_Driver/Src/stm32f7xx_hal_flash_ex.o
 .text.FLASH_OB_GetBootAddress
                0x0000000008001c78       0x38 Drivers/STM32F7xx_HAL_Driver/Src/stm32f7xx_hal_flash_ex.o
 .text.HAL_GPIO_Init
                0x0000000008001cb0      0x354 Drivers/STM32F7xx_HAL_Driver/Src/stm32f7xx_hal_gpio.o
                0x0000000008001cb0                HAL_GPIO_Init
 .text.HAL_GPIO_WritePin
                0x0000000008002004       0x32 Drivers/STM32F7xx_HAL_Driver/Src/stm32f7xx_hal_gpio.o
                0x0000000008002004                HAL_GPIO_WritePin
 *fill*         0x0000000008002036        0x2 
 .text.HAL_GPIO_EXTI_IRQHandler
                0x0000000008002038       0x30 Drivers/STM32F7xx_HAL_Driver/Src/stm32f7xx_hal_gpio.o
                0x0000000008002038                HAL_GPIO_EXTI_IRQHandler
 .text.HAL_GPIO_EXTI_Callback
                0x0000000008002068       0x16 Drivers/STM32F7xx_HAL_Driver/Src/stm32f7xx_hal_gpio.o
                0x0000000008002068                HAL_GPIO_EXTI_Callback
 .text.HAL_HCD_Init
                0x000000000800207e       0xc4 Drivers/STM32F7xx_HAL_Driver/Src/stm32f7xx_hal_hcd.o
                0x000000000800207e                HAL_HCD_Init
 .text.HAL_HCD_HC_Init
                0x0000000008002142      0x130 Drivers/STM32F7xx_HAL_Driver/Src/stm32f7xx_hal_hcd.o
                0x0000000008002142                HAL_HCD_HC_Init
 .text.HAL_HCD_HC_Halt
                0x0000000008002272       0x46 Drivers/STM32F7xx_HAL_Driver/Src/stm32f7xx_hal_hcd.o
                0x0000000008002272                HAL_HCD_HC_Halt
 .text.HAL_HCD_HC_SubmitRequest
                0x00000000080022b8      0x2e4 Drivers/STM32F7xx_HAL_Driver/Src/stm32f7xx_hal_hcd.o
                0x00000000080022b8                HAL_HCD_HC_SubmitRequest
 .text.HAL_HCD_IRQHandler
                0x000000000800259c      0x208 Drivers/STM32F7xx_HAL_Driver/Src/stm32f7xx_hal_hcd.o
                0x000000000800259c                HAL_HCD_IRQHandler
 .text.HAL_HCD_Start
                0x00000000080027a4       0x46 Drivers/STM32F7xx_HAL_Driver/Src/stm32f7xx_hal_hcd.o
                0x00000000080027a4                HAL_HCD_Start
 .text.HAL_HCD_Stop
                0x00000000080027ea       0x3a Drivers/STM32F7xx_HAL_Driver/Src/stm32f7xx_hal_hcd.o
                0x00000000080027ea                HAL_HCD_Stop
 .text.HAL_HCD_ResetPort
                0x0000000008002824       0x1c Drivers/STM32F7xx_HAL_Driver/Src/stm32f7xx_hal_hcd.o
                0x0000000008002824                HAL_HCD_ResetPort
 .text.HAL_HCD_HC_GetURBState
                0x0000000008002840       0x2a Drivers/STM32F7xx_HAL_Driver/Src/stm32f7xx_hal_hcd.o
                0x0000000008002840                HAL_HCD_HC_GetURBState
 .text.HAL_HCD_HC_GetXferCount
                0x000000000800286a       0x2a Drivers/STM32F7xx_HAL_Driver/Src/stm32f7xx_hal_hcd.o
                0x000000000800286a                HAL_HCD_HC_GetXferCount
 .text.HAL_HCD_GetCurrentFrame
                0x0000000008002894       0x1c Drivers/STM32F7xx_HAL_Driver/Src/stm32f7xx_hal_hcd.o
                0x0000000008002894                HAL_HCD_GetCurrentFrame
 .text.HAL_HCD_GetCurrentSpeed
                0x00000000080028b0       0x1c Drivers/STM32F7xx_HAL_Driver/Src/stm32f7xx_hal_hcd.o
                0x00000000080028b0                HAL_HCD_GetCurrentSpeed
 .text.HCD_HC_IN_IRQHandler
                0x00000000080028cc      0x86a Drivers/STM32F7xx_HAL_Driver/Src/stm32f7xx_hal_hcd.o
 .text.HCD_HC_OUT_IRQHandler
                0x0000000008003136      0x6ea Drivers/STM32F7xx_HAL_Driver/Src/stm32f7xx_hal_hcd.o
 .text.HCD_RXQLVL_IRQHandler
                0x0000000008003820      0x158 Drivers/STM32F7xx_HAL_Driver/Src/stm32f7xx_hal_hcd.o
 .text.HCD_Port_IRQHandler
                0x0000000008003978       0xe6 Drivers/STM32F7xx_HAL_Driver/Src/stm32f7xx_hal_hcd.o
 *fill*         0x0000000008003a5e        0x2 
 .text.HAL_PWREx_EnableOverDrive
                0x0000000008003a60       0xa0 Drivers/STM32F7xx_HAL_Driver/Src/stm32f7xx_hal_pwr_ex.o
                0x0000000008003a60                HAL_PWREx_EnableOverDrive
 .text.HAL_RCC_DeInit
                0x0000000008003b00      0x1c0 Drivers/STM32F7xx_HAL_Driver/Src/stm32f7xx_hal_rcc.o
                0x0000000008003b00                HAL_RCC_DeInit
 .text.HAL_RCC_OscConfig
                0x0000000008003cc0      0x55c Drivers/STM32F7xx_HAL_Driver/Src/stm32f7xx_hal_rcc.o
                0x0000000008003cc0                HAL_RCC_OscConfig
 .text.HAL_RCC_ClockConfig
                0x000000000800421c      0x1d8 Drivers/STM32F7xx_HAL_Driver/Src/stm32f7xx_hal_rcc.o
                0x000000000800421c                HAL_RCC_ClockConfig
 .text.HAL_RCC_GetSysClockFreq
                0x00000000080043f4      0x1b0 Drivers/STM32F7xx_HAL_Driver/Src/stm32f7xx_hal_rcc.o
                0x00000000080043f4                HAL_RCC_GetSysClockFreq
 .text.HAL_RCC_GetHCLKFreq
                0x00000000080045a4       0x18 Drivers/STM32F7xx_HAL_Driver/Src/stm32f7xx_hal_rcc.o
                0x00000000080045a4                HAL_RCC_GetHCLKFreq
 .text.HAL_RCC_GetPCLK1Freq
                0x00000000080045bc       0x28 Drivers/STM32F7xx_HAL_Driver/Src/stm32f7xx_hal_rcc.o
                0x00000000080045bc                HAL_RCC_GetPCLK1Freq
 .text.HAL_RCC_GetPCLK2Freq
                0x00000000080045e4       0x28 Drivers/STM32F7xx_HAL_Driver/Src/stm32f7xx_hal_rcc.o
                0x00000000080045e4                HAL_RCC_GetPCLK2Freq
 .text.HAL_UART_Init
                0x000000000800460c       0x9c Drivers/STM32F7xx_HAL_Driver/Src/stm32f7xx_hal_uart.o
                0x000000000800460c                HAL_UART_Init
 .text.HAL_UART_Transmit
                0x00000000080046a8      0x122 Drivers/STM32F7xx_HAL_Driver/Src/stm32f7xx_hal_uart.o
                0x00000000080046a8                HAL_UART_Transmit
 *fill*         0x00000000080047ca        0x2 
 .text.UART_SetConfig
                0x00000000080047cc      0x554 Drivers/STM32F7xx_HAL_Driver/Src/stm32f7xx_hal_uart.o
                0x00000000080047cc                UART_SetConfig
 .text.UART_AdvFeatureConfig
                0x0000000008004d20      0x144 Drivers/STM32F7xx_HAL_Driver/Src/stm32f7xx_hal_uart.o
                0x0000000008004d20                UART_AdvFeatureConfig
 .text.UART_CheckIdleState
                0x0000000008004e64       0x8a Drivers/STM32F7xx_HAL_Driver/Src/stm32f7xx_hal_uart.o
                0x0000000008004e64                UART_CheckIdleState
 .text.UART_WaitOnFlagUntilTimeout
                0x0000000008004eee       0xf6 Drivers/STM32F7xx_HAL_Driver/Src/stm32f7xx_hal_uart.o
                0x0000000008004eee                UART_WaitOnFlagUntilTimeout
 .text.USB_CoreInit
                0x0000000008004fe4       0xb0 Drivers/STM32F7xx_HAL_Driver/Src/stm32f7xx_ll_usb.o
                0x0000000008004fe4                USB_CoreInit
 .text.USB_EnableGlobalInt
                0x0000000008005094       0x22 Drivers/STM32F7xx_HAL_Driver/Src/stm32f7xx_ll_usb.o
                0x0000000008005094                USB_EnableGlobalInt
 .text.USB_DisableGlobalInt
                0x00000000080050b6       0x22 Drivers/STM32F7xx_HAL_Driver/Src/stm32f7xx_ll_usb.o
                0x00000000080050b6                USB_DisableGlobalInt
 .text.USB_SetCurrentMode
                0x00000000080050d8       0x54 Drivers/STM32F7xx_HAL_Driver/Src/stm32f7xx_ll_usb.o
                0x00000000080050d8                USB_SetCurrentMode
 .text.USB_FlushTxFifo
                0x000000000800512c       0x4c Drivers/STM32F7xx_HAL_Driver/Src/stm32f7xx_ll_usb.o
                0x000000000800512c                USB_FlushTxFifo
 .text.USB_FlushRxFifo
                0x0000000008005178       0x44 Drivers/STM32F7xx_HAL_Driver/Src/stm32f7xx_ll_usb.o
                0x0000000008005178                USB_FlushRxFifo
 .text.USB_WritePacket
                0x00000000080051bc       0x6a Drivers/STM32F7xx_HAL_Driver/Src/stm32f7xx_ll_usb.o
                0x00000000080051bc                USB_WritePacket
 .text.USB_ReadPacket
                0x0000000008005226       0x52 Drivers/STM32F7xx_HAL_Driver/Src/stm32f7xx_ll_usb.o
                0x0000000008005226                USB_ReadPacket
 .text.USB_ReadInterrupts
                0x0000000008005278       0x26 Drivers/STM32F7xx_HAL_Driver/Src/stm32f7xx_ll_usb.o
                0x0000000008005278                USB_ReadInterrupts
 .text.USB_GetMode
                0x000000000800529e       0x1c Drivers/STM32F7xx_HAL_Driver/Src/stm32f7xx_ll_usb.o
                0x000000000800529e                USB_GetMode
 *fill*         0x00000000080052ba        0x2 
 .text.USB_CoreReset
                0x00000000080052bc       0x68 Drivers/STM32F7xx_HAL_Driver/Src/stm32f7xx_ll_usb.o
 .text.USB_HostInit
                0x0000000008005324      0x160 Drivers/STM32F7xx_HAL_Driver/Src/stm32f7xx_ll_usb.o
                0x0000000008005324                USB_HostInit
 .text.USB_InitFSLSPClkSel
                0x0000000008005484       0x74 Drivers/STM32F7xx_HAL_Driver/Src/stm32f7xx_ll_usb.o
                0x0000000008005484                USB_InitFSLSPClkSel
 .text.USB_ResetPort
                0x00000000080054f8       0x54 Drivers/STM32F7xx_HAL_Driver/Src/stm32f7xx_ll_usb.o
                0x00000000080054f8                USB_ResetPort
 .text.USB_DriveVbus
                0x000000000800554c       0x72 Drivers/STM32F7xx_HAL_Driver/Src/stm32f7xx_ll_usb.o
                0x000000000800554c                USB_DriveVbus
 .text.USB_GetHostSpeed
                0x00000000080055be       0x2e Drivers/STM32F7xx_HAL_Driver/Src/stm32f7xx_ll_usb.o
                0x00000000080055be                USB_GetHostSpeed
 .text.USB_GetCurrentFrame
                0x00000000080055ec       0x22 Drivers/STM32F7xx_HAL_Driver/Src/stm32f7xx_ll_usb.o
                0x00000000080055ec                USB_GetCurrentFrame
 *fill*         0x000000000800560e        0x2 
 .text.USB_HC_Init
                0x0000000008005610      0x214 Drivers/STM32F7xx_HAL_Driver/Src/stm32f7xx_ll_usb.o
                0x0000000008005610                USB_HC_Init
 .text.USB_HC_StartXfer
                0x0000000008005824      0x288 Drivers/STM32F7xx_HAL_Driver/Src/stm32f7xx_ll_usb.o
                0x0000000008005824                USB_HC_StartXfer
 .text.USB_HC_ReadInterrupt
                0x0000000008005aac       0x22 Drivers/STM32F7xx_HAL_Driver/Src/stm32f7xx_ll_usb.o
                0x0000000008005aac                USB_HC_ReadInterrupt
 .text.USB_HC_Halt
                0x0000000008005ace      0x1fe Drivers/STM32F7xx_HAL_Driver/Src/stm32f7xx_ll_usb.o
                0x0000000008005ace                USB_HC_Halt
 .text.USB_DoPing
                0x0000000008005ccc       0x78 Drivers/STM32F7xx_HAL_Driver/Src/stm32f7xx_ll_usb.o
                0x0000000008005ccc                USB_DoPing
 .text.USB_StopHost
                0x0000000008005d44      0x10c Drivers/STM32F7xx_HAL_Driver/Src/stm32f7xx_ll_usb.o
                0x0000000008005d44                USB_StopHost
 .text.MX_FATFS_Init
                0x0000000008005e50       0x24 FATFS/App/fatfs.o
                0x0000000008005e50                MX_FATFS_Init
 .text.get_fattime
                0x0000000008005e74       0x10 FATFS/App/fatfs.o
                0x0000000008005e74                get_fattime
 .text.USBH_initialize
                0x0000000008005e84       0x18 FATFS/Target/usbh_diskio.o
                0x0000000008005e84                USBH_initialize
 .text.USBH_status
                0x0000000008005e9c       0x38 FATFS/Target/usbh_diskio.o
                0x0000000008005e9c                USBH_status
 .text.USBH_read
                0x0000000008005ed4       0x70 FATFS/Target/usbh_diskio.o
                0x0000000008005ed4                USBH_read
 .text.USBH_write
                0x0000000008005f44       0x84 FATFS/Target/usbh_diskio.o
                0x0000000008005f44                USBH_write
 .text.USBH_ioctl
                0x0000000008005fc8       0xd8 FATFS/Target/usbh_diskio.o
                0x0000000008005fc8                USBH_ioctl
 .text.USBH_MSC_InterfaceInit
                0x00000000080060a0      0x216 Middlewares/ST/STM32_USB_Host_Library/Class/MSC/Src/usbh_msc.o
 .text.USBH_MSC_InterfaceDeInit
                0x00000000080062b6       0x8c Middlewares/ST/STM32_USB_Host_Library/Class/MSC/Src/usbh_msc.o
 .text.USBH_MSC_ClassRequest
                0x0000000008006342       0xc8 Middlewares/ST/STM32_USB_Host_Library/Class/MSC/Src/usbh_msc.o
 *fill*         0x000000000800640a        0x2 
 .text.USBH_MSC_Process
                0x000000000800640c      0x520 Middlewares/ST/STM32_USB_Host_Library/Class/MSC/Src/usbh_msc.o
 .text.USBH_MSC_SOFProcess
                0x000000000800692c       0x16 Middlewares/ST/STM32_USB_Host_Library/Class/MSC/Src/usbh_msc.o
 .text.USBH_MSC_RdWrProcess
                0x0000000008006942      0x194 Middlewares/ST/STM32_USB_Host_Library/Class/MSC/Src/usbh_msc.o
 .text.USBH_MSC_UnitIsReady
                0x0000000008006ad6       0x4c Middlewares/ST/STM32_USB_Host_Library/Class/MSC/Src/usbh_msc.o
                0x0000000008006ad6                USBH_MSC_UnitIsReady
 .text.USBH_MSC_GetLUNInfo
                0x0000000008006b22       0x48 Middlewares/ST/STM32_USB_Host_Library/Class/MSC/Src/usbh_msc.o
                0x0000000008006b22                USBH_MSC_GetLUNInfo
 .text.USBH_MSC_Read
                0x0000000008006b6a       0xd2 Middlewares/ST/STM32_USB_Host_Library/Class/MSC/Src/usbh_msc.o
                0x0000000008006b6a                USBH_MSC_Read
 .text.USBH_MSC_Write
                0x0000000008006c3c       0xd2 Middlewares/ST/STM32_USB_Host_Library/Class/MSC/Src/usbh_msc.o
                0x0000000008006c3c                USBH_MSC_Write
 .text.USBH_MSC_BOT_REQ_Reset
                0x0000000008006d0e       0x3a Middlewares/ST/STM32_USB_Host_Library/Class/MSC/Src/usbh_msc_bot.o
                0x0000000008006d0e                USBH_MSC_BOT_REQ_Reset
 .text.USBH_MSC_BOT_REQ_GetMaxLUN
                0x0000000008006d48       0x3c Middlewares/ST/STM32_USB_Host_Library/Class/MSC/Src/usbh_msc_bot.o
                0x0000000008006d48                USBH_MSC_BOT_REQ_GetMaxLUN
 .text.USBH_MSC_BOT_Init
                0x0000000008006d84       0x44 Middlewares/ST/STM32_USB_Host_Library/Class/MSC/Src/usbh_msc_bot.o
                0x0000000008006d84                USBH_MSC_BOT_Init
 .text.USBH_MSC_BOT_Process
                0x0000000008006dc8      0x3a4 Middlewares/ST/STM32_USB_Host_Library/Class/MSC/Src/usbh_msc_bot.o
                0x0000000008006dc8                USBH_MSC_BOT_Process
 .text.USBH_MSC_BOT_Abort
                0x000000000800716c       0x58 Middlewares/ST/STM32_USB_Host_Library/Class/MSC/Src/usbh_msc_bot.o
 .text.USBH_MSC_DecodeCSW
                0x00000000080071c4       0x88 Middlewares/ST/STM32_USB_Host_Library/Class/MSC/Src/usbh_msc_bot.o
 .text.USBH_MSC_SCSI_TestUnitReady
                0x000000000800724c       0x86 Middlewares/ST/STM32_USB_Host_Library/Class/MSC/Src/usbh_msc_scsi.o
                0x000000000800724c                USBH_MSC_SCSI_TestUnitReady
 .text.USBH_MSC_SCSI_ReadCapacity
                0x00000000080072d2       0xf6 Middlewares/ST/STM32_USB_Host_Library/Class/MSC/Src/usbh_msc_scsi.o
                0x00000000080072d2                USBH_MSC_SCSI_ReadCapacity
 .text.USBH_MSC_SCSI_Inquiry
                0x00000000080073c8      0x14a Middlewares/ST/STM32_USB_Host_Library/Class/MSC/Src/usbh_msc_scsi.o
                0x00000000080073c8                USBH_MSC_SCSI_Inquiry
 .text.USBH_MSC_SCSI_RequestSense
                0x0000000008007512       0xf2 Middlewares/ST/STM32_USB_Host_Library/Class/MSC/Src/usbh_msc_scsi.o
                0x0000000008007512                USBH_MSC_SCSI_RequestSense
 .text.USBH_MSC_SCSI_Write
                0x0000000008007604       0xd6 Middlewares/ST/STM32_USB_Host_Library/Class/MSC/Src/usbh_msc_scsi.o
                0x0000000008007604                USBH_MSC_SCSI_Write
 .text.USBH_MSC_SCSI_Read
                0x00000000080076da       0xd6 Middlewares/ST/STM32_USB_Host_Library/Class/MSC/Src/usbh_msc_scsi.o
                0x00000000080076da                USBH_MSC_SCSI_Read
 .text.USBH_Init
                0x00000000080077b0       0x74 Middlewares/ST/STM32_USB_Host_Library/Core/Src/usbh_core.o
                0x00000000080077b0                USBH_Init
 .text.DeInitStateMachine
                0x0000000008007824       0xa8 Middlewares/ST/STM32_USB_Host_Library/Core/Src/usbh_core.o
 .text.USBH_RegisterClass
                0x00000000080078cc       0x54 Middlewares/ST/STM32_USB_Host_Library/Core/Src/usbh_core.o
                0x00000000080078cc                USBH_RegisterClass
 .text.USBH_SelectInterface
                0x0000000008007920       0x38 Middlewares/ST/STM32_USB_Host_Library/Core/Src/usbh_core.o
                0x0000000008007920                USBH_SelectInterface
 .text.USBH_FindInterface
                0x0000000008007958       0x8c Middlewares/ST/STM32_USB_Host_Library/Core/Src/usbh_core.o
                0x0000000008007958                USBH_FindInterface
 .text.USBH_Start
                0x00000000080079e4       0x20 Middlewares/ST/STM32_USB_Host_Library/Core/Src/usbh_core.o
                0x00000000080079e4                USBH_Start
 .text.USBH_Process
                0x0000000008007a04      0x3c0 Middlewares/ST/STM32_USB_Host_Library/Core/Src/usbh_core.o
                0x0000000008007a04                USBH_Process
 .text.USBH_HandleEnum
                0x0000000008007dc4      0x3c8 Middlewares/ST/STM32_USB_Host_Library/Core/Src/usbh_core.o
 .text.USBH_LL_SetTimer
                0x000000000800818c       0x1e Middlewares/ST/STM32_USB_Host_Library/Core/Src/usbh_core.o
                0x000000000800818c                USBH_LL_SetTimer
 .text.USBH_LL_IncTimer
                0x00000000080081aa       0x24 Middlewares/ST/STM32_USB_Host_Library/Core/Src/usbh_core.o
                0x00000000080081aa                USBH_LL_IncTimer
 .text.USBH_HandleSof
                0x00000000080081ce       0x30 Middlewares/ST/STM32_USB_Host_Library/Core/Src/usbh_core.o
 .text.USBH_LL_PortEnabled
                0x00000000080081fe       0x1c Middlewares/ST/STM32_USB_Host_Library/Core/Src/usbh_core.o
                0x00000000080081fe                USBH_LL_PortEnabled
 .text.USBH_LL_PortDisabled
                0x000000000800821a       0x1c Middlewares/ST/STM32_USB_Host_Library/Core/Src/usbh_core.o
                0x000000000800821a                USBH_LL_PortDisabled
 .text.USBH_LL_Connect
                0x0000000008008236       0x2e Middlewares/ST/STM32_USB_Host_Library/Core/Src/usbh_core.o
                0x0000000008008236                USBH_LL_Connect
 .text.USBH_LL_Disconnect
                0x0000000008008264       0x48 Middlewares/ST/STM32_USB_Host_Library/Core/Src/usbh_core.o
                0x0000000008008264                USBH_LL_Disconnect
 .text.USBH_Get_DevDesc
                0x00000000080082ac       0x50 Middlewares/ST/STM32_USB_Host_Library/Core/Src/usbh_ctlreq.o
                0x00000000080082ac                USBH_Get_DevDesc
 .text.USBH_Get_CfgDesc
                0x00000000080082fc       0x48 Middlewares/ST/STM32_USB_Host_Library/Core/Src/usbh_ctlreq.o
                0x00000000080082fc                USBH_Get_CfgDesc
 .text.USBH_Get_StringDesc
                0x0000000008008344       0x56 Middlewares/ST/STM32_USB_Host_Library/Core/Src/usbh_ctlreq.o
                0x0000000008008344                USBH_Get_StringDesc
 .text.USBH_GetDescriptor
                0x000000000800839a       0x6a Middlewares/ST/STM32_USB_Host_Library/Core/Src/usbh_ctlreq.o
                0x000000000800839a                USBH_GetDescriptor
 .text.USBH_SetAddress
                0x0000000008008404       0x48 Middlewares/ST/STM32_USB_Host_Library/Core/Src/usbh_ctlreq.o
                0x0000000008008404                USBH_SetAddress
 .text.USBH_SetCfg
                0x000000000800844c       0x46 Middlewares/ST/STM32_USB_Host_Library/Core/Src/usbh_ctlreq.o
                0x000000000800844c                USBH_SetCfg
 .text.USBH_SetFeature
                0x0000000008008492       0x48 Middlewares/ST/STM32_USB_Host_Library/Core/Src/usbh_ctlreq.o
                0x0000000008008492                USBH_SetFeature
 .text.USBH_ClrFeature
                0x00000000080084da       0x48 Middlewares/ST/STM32_USB_Host_Library/Core/Src/usbh_ctlreq.o
                0x00000000080084da                USBH_ClrFeature
 .text.USBH_ParseDevDesc
                0x0000000008008522       0xe0 Middlewares/ST/STM32_USB_Host_Library/Core/Src/usbh_ctlreq.o
 .text.USBH_ParseCfgDesc
                0x0000000008008602      0x144 Middlewares/ST/STM32_USB_Host_Library/Core/Src/usbh_ctlreq.o
 .text.USBH_ParseInterfaceDesc
                0x0000000008008746       0x5e Middlewares/ST/STM32_USB_Host_Library/Core/Src/usbh_ctlreq.o
 .text.USBH_ParseEPDesc
                0x00000000080087a4       0x5a Middlewares/ST/STM32_USB_Host_Library/Core/Src/usbh_ctlreq.o
 .text.USBH_ParseStringDesc
                0x00000000080087fe       0x66 Middlewares/ST/STM32_USB_Host_Library/Core/Src/usbh_ctlreq.o
 .text.USBH_GetNextDesc
                0x0000000008008864       0x36 Middlewares/ST/STM32_USB_Host_Library/Core/Src/usbh_ctlreq.o
                0x0000000008008864                USBH_GetNextDesc
 .text.USBH_CtlReq
                0x000000000800889a       0x7a Middlewares/ST/STM32_USB_Host_Library/Core/Src/usbh_ctlreq.o
                0x000000000800889a                USBH_CtlReq
 .text.USBH_HandleControl
                0x0000000008008914      0x2ec Middlewares/ST/STM32_USB_Host_Library/Core/Src/usbh_ctlreq.o
 .text.USBH_CtlSendSetup
                0x0000000008008c00       0x34 Middlewares/ST/STM32_USB_Host_Library/Core/Src/usbh_ioreq.o
                0x0000000008008c00                USBH_CtlSendSetup
 .text.USBH_CtlSendData
                0x0000000008008c34       0x4a Middlewares/ST/STM32_USB_Host_Library/Core/Src/usbh_ioreq.o
                0x0000000008008c34                USBH_CtlSendData
 .text.USBH_CtlReceiveData
                0x0000000008008c7e       0x3c Middlewares/ST/STM32_USB_Host_Library/Core/Src/usbh_ioreq.o
                0x0000000008008c7e                USBH_CtlReceiveData
 .text.USBH_BulkSendData
                0x0000000008008cba       0x4a Middlewares/ST/STM32_USB_Host_Library/Core/Src/usbh_ioreq.o
                0x0000000008008cba                USBH_BulkSendData
 .text.USBH_BulkReceiveData
                0x0000000008008d04       0x3c Middlewares/ST/STM32_USB_Host_Library/Core/Src/usbh_ioreq.o
                0x0000000008008d04                USBH_BulkReceiveData
 .text.USBH_OpenPipe
                0x0000000008008d40       0x3e Middlewares/ST/STM32_USB_Host_Library/Core/Src/usbh_pipes.o
                0x0000000008008d40                USBH_OpenPipe
 .text.USBH_ClosePipe
                0x0000000008008d7e       0x20 Middlewares/ST/STM32_USB_Host_Library/Core/Src/usbh_pipes.o
                0x0000000008008d7e                USBH_ClosePipe
 .text.USBH_AllocPipe
                0x0000000008008d9e       0x42 Middlewares/ST/STM32_USB_Host_Library/Core/Src/usbh_pipes.o
                0x0000000008008d9e                USBH_AllocPipe
 .text.USBH_FreePipe
                0x0000000008008de0       0x3c Middlewares/ST/STM32_USB_Host_Library/Core/Src/usbh_pipes.o
                0x0000000008008de0                USBH_FreePipe
 .text.USBH_GetFreePipe
                0x0000000008008e1c       0x48 Middlewares/ST/STM32_USB_Host_Library/Core/Src/usbh_pipes.o
 .text.disk_status
                0x0000000008008e64       0x34 Middlewares/Third_Party/FatFs/src/diskio.o
                0x0000000008008e64                disk_status
 .text.disk_initialize
                0x0000000008008e98       0x4c Middlewares/Third_Party/FatFs/src/diskio.o
                0x0000000008008e98                disk_initialize
 .text.disk_read
                0x0000000008008ee4       0x40 Middlewares/Third_Party/FatFs/src/diskio.o
                0x0000000008008ee4                disk_read
 .text.disk_write
                0x0000000008008f24       0x40 Middlewares/Third_Party/FatFs/src/diskio.o
                0x0000000008008f24                disk_write
 .text.disk_ioctl
                0x0000000008008f64       0x3c Middlewares/Third_Party/FatFs/src/diskio.o
                0x0000000008008f64                disk_ioctl
 .text.ld_word  0x0000000008008fa0       0x30 Middlewares/Third_Party/FatFs/src/ff.o
 .text.ld_dword
                0x0000000008008fd0       0x46 Middlewares/Third_Party/FatFs/src/ff.o
 .text.st_word  0x0000000008009016       0x36 Middlewares/Third_Party/FatFs/src/ff.o
 .text.st_dword
                0x000000000800904c       0x58 Middlewares/Third_Party/FatFs/src/ff.o
 .text.mem_cpy  0x00000000080090a4       0x42 Middlewares/Third_Party/FatFs/src/ff.o
 .text.mem_set  0x00000000080090e6       0x34 Middlewares/Third_Party/FatFs/src/ff.o
 .text.mem_cmp  0x000000000800911a       0x4e Middlewares/Third_Party/FatFs/src/ff.o
 .text.chk_chr  0x0000000008009168       0x36 Middlewares/Third_Party/FatFs/src/ff.o
 *fill*         0x000000000800919e        0x2 
 .text.chk_lock
                0x00000000080091a0       0xb8 Middlewares/Third_Party/FatFs/src/ff.o
 .text.enq_lock
                0x0000000008009258       0x44 Middlewares/Third_Party/FatFs/src/ff.o
 .text.inc_lock
                0x000000000800929c      0x11c Middlewares/Third_Party/FatFs/src/ff.o
 .text.dec_lock
                0x00000000080093b8       0x78 Middlewares/Third_Party/FatFs/src/ff.o
 .text.clear_lock
                0x0000000008009430       0x48 Middlewares/Third_Party/FatFs/src/ff.o
 .text.sync_window
                0x0000000008009478       0x88 Middlewares/Third_Party/FatFs/src/ff.o
 .text.move_window
                0x0000000008009500       0x5a Middlewares/Third_Party/FatFs/src/ff.o
 *fill*         0x000000000800955a        0x2 
 .text.sync_fs  0x000000000800955c       0xdc Middlewares/Third_Party/FatFs/src/ff.o
 .text.clust2sect
                0x0000000008009638       0x3e Middlewares/Third_Party/FatFs/src/ff.o
 .text.get_fat  0x0000000008009676      0x14a Middlewares/Third_Party/FatFs/src/ff.o
 .text.put_fat  0x00000000080097c0      0x1ce Middlewares/Third_Party/FatFs/src/ff.o
 .text.remove_chain
                0x000000000800998e       0xca Middlewares/Third_Party/FatFs/src/ff.o
 .text.create_chain
                0x0000000008009a58      0x130 Middlewares/Third_Party/FatFs/src/ff.o
 .text.clmt_clust
                0x0000000008009b88       0x68 Middlewares/Third_Party/FatFs/src/ff.o
 .text.dir_sdi  0x0000000008009bf0       0xf6 Middlewares/Third_Party/FatFs/src/ff.o
 .text.dir_next
                0x0000000008009ce6      0x18a Middlewares/Third_Party/FatFs/src/ff.o
 .text.dir_alloc
                0x0000000008009e70       0x8e Middlewares/Third_Party/FatFs/src/ff.o
 .text.ld_clust
                0x0000000008009efe       0x3e Middlewares/Third_Party/FatFs/src/ff.o
 .text.st_clust
                0x0000000008009f3c       0x40 Middlewares/Third_Party/FatFs/src/ff.o
 .text.dir_find
                0x0000000008009f7c       0xaa Middlewares/Third_Party/FatFs/src/ff.o
 .text.dir_register
                0x000000000800a026       0x64 Middlewares/Third_Party/FatFs/src/ff.o
 .text.get_fileinfo
                0x000000000800a08a       0xbe Middlewares/Third_Party/FatFs/src/ff.o
 .text.create_name
                0x000000000800a148      0x128 Middlewares/Third_Party/FatFs/src/ff.o
 .text.follow_path
                0x000000000800a270       0xe2 Middlewares/Third_Party/FatFs/src/ff.o
 .text.get_ldnumber
                0x000000000800a352       0x88 Middlewares/Third_Party/FatFs/src/ff.o
 *fill*         0x000000000800a3da        0x2 
 .text.check_fs
                0x000000000800a3dc       0xac Middlewares/Third_Party/FatFs/src/ff.o
 .text.find_volume
                0x000000000800a488      0x498 Middlewares/Third_Party/FatFs/src/ff.o
 .text.validate
                0x000000000800a920       0x6a Middlewares/Third_Party/FatFs/src/ff.o
 *fill*         0x000000000800a98a        0x2 
 .text.f_mount  0x000000000800a98c       0x8c Middlewares/Third_Party/FatFs/src/ff.o
                0x000000000800a98c                f_mount
 .text.f_open   0x000000000800aa18      0x37c Middlewares/Third_Party/FatFs/src/ff.o
                0x000000000800aa18                f_open
 .text.f_read   0x000000000800ad94      0x27e Middlewares/Third_Party/FatFs/src/ff.o
                0x000000000800ad94                f_read
 .text.f_sync   0x000000000800b012       0xfc Middlewares/Third_Party/FatFs/src/ff.o
                0x000000000800b012                f_sync
 .text.f_close  0x000000000800b10e       0x54 Middlewares/Third_Party/FatFs/src/ff.o
                0x000000000800b10e                f_close
 .text.f_stat   0x000000000800b162       0x72 Middlewares/Third_Party/FatFs/src/ff.o
                0x000000000800b162                f_stat
 .text.FATFS_LinkDriverEx
                0x000000000800b1d4       0x98 Middlewares/Third_Party/FatFs/src/ff_gen_drv.o
                0x000000000800b1d4                FATFS_LinkDriverEx
 .text.FATFS_LinkDriver
                0x000000000800b26c       0x1e Middlewares/Third_Party/FatFs/src/ff_gen_drv.o
                0x000000000800b26c                FATFS_LinkDriver
 *fill*         0x000000000800b28a        0x2 
 .text.MX_USB_HOST_Init
                0x000000000800b28c       0x4c USB_HOST/App/usb_host.o
                0x000000000800b28c                MX_USB_HOST_Init
 .text.MX_USB_HOST_Process
                0x000000000800b2d8       0x14 USB_HOST/App/usb_host.o
                0x000000000800b2d8                MX_USB_HOST_Process
 .text.USBH_UserProcess
                0x000000000800b2ec       0x5c USB_HOST/App/usb_host.o
 .text.HAL_HCD_MspInit
                0x000000000800b348       0xc8 USB_HOST/Target/usbh_conf.o
                0x000000000800b348                HAL_HCD_MspInit
 .text.HAL_HCD_SOF_Callback
                0x000000000800b410       0x1c USB_HOST/Target/usbh_conf.o
                0x000000000800b410                HAL_HCD_SOF_Callback
 .text.HAL_HCD_Connect_Callback
                0x000000000800b42c       0x1c USB_HOST/Target/usbh_conf.o
                0x000000000800b42c                HAL_HCD_Connect_Callback
 .text.HAL_HCD_Disconnect_Callback
                0x000000000800b448       0x1c USB_HOST/Target/usbh_conf.o
                0x000000000800b448                HAL_HCD_Disconnect_Callback
 .text.HAL_HCD_HC_NotifyURBChange_Callback
                0x000000000800b464       0x1c USB_HOST/Target/usbh_conf.o
                0x000000000800b464                HAL_HCD_HC_NotifyURBChange_Callback
 .text.HAL_HCD_PortEnabled_Callback
                0x000000000800b480       0x1c USB_HOST/Target/usbh_conf.o
                0x000000000800b480                HAL_HCD_PortEnabled_Callback
 .text.HAL_HCD_PortDisabled_Callback
                0x000000000800b49c       0x1c USB_HOST/Target/usbh_conf.o
                0x000000000800b49c                HAL_HCD_PortDisabled_Callback
 .text.USBH_LL_Init
                0x000000000800b4b8       0x78 USB_HOST/Target/usbh_conf.o
                0x000000000800b4b8                USBH_LL_Init
 .text.USBH_LL_Start
                0x000000000800b530       0x36 USB_HOST/Target/usbh_conf.o
                0x000000000800b530                USBH_LL_Start
 .text.USBH_LL_Stop
                0x000000000800b566       0x36 USB_HOST/Target/usbh_conf.o
                0x000000000800b566                USBH_LL_Stop
 .text.USBH_LL_GetSpeed
                0x000000000800b59c       0x4a USB_HOST/Target/usbh_conf.o
                0x000000000800b59c                USBH_LL_GetSpeed
 .text.USBH_LL_ResetPort
                0x000000000800b5e6       0x36 USB_HOST/Target/usbh_conf.o
                0x000000000800b5e6                USBH_LL_ResetPort
 .text.USBH_LL_GetLastXferSize
                0x000000000800b61c       0x26 USB_HOST/Target/usbh_conf.o
                0x000000000800b61c                USBH_LL_GetLastXferSize
 .text.USBH_LL_OpenPipe
                0x000000000800b642       0x5e USB_HOST/Target/usbh_conf.o
                0x000000000800b642                USBH_LL_OpenPipe
 .text.USBH_LL_ClosePipe
                0x000000000800b6a0       0x3e USB_HOST/Target/usbh_conf.o
                0x000000000800b6a0                USBH_LL_ClosePipe
 .text.USBH_LL_SubmitURB
                0x000000000800b6de       0x62 USB_HOST/Target/usbh_conf.o
                0x000000000800b6de                USBH_LL_SubmitURB
 .text.USBH_LL_GetURBState
                0x000000000800b740       0x26 USB_HOST/Target/usbh_conf.o
                0x000000000800b740                USBH_LL_GetURBState
 .text.USBH_LL_DriverVBUS
                0x000000000800b766       0x2e USB_HOST/Target/usbh_conf.o
                0x000000000800b766                USBH_LL_DriverVBUS
 .text.USBH_LL_SetToggle
                0x000000000800b794       0x66 USB_HOST/Target/usbh_conf.o
                0x000000000800b794                USBH_LL_SetToggle
 .text.USBH_LL_GetToggle
                0x000000000800b7fa       0x66 USB_HOST/Target/usbh_conf.o
                0x000000000800b7fa                USBH_LL_GetToggle
 .text.USBH_Delay
                0x000000000800b860       0x16 USB_HOST/Target/usbh_conf.o
                0x000000000800b860                USBH_Delay
 *fill*         0x000000000800b876        0x2 
 .text.USBH_Get_USB_Status
                0x000000000800b878       0x58 USB_HOST/Target/usbh_conf.o
                0x000000000800b878                USBH_Get_USB_Status
 .text.MX_DriverVbusFS
                0x000000000800b8d0       0x2a USB_HOST/Target/usbh_platform.o
                0x000000000800b8d0                MX_DriverVbusFS
 *fill*         0x000000000800b8fa        0x2 
 .text.__errno  0x000000000800b8fc        0xc d:/wtf/stm32cubeide_1.4.0/stm32cubeide/plugins/com.st.stm32cube.ide.mcu.externaltools.gnu-tools-for-stm32.7-2018-q2-update.win32_1.4.0.202007081208/tools/bin/../lib/gcc/arm-none-eabi/7.3.1/../../../../arm-none-eabi/lib/thumb/v7e-m/fpv5/hard\libc_nano.a(lib_a-errno.o)
                0x000000000800b8fc                __errno
 .text.__libc_init_array
                0x000000000800b908       0x48 d:/wtf/stm32cubeide_1.4.0/stm32cubeide/plugins/com.st.stm32cube.ide.mcu.externaltools.gnu-tools-for-stm32.7-2018-q2-update.win32_1.4.0.202007081208/tools/bin/../lib/gcc/arm-none-eabi/7.3.1/../../../../arm-none-eabi/lib/thumb/v7e-m/fpv5/hard\libc_nano.a(lib_a-init.o)
                0x000000000800b908                __libc_init_array
 .text.malloc   0x000000000800b950       0x10 d:/wtf/stm32cubeide_1.4.0/stm32cubeide/plugins/com.st.stm32cube.ide.mcu.externaltools.gnu-tools-for-stm32.7-2018-q2-update.win32_1.4.0.202007081208/tools/bin/../lib/gcc/arm-none-eabi/7.3.1/../../../../arm-none-eabi/lib/thumb/v7e-m/fpv5/hard\libc_nano.a(lib_a-malloc.o)
                0x000000000800b950                malloc
 .text.free     0x000000000800b960       0x10 d:/wtf/stm32cubeide_1.4.0/stm32cubeide/plugins/com.st.stm32cube.ide.mcu.externaltools.gnu-tools-for-stm32.7-2018-q2-update.win32_1.4.0.202007081208/tools/bin/../lib/gcc/arm-none-eabi/7.3.1/../../../../arm-none-eabi/lib/thumb/v7e-m/fpv5/hard\libc_nano.a(lib_a-malloc.o)
                0x000000000800b960                free
 .text.memcpy   0x000000000800b970       0x16 d:/wtf/stm32cubeide_1.4.0/stm32cubeide/plugins/com.st.stm32cube.ide.mcu.externaltools.gnu-tools-for-stm32.7-2018-q2-update.win32_1.4.0.202007081208/tools/bin/../lib/gcc/arm-none-eabi/7.3.1/../../../../arm-none-eabi/lib/thumb/v7e-m/fpv5/hard\libc_nano.a(lib_a-memcpy-stub.o)
                0x000000000800b970                memcpy
 .text.memset   0x000000000800b986       0x10 d:/wtf/stm32cubeide_1.4.0/stm32cubeide/plugins/com.st.stm32cube.ide.mcu.externaltools.gnu-tools-for-stm32.7-2018-q2-update.win32_1.4.0.202007081208/tools/bin/../lib/gcc/arm-none-eabi/7.3.1/../../../../arm-none-eabi/lib/thumb/v7e-m/fpv5/hard\libc_nano.a(lib_a-memset.o)
                0x000000000800b986                memset
 *fill*         0x000000000800b996        0x2 
 .text._free_r  0x000000000800b998       0x9c d:/wtf/stm32cubeide_1.4.0/stm32cubeide/plugins/com.st.stm32cube.ide.mcu.externaltools.gnu-tools-for-stm32.7-2018-q2-update.win32_1.4.0.202007081208/tools/bin/../lib/gcc/arm-none-eabi/7.3.1/../../../../arm-none-eabi/lib/thumb/v7e-m/fpv5/hard\libc_nano.a(lib_a-nano-freer.o)
                0x000000000800b998                _free_r
 .text._malloc_r
                0x000000000800ba34       0xb4 d:/wtf/stm32cubeide_1.4.0/stm32cubeide/plugins/com.st.stm32cube.ide.mcu.externaltools.gnu-tools-for-stm32.7-2018-q2-update.win32_1.4.0.202007081208/tools/bin/../lib/gcc/arm-none-eabi/7.3.1/../../../../arm-none-eabi/lib/thumb/v7e-m/fpv5/hard\libc_nano.a(lib_a-nano-mallocr.o)
                0x000000000800ba34                _malloc_r
 .text.printf   0x000000000800bae8       0x30 d:/wtf/stm32cubeide_1.4.0/stm32cubeide/plugins/com.st.stm32cube.ide.mcu.externaltools.gnu-tools-for-stm32.7-2018-q2-update.win32_1.4.0.202007081208/tools/bin/../lib/gcc/arm-none-eabi/7.3.1/../../../../arm-none-eabi/lib/thumb/v7e-m/fpv5/hard\libc_nano.a(lib_a-printf.o)
                0x000000000800bae8                iprintf
                0x000000000800bae8                printf
 .text._puts_r  0x000000000800bb18       0xb8 d:/wtf/stm32cubeide_1.4.0/stm32cubeide/plugins/com.st.stm32cube.ide.mcu.externaltools.gnu-tools-for-stm32.7-2018-q2-update.win32_1.4.0.202007081208/tools/bin/../lib/gcc/arm-none-eabi/7.3.1/../../../../arm-none-eabi/lib/thumb/v7e-m/fpv5/hard\libc_nano.a(lib_a-puts.o)
                0x000000000800bb18                _puts_r
 .text.puts     0x000000000800bbd0       0x10 d:/wtf/stm32cubeide_1.4.0/stm32cubeide/plugins/com.st.stm32cube.ide.mcu.externaltools.gnu-tools-for-stm32.7-2018-q2-update.win32_1.4.0.202007081208/tools/bin/../lib/gcc/arm-none-eabi/7.3.1/../../../../arm-none-eabi/lib/thumb/v7e-m/fpv5/hard\libc_nano.a(lib_a-puts.o)
                0x000000000800bbd0                puts
 .text._sbrk_r  0x000000000800bbe0       0x20 d:/wtf/stm32cubeide_1.4.0/stm32cubeide/plugins/com.st.stm32cube.ide.mcu.externaltools.gnu-tools-for-stm32.7-2018-q2-update.win32_1.4.0.202007081208/tools/bin/../lib/gcc/arm-none-eabi/7.3.1/../../../../arm-none-eabi/lib/thumb/v7e-m/fpv5/hard\libc_nano.a(lib_a-sbrkr.o)
                0x000000000800bbe0                _sbrk_r
 .text.__swbuf_r
                0x000000000800bc00       0xa4 d:/wtf/stm32cubeide_1.4.0/stm32cubeide/plugins/com.st.stm32cube.ide.mcu.externaltools.gnu-tools-for-stm32.7-2018-q2-update.win32_1.4.0.202007081208/tools/bin/../lib/gcc/arm-none-eabi/7.3.1/../../../../arm-none-eabi/lib/thumb/v7e-m/fpv5/hard\libc_nano.a(lib_a-wbuf.o)
                0x000000000800bc00                __swbuf_r
 .text.__swsetup_r
                0x000000000800bca4       0xdc d:/wtf/stm32cubeide_1.4.0/stm32cubeide/plugins/com.st.stm32cube.ide.mcu.externaltools.gnu-tools-for-stm32.7-2018-q2-update.win32_1.4.0.202007081208/tools/bin/../lib/gcc/arm-none-eabi/7.3.1/../../../../arm-none-eabi/lib/thumb/v7e-m/fpv5/hard\libc_nano.a(lib_a-wsetup.o)
                0x000000000800bca4                __swsetup_r
 .text.__sflush_r
                0x000000000800bd80      0x10c d:/wtf/stm32cubeide_1.4.0/stm32cubeide/plugins/com.st.stm32cube.ide.mcu.externaltools.gnu-tools-for-stm32.7-2018-q2-update.win32_1.4.0.202007081208/tools/bin/../lib/gcc/arm-none-eabi/7.3.1/../../../../arm-none-eabi/lib/thumb/v7e-m/fpv5/hard\libc_nano.a(lib_a-fflush.o)
                0x000000000800bd80                __sflush_r
 .text._fflush_r
                0x000000000800be8c       0x54 d:/wtf/stm32cubeide_1.4.0/stm32cubeide/plugins/com.st.stm32cube.ide.mcu.externaltools.gnu-tools-for-stm32.7-2018-q2-update.win32_1.4.0.202007081208/tools/bin/../lib/gcc/arm-none-eabi/7.3.1/../../../../arm-none-eabi/lib/thumb/v7e-m/fpv5/hard\libc_nano.a(lib_a-fflush.o)
                0x000000000800be8c                _fflush_r
 .text.std      0x000000000800bee0       0x48 d:/wtf/stm32cubeide_1.4.0/stm32cubeide/plugins/com.st.stm32cube.ide.mcu.externaltools.gnu-tools-for-stm32.7-2018-q2-update.win32_1.4.0.202007081208/tools/bin/../lib/gcc/arm-none-eabi/7.3.1/../../../../arm-none-eabi/lib/thumb/v7e-m/fpv5/hard\libc_nano.a(lib_a-findfp.o)
 .text._cleanup_r
                0x000000000800bf28        0xc d:/wtf/stm32cubeide_1.4.0/stm32cubeide/plugins/com.st.stm32cube.ide.mcu.externaltools.gnu-tools-for-stm32.7-2018-q2-update.win32_1.4.0.202007081208/tools/bin/../lib/gcc/arm-none-eabi/7.3.1/../../../../arm-none-eabi/lib/thumb/v7e-m/fpv5/hard\libc_nano.a(lib_a-findfp.o)
                0x000000000800bf28                _cleanup_r
 .text.__sfmoreglue
                0x000000000800bf34       0x2c d:/wtf/stm32cubeide_1.4.0/stm32cubeide/plugins/com.st.stm32cube.ide.mcu.externaltools.gnu-tools-for-stm32.7-2018-q2-update.win32_1.4.0.202007081208/tools/bin/../lib/gcc/arm-none-eabi/7.3.1/../../../../arm-none-eabi/lib/thumb/v7e-m/fpv5/hard\libc_nano.a(lib_a-findfp.o)
                0x000000000800bf34                __sfmoreglue
 .text.__sinit  0x000000000800bf60       0x60 d:/wtf/stm32cubeide_1.4.0/stm32cubeide/plugins/com.st.stm32cube.ide.mcu.externaltools.gnu-tools-for-stm32.7-2018-q2-update.win32_1.4.0.202007081208/tools/bin/../lib/gcc/arm-none-eabi/7.3.1/../../../../arm-none-eabi/lib/thumb/v7e-m/fpv5/hard\libc_nano.a(lib_a-findfp.o)
                0x000000000800bf60                __sinit
 .text.__sfp    0x000000000800bfc0       0x78 d:/wtf/stm32cubeide_1.4.0/stm32cubeide/plugins/com.st.stm32cube.ide.mcu.externaltools.gnu-tools-for-stm32.7-2018-q2-update.win32_1.4.0.202007081208/tools/bin/../lib/gcc/arm-none-eabi/7.3.1/../../../../arm-none-eabi/lib/thumb/v7e-m/fpv5/hard\libc_nano.a(lib_a-findfp.o)
                0x000000000800bfc0                __sfp
 .text._fwalk_reent
                0x000000000800c038       0x3c d:/wtf/stm32cubeide_1.4.0/stm32cubeide/plugins/com.st.stm32cube.ide.mcu.externaltools.gnu-tools-for-stm32.7-2018-q2-update.win32_1.4.0.202007081208/tools/bin/../lib/gcc/arm-none-eabi/7.3.1/../../../../arm-none-eabi/lib/thumb/v7e-m/fpv5/hard\libc_nano.a(lib_a-fwalk.o)
                0x000000000800c038                _fwalk_reent
 .text.__swhatbuf_r
                0x000000000800c074       0x48 d:/wtf/stm32cubeide_1.4.0/stm32cubeide/plugins/com.st.stm32cube.ide.mcu.externaltools.gnu-tools-for-stm32.7-2018-q2-update.win32_1.4.0.202007081208/tools/bin/../lib/gcc/arm-none-eabi/7.3.1/../../../../arm-none-eabi/lib/thumb/v7e-m/fpv5/hard\libc_nano.a(lib_a-makebuf.o)
                0x000000000800c074                __swhatbuf_r
 .text.__smakebuf_r
                0x000000000800c0bc       0x80 d:/wtf/stm32cubeide_1.4.0/stm32cubeide/plugins/com.st.stm32cube.ide.mcu.externaltools.gnu-tools-for-stm32.7-2018-q2-update.win32_1.4.0.202007081208/tools/bin/../lib/gcc/arm-none-eabi/7.3.1/../../../../arm-none-eabi/lib/thumb/v7e-m/fpv5/hard\libc_nano.a(lib_a-makebuf.o)
                0x000000000800c0bc                __smakebuf_r
 .text.__malloc_lock
                0x000000000800c13c        0x2 d:/wtf/stm32cubeide_1.4.0/stm32cubeide/plugins/com.st.stm32cube.ide.mcu.externaltools.gnu-tools-for-stm32.7-2018-q2-update.win32_1.4.0.202007081208/tools/bin/../lib/gcc/arm-none-eabi/7.3.1/../../../../arm-none-eabi/lib/thumb/v7e-m/fpv5/hard\libc_nano.a(lib_a-mlock.o)
                0x000000000800c13c                __malloc_lock
 .text.__malloc_unlock
                0x000000000800c13e        0x2 d:/wtf/stm32cubeide_1.4.0/stm32cubeide/plugins/com.st.stm32cube.ide.mcu.externaltools.gnu-tools-for-stm32.7-2018-q2-update.win32_1.4.0.202007081208/tools/bin/../lib/gcc/arm-none-eabi/7.3.1/../../../../arm-none-eabi/lib/thumb/v7e-m/fpv5/hard\libc_nano.a(lib_a-mlock.o)
                0x000000000800c13e                __malloc_unlock
 .text.__sfputc_r
                0x000000000800c140       0x2e d:/wtf/stm32cubeide_1.4.0/stm32cubeide/plugins/com.st.stm32cube.ide.mcu.externaltools.gnu-tools-for-stm32.7-2018-q2-update.win32_1.4.0.202007081208/tools/bin/../lib/gcc/arm-none-eabi/7.3.1/../../../../arm-none-eabi/lib/thumb/v7e-m/fpv5/hard\libc_nano.a(lib_a-nano-vfprintf.o)
 .text.__sfputs_r
                0x000000000800c16e       0x24 d:/wtf/stm32cubeide_1.4.0/stm32cubeide/plugins/com.st.stm32cube.ide.mcu.externaltools.gnu-tools-for-stm32.7-2018-q2-update.win32_1.4.0.202007081208/tools/bin/../lib/gcc/arm-none-eabi/7.3.1/../../../../arm-none-eabi/lib/thumb/v7e-m/fpv5/hard\libc_nano.a(lib_a-nano-vfprintf.o)
                0x000000000800c16e                __sfputs_r
 *fill*         0x000000000800c192        0x2 
 .text._vfprintf_r
                0x000000000800c194      0x22c d:/wtf/stm32cubeide_1.4.0/stm32cubeide/plugins/com.st.stm32cube.ide.mcu.externaltools.gnu-tools-for-stm32.7-2018-q2-update.win32_1.4.0.202007081208/tools/bin/../lib/gcc/arm-none-eabi/7.3.1/../../../../arm-none-eabi/lib/thumb/v7e-m/fpv5/hard\libc_nano.a(lib_a-nano-vfprintf.o)
                0x000000000800c194                _vfprintf_r
                0x000000000800c194                _vfiprintf_r
 .text._printf_common
                0x000000000800c3c0       0xea d:/wtf/stm32cubeide_1.4.0/stm32cubeide/plugins/com.st.stm32cube.ide.mcu.externaltools.gnu-tools-for-stm32.7-2018-q2-update.win32_1.4.0.202007081208/tools/bin/../lib/gcc/arm-none-eabi/7.3.1/../../../../arm-none-eabi/lib/thumb/v7e-m/fpv5/hard\libc_nano.a(lib_a-nano-vfprintf_i.o)
                0x000000000800c3c0                _printf_common
 *fill*         0x000000000800c4aa        0x2 
 .text._printf_i
                0x000000000800c4ac      0x224 d:/wtf/stm32cubeide_1.4.0/stm32cubeide/plugins/com.st.stm32cube.ide.mcu.externaltools.gnu-tools-for-stm32.7-2018-q2-update.win32_1.4.0.202007081208/tools/bin/../lib/gcc/arm-none-eabi/7.3.1/../../../../arm-none-eabi/lib/thumb/v7e-m/fpv5/hard\libc_nano.a(lib_a-nano-vfprintf_i.o)
                0x000000000800c4ac                _printf_i
 .text.__sread  0x000000000800c6d0       0x22 d:/wtf/stm32cubeide_1.4.0/stm32cubeide/plugins/com.st.stm32cube.ide.mcu.externaltools.gnu-tools-for-stm32.7-2018-q2-update.win32_1.4.0.202007081208/tools/bin/../lib/gcc/arm-none-eabi/7.3.1/../../../../arm-none-eabi/lib/thumb/v7e-m/fpv5/hard\libc_nano.a(lib_a-stdio.o)
                0x000000000800c6d0                __sread
 .text.__swrite
                0x000000000800c6f2       0x38 d:/wtf/stm32cubeide_1.4.0/stm32cubeide/plugins/com.st.stm32cube.ide.mcu.externaltools.gnu-tools-for-stm32.7-2018-q2-update.win32_1.4.0.202007081208/tools/bin/../lib/gcc/arm-none-eabi/7.3.1/../../../../arm-none-eabi/lib/thumb/v7e-m/fpv5/hard\libc_nano.a(lib_a-stdio.o)
                0x000000000800c6f2                __swrite
 .text.__sseek  0x000000000800c72a       0x24 d:/wtf/stm32cubeide_1.4.0/stm32cubeide/plugins/com.st.stm32cube.ide.mcu.externaltools.gnu-tools-for-stm32.7-2018-q2-update.win32_1.4.0.202007081208/tools/bin/../lib/gcc/arm-none-eabi/7.3.1/../../../../arm-none-eabi/lib/thumb/v7e-m/fpv5/hard\libc_nano.a(lib_a-stdio.o)
                0x000000000800c72a                __sseek
 .text.__sclose
                0x000000000800c74e        0x8 d:/wtf/stm32cubeide_1.4.0/stm32cubeide/plugins/com.st.stm32cube.ide.mcu.externaltools.gnu-tools-for-stm32.7-2018-q2-update.win32_1.4.0.202007081208/tools/bin/../lib/gcc/arm-none-eabi/7.3.1/../../../../arm-none-eabi/lib/thumb/v7e-m/fpv5/hard\libc_nano.a(lib_a-stdio.o)
                0x000000000800c74e                __sclose
 *fill*         0x000000000800c756        0x2 
 .text._write_r
                0x000000000800c758       0x24 d:/wtf/stm32cubeide_1.4.0/stm32cubeide/plugins/com.st.stm32cube.ide.mcu.externaltools.gnu-tools-for-stm32.7-2018-q2-update.win32_1.4.0.202007081208/tools/bin/../lib/gcc/arm-none-eabi/7.3.1/../../../../arm-none-eabi/lib/thumb/v7e-m/fpv5/hard\libc_nano.a(lib_a-writer.o)
                0x000000000800c758                _write_r
 .text._close_r
                0x000000000800c77c       0x20 d:/wtf/stm32cubeide_1.4.0/stm32cubeide/plugins/com.st.stm32cube.ide.mcu.externaltools.gnu-tools-for-stm32.7-2018-q2-update.win32_1.4.0.202007081208/tools/bin/../lib/gcc/arm-none-eabi/7.3.1/../../../../arm-none-eabi/lib/thumb/v7e-m/fpv5/hard\libc_nano.a(lib_a-closer.o)
                0x000000000800c77c                _close_r
 .text._fstat_r
                0x000000000800c79c       0x24 d:/wtf/stm32cubeide_1.4.0/stm32cubeide/plugins/com.st.stm32cube.ide.mcu.externaltools.gnu-tools-for-stm32.7-2018-q2-update.win32_1.4.0.202007081208/tools/bin/../lib/gcc/arm-none-eabi/7.3.1/../../../../arm-none-eabi/lib/thumb/v7e-m/fpv5/hard\libc_nano.a(lib_a-fstatr.o)
                0x000000000800c79c                _fstat_r
 .text._isatty_r
                0x000000000800c7c0       0x20 d:/wtf/stm32cubeide_1.4.0/stm32cubeide/plugins/com.st.stm32cube.ide.mcu.externaltools.gnu-tools-for-stm32.7-2018-q2-update.win32_1.4.0.202007081208/tools/bin/../lib/gcc/arm-none-eabi/7.3.1/../../../../arm-none-eabi/lib/thumb/v7e-m/fpv5/hard\libc_nano.a(lib_a-isattyr.o)
                0x000000000800c7c0                _isatty_r
 .text._lseek_r
                0x000000000800c7e0       0x24 d:/wtf/stm32cubeide_1.4.0/stm32cubeide/plugins/com.st.stm32cube.ide.mcu.externaltools.gnu-tools-for-stm32.7-2018-q2-update.win32_1.4.0.202007081208/tools/bin/../lib/gcc/arm-none-eabi/7.3.1/../../../../arm-none-eabi/lib/thumb/v7e-m/fpv5/hard\libc_nano.a(lib_a-lseekr.o)
                0x000000000800c7e0                _lseek_r
 .text._read_r  0x000000000800c804       0x24 d:/wtf/stm32cubeide_1.4.0/stm32cubeide/plugins/com.st.stm32cube.ide.mcu.externaltools.gnu-tools-for-stm32.7-2018-q2-update.win32_1.4.0.202007081208/tools/bin/../lib/gcc/arm-none-eabi/7.3.1/../../../../arm-none-eabi/lib/thumb/v7e-m/fpv5/hard\libc_nano.a(lib_a-readr.o)
                0x000000000800c804                _read_r
 *(.glue_7)
 .glue_7        0x000000000800c828        0x0 linker stubs
 *(.glue_7t)
 .glue_7t       0x000000000800c828        0x0 linker stubs
 *(.eh_frame)
 .eh_frame      0x000000000800c828        0x0 d:/wtf/stm32cubeide_1.4.0/stm32cubeide/plugins/com.st.stm32cube.ide.mcu.externaltools.gnu-tools-for-stm32.7-2018-q2-update.win32_1.4.0.202007081208/tools/bin/../lib/gcc/arm-none-eabi/7.3.1/thumb/v7e-m/fpv5/hard/crtbegin.o
 *(.init)
 .init          0x000000000800c828        0x4 d:/wtf/stm32cubeide_1.4.0/stm32cubeide/plugins/com.st.stm32cube.ide.mcu.externaltools.gnu-tools-for-stm32.7-2018-q2-update.win32_1.4.0.202007081208/tools/bin/../lib/gcc/arm-none-eabi/7.3.1/thumb/v7e-m/fpv5/hard/crti.o
                0x000000000800c828                _init
 .init          0x000000000800c82c        0x8 d:/wtf/stm32cubeide_1.4.0/stm32cubeide/plugins/com.st.stm32cube.ide.mcu.externaltools.gnu-tools-for-stm32.7-2018-q2-update.win32_1.4.0.202007081208/tools/bin/../lib/gcc/arm-none-eabi/7.3.1/thumb/v7e-m/fpv5/hard/crtn.o
 *(.fini)
 .fini          0x000000000800c834        0x4 d:/wtf/stm32cubeide_1.4.0/stm32cubeide/plugins/com.st.stm32cube.ide.mcu.externaltools.gnu-tools-for-stm32.7-2018-q2-update.win32_1.4.0.202007081208/tools/bin/../lib/gcc/arm-none-eabi/7.3.1/thumb/v7e-m/fpv5/hard/crti.o
                0x000000000800c834                _fini
 .fini          0x000000000800c838        0x8 d:/wtf/stm32cubeide_1.4.0/stm32cubeide/plugins/com.st.stm32cube.ide.mcu.externaltools.gnu-tools-for-stm32.7-2018-q2-update.win32_1.4.0.202007081208/tools/bin/../lib/gcc/arm-none-eabi/7.3.1/thumb/v7e-m/fpv5/hard/crtn.o
                0x000000000800c840                . = ALIGN (0x4)
                0x000000000800c840                _etext = .

.vfp11_veneer   0x000000000800c840        0x0
 .vfp11_veneer  0x000000000800c840        0x0 linker stubs

.v4_bx          0x000000000800c840        0x0
 .v4_bx         0x000000000800c840        0x0 linker stubs

.iplt           0x000000000800c840        0x0
 .iplt          0x000000000800c840        0x0 d:/wtf/stm32cubeide_1.4.0/stm32cubeide/plugins/com.st.stm32cube.ide.mcu.externaltools.gnu-tools-for-stm32.7-2018-q2-update.win32_1.4.0.202007081208/tools/bin/../lib/gcc/arm-none-eabi/7.3.1/thumb/v7e-m/fpv5/hard/crtbegin.o

.rodata         0x000000000800c840      0x39c
                0x000000000800c840                . = ALIGN (0x4)
 *(.rodata)
 .rodata        0x000000000800c840       0x28 Core/Src/bootloadder.o
 .rodata        0x000000000800c868       0x46 Core/Src/commands.o
 *fill*         0x000000000800c8ae        0x2 
 .rodata        0x000000000800c8b0       0x13 Core/Src/flash_if.o
 *fill*         0x000000000800c8c3        0x1 
 .rodata        0x000000000800c8c4      0x15f Core/Src/main.o
 *fill*         0x000000000800ca23        0x1 
 .rodata        0x000000000800ca24       0x2a Core/Src/stm32f7xx_it.o
 *fill*         0x000000000800ca4e        0x2 
 .rodata        0x000000000800ca50        0x4 Middlewares/ST/STM32_USB_Host_Library/Class/MSC/Src/usbh_msc.o
 .rodata        0x000000000800ca54       0x44 Middlewares/Third_Party/FatFs/src/ff.o
 *(.rodata*)
 .rodata.AHBPrescTable
                0x000000000800ca98       0x10 Core/Src/system_stm32f7xx.o
                0x000000000800ca98                AHBPrescTable
 .rodata.APBPrescTable
                0x000000000800caa8        0x8 Core/Src/system_stm32f7xx.o
                0x000000000800caa8                APBPrescTable
 .rodata.USBH_Driver
                0x000000000800cab0       0x14 FATFS/Target/usbh_diskio.o
                0x000000000800cab0                USBH_Driver
 .rodata.ExCvt  0x000000000800cac4       0x80 Middlewares/Third_Party/FatFs/src/ff.o
 .rodata._global_impure_ptr
                0x000000000800cb44        0x4 d:/wtf/stm32cubeide_1.4.0/stm32cubeide/plugins/com.st.stm32cube.ide.mcu.externaltools.gnu-tools-for-stm32.7-2018-q2-update.win32_1.4.0.202007081208/tools/bin/../lib/gcc/arm-none-eabi/7.3.1/../../../../arm-none-eabi/lib/thumb/v7e-m/fpv5/hard\libc_nano.a(lib_a-impure.o)
                0x000000000800cb44                _global_impure_ptr
 .rodata.__sf_fake_stderr
                0x000000000800cb48       0x20 d:/wtf/stm32cubeide_1.4.0/stm32cubeide/plugins/com.st.stm32cube.ide.mcu.externaltools.gnu-tools-for-stm32.7-2018-q2-update.win32_1.4.0.202007081208/tools/bin/../lib/gcc/arm-none-eabi/7.3.1/../../../../arm-none-eabi/lib/thumb/v7e-m/fpv5/hard\libc_nano.a(lib_a-findfp.o)
                0x000000000800cb48                __sf_fake_stderr
 .rodata.__sf_fake_stdin
                0x000000000800cb68       0x20 d:/wtf/stm32cubeide_1.4.0/stm32cubeide/plugins/com.st.stm32cube.ide.mcu.externaltools.gnu-tools-for-stm32.7-2018-q2-update.win32_1.4.0.202007081208/tools/bin/../lib/gcc/arm-none-eabi/7.3.1/../../../../arm-none-eabi/lib/thumb/v7e-m/fpv5/hard\libc_nano.a(lib_a-findfp.o)
                0x000000000800cb68                __sf_fake_stdin
 .rodata.__sf_fake_stdout
                0x000000000800cb88       0x20 d:/wtf/stm32cubeide_1.4.0/stm32cubeide/plugins/com.st.stm32cube.ide.mcu.externaltools.gnu-tools-for-stm32.7-2018-q2-update.win32_1.4.0.202007081208/tools/bin/../lib/gcc/arm-none-eabi/7.3.1/../../../../arm-none-eabi/lib/thumb/v7e-m/fpv5/hard\libc_nano.a(lib_a-findfp.o)
                0x000000000800cb88                __sf_fake_stdout
 .rodata._vfprintf_r.str1.1
                0x000000000800cba8       0x11 d:/wtf/stm32cubeide_1.4.0/stm32cubeide/plugins/com.st.stm32cube.ide.mcu.externaltools.gnu-tools-for-stm32.7-2018-q2-update.win32_1.4.0.202007081208/tools/bin/../lib/gcc/arm-none-eabi/7.3.1/../../../../arm-none-eabi/lib/thumb/v7e-m/fpv5/hard\libc_nano.a(lib_a-nano-vfprintf.o)
 .rodata._printf_i.str1.1
                0x000000000800cbb9       0x22 d:/wtf/stm32cubeide_1.4.0/stm32cubeide/plugins/com.st.stm32cube.ide.mcu.externaltools.gnu-tools-for-stm32.7-2018-q2-update.win32_1.4.0.202007081208/tools/bin/../lib/gcc/arm-none-eabi/7.3.1/../../../../arm-none-eabi/lib/thumb/v7e-m/fpv5/hard\libc_nano.a(lib_a-nano-vfprintf_i.o)
                0x000000000800cbdc                . = ALIGN (0x4)
 *fill*         0x000000000800cbdb        0x1 

.ARM.extab      0x000000000800cbdc        0x0
                0x000000000800cbdc                . = ALIGN (0x4)
 *(.ARM.extab* .gnu.linkonce.armextab.*)
                0x000000000800cbdc                . = ALIGN (0x4)

.ARM            0x000000000800cbdc        0x8
                0x000000000800cbdc                . = ALIGN (0x4)
                0x000000000800cbdc                __exidx_start = .
 *(.ARM.exidx*)
 .ARM.exidx     0x000000000800cbdc        0x8 d:/wtf/stm32cubeide_1.4.0/stm32cubeide/plugins/com.st.stm32cube.ide.mcu.externaltools.gnu-tools-for-stm32.7-2018-q2-update.win32_1.4.0.202007081208/tools/bin/../lib/gcc/arm-none-eabi/7.3.1/thumb/v7e-m/fpv5/hard\libgcc.a(_udivmoddi4.o)
                0x000000000800cbe4                __exidx_end = .
                0x000000000800cbe4                . = ALIGN (0x4)

.rel.dyn        0x000000000800cbe4        0x0
 .rel.iplt      0x000000000800cbe4        0x0 d:/wtf/stm32cubeide_1.4.0/stm32cubeide/plugins/com.st.stm32cube.ide.mcu.externaltools.gnu-tools-for-stm32.7-2018-q2-update.win32_1.4.0.202007081208/tools/bin/../lib/gcc/arm-none-eabi/7.3.1/thumb/v7e-m/fpv5/hard/crtbegin.o

.preinit_array  0x000000000800cbe4        0x0
                0x000000000800cbe4                . = ALIGN (0x4)
                0x000000000800cbe4                PROVIDE (__preinit_array_start = .)
 *(.preinit_array*)
                0x000000000800cbe4                PROVIDE (__preinit_array_end = .)
                0x000000000800cbe4                . = ALIGN (0x4)

.init_array     0x000000000800cbe4        0x4
                0x000000000800cbe4                . = ALIGN (0x4)
                0x000000000800cbe4                PROVIDE (__init_array_start = .)
 *(SORT_BY_NAME(.init_array.*))
 *(.init_array*)
 .init_array    0x000000000800cbe4        0x4 d:/wtf/stm32cubeide_1.4.0/stm32cubeide/plugins/com.st.stm32cube.ide.mcu.externaltools.gnu-tools-for-stm32.7-2018-q2-update.win32_1.4.0.202007081208/tools/bin/../lib/gcc/arm-none-eabi/7.3.1/thumb/v7e-m/fpv5/hard/crtbegin.o
                0x000000000800cbe8                PROVIDE (__init_array_end = .)
                0x000000000800cbe8                . = ALIGN (0x4)

.fini_array     0x000000000800cbe8        0x4
                0x000000000800cbe8                . = ALIGN (0x4)
                [!provide]                        PROVIDE (__fini_array_start = .)
 *(SORT_BY_NAME(.fini_array.*))
 *(.fini_array*)
 .fini_array    0x000000000800cbe8        0x4 d:/wtf/stm32cubeide_1.4.0/stm32cubeide/plugins/com.st.stm32cube.ide.mcu.externaltools.gnu-tools-for-stm32.7-2018-q2-update.win32_1.4.0.202007081208/tools/bin/../lib/gcc/arm-none-eabi/7.3.1/thumb/v7e-m/fpv5/hard/crtbegin.o
                [!provide]                        PROVIDE (__fini_array_end = .)
                0x000000000800cbec                . = ALIGN (0x4)
                0x000000000800cbec                _sidata = LOADADDR (.data)

.data           0x0000000020000000       0x90 load address 0x000000000800cbec
                0x0000000020000000                . = ALIGN (0x4)
                0x0000000020000000                _sdata = .
 *(.data)
 *(.data*)
 .data.SystemCoreClock
                0x0000000020000000        0x4 Core/Src/system_stm32f7xx.o
                0x0000000020000000                SystemCoreClock
 .data.uwTickPrio
                0x0000000020000004        0x4 Drivers/STM32F7xx_HAL_Driver/Src/stm32f7xx_hal.o
                0x0000000020000004                uwTickPrio
 .data.uwTickFreq
                0x0000000020000008        0x1 Drivers/STM32F7xx_HAL_Driver/Src/stm32f7xx_hal.o
                0x0000000020000008                uwTickFreq
 *fill*         0x0000000020000009        0x3 
 .data.USBH_msc
                0x000000002000000c       0x20 Middlewares/ST/STM32_USB_Host_Library/Class/MSC/Src/usbh_msc.o
                0x000000002000000c                USBH_msc
 .data._impure_ptr
                0x000000002000002c        0x4 d:/wtf/stm32cubeide_1.4.0/stm32cubeide/plugins/com.st.stm32cube.ide.mcu.externaltools.gnu-tools-for-stm32.7-2018-q2-update.win32_1.4.0.202007081208/tools/bin/../lib/gcc/arm-none-eabi/7.3.1/../../../../arm-none-eabi/lib/thumb/v7e-m/fpv5/hard\libc_nano.a(lib_a-impure.o)
                0x000000002000002c                _impure_ptr
 .data.impure_data
                0x0000000020000030       0x60 d:/wtf/stm32cubeide_1.4.0/stm32cubeide/plugins/com.st.stm32cube.ide.mcu.externaltools.gnu-tools-for-stm32.7-2018-q2-update.win32_1.4.0.202007081208/tools/bin/../lib/gcc/arm-none-eabi/7.3.1/../../../../arm-none-eabi/lib/thumb/v7e-m/fpv5/hard\libc_nano.a(lib_a-impure.o)
                0x0000000020000090                . = ALIGN (0x4)
                0x0000000020000090                _edata = .

.igot.plt       0x0000000020000090        0x0 load address 0x000000000800cc7c
 .igot.plt      0x0000000020000090        0x0 d:/wtf/stm32cubeide_1.4.0/stm32cubeide/plugins/com.st.stm32cube.ide.mcu.externaltools.gnu-tools-for-stm32.7-2018-q2-update.win32_1.4.0.202007081208/tools/bin/../lib/gcc/arm-none-eabi/7.3.1/thumb/v7e-m/fpv5/hard/crtbegin.o
                0x0000000020000090                . = ALIGN (0x4)

.bss            0x0000000020000090     0x937c load address 0x000000000800cc7c
                0x0000000020000090                _sbss = .
                0x0000000020000090                __bss_start__ = _sbss
 *(.bss)
 .bss           0x0000000020000090       0x1c d:/wtf/stm32cubeide_1.4.0/stm32cubeide/plugins/com.st.stm32cube.ide.mcu.externaltools.gnu-tools-for-stm32.7-2018-q2-update.win32_1.4.0.202007081208/tools/bin/../lib/gcc/arm-none-eabi/7.3.1/thumb/v7e-m/fpv5/hard/crtbegin.o
 *(.bss*)
 .bss.RAM_Buf   0x00000000200000ac     0x8000 Core/Src/commands.o
 .bss.OBInit    0x00000000200080ac       0x20 Core/Src/flash_if.o
 .bss.i.8812    0x00000000200080cc        0x2 Core/Src/stm32f7xx_it.o
 *fill*         0x00000000200080ce        0x2 
 .bss.__sbrk_heap_end
                0x00000000200080d0        0x4 Core/Src/sysmem.o
 .bss.tmpreg.9034
                0x00000000200080d4        0x4 Drivers/STM32F7xx_HAL_Driver/Src/stm32f7xx_ll_usb.o
 .bss.FatFs     0x00000000200080d8        0x4 Middlewares/Third_Party/FatFs/src/ff.o
 .bss.Fsid      0x00000000200080dc        0x2 Middlewares/Third_Party/FatFs/src/ff.o
 *fill*         0x00000000200080de        0x2 
 .bss.Files     0x00000000200080e0       0x20 Middlewares/Third_Party/FatFs/src/ff.o
 .bss.disk      0x0000000020008100        0xc Middlewares/Third_Party/FatFs/src/ff_gen_drv.o
                0x0000000020008100                disk
 .bss.Appli_state
                0x000000002000810c        0x1 USB_HOST/App/usb_host.o
                0x000000002000810c                Appli_state
 *fill*         0x000000002000810d        0x3 
 .bss.__malloc_free_list
                0x0000000020008110        0x4 d:/wtf/stm32cubeide_1.4.0/stm32cubeide/plugins/com.st.stm32cube.ide.mcu.externaltools.gnu-tools-for-stm32.7-2018-q2-update.win32_1.4.0.202007081208/tools/bin/../lib/gcc/arm-none-eabi/7.3.1/../../../../arm-none-eabi/lib/thumb/v7e-m/fpv5/hard\libc_nano.a(lib_a-nano-mallocr.o)
                0x0000000020008110                __malloc_free_list
 .bss.__malloc_sbrk_start
                0x0000000020008114        0x4 d:/wtf/stm32cubeide_1.4.0/stm32cubeide/plugins/com.st.stm32cube.ide.mcu.externaltools.gnu-tools-for-stm32.7-2018-q2-update.win32_1.4.0.202007081208/tools/bin/../lib/gcc/arm-none-eabi/7.3.1/../../../../arm-none-eabi/lib/thumb/v7e-m/fpv5/hard\libc_nano.a(lib_a-nano-mallocr.o)
                0x0000000020008114                __malloc_sbrk_start
 *(COMMON)
 COMMON         0x0000000020008118      0x7c8 Core/Src/main.o
                0x0000000020008118                fileR
                0x0000000020008348                myFile
                0x0000000020008578                huart3
                0x00000000200085f8                byteswritten
                0x00000000200085fc                bytesread
                0x0000000020008600                rwtext
                0x0000000020008664                myUsbFatFS
                0x0000000020008894                res
                0x0000000020008898                heth
 COMMON         0x00000000200088e0        0x4 Drivers/STM32F7xx_HAL_Driver/Src/stm32f7xx_hal.o
                0x00000000200088e0                uwTick
 COMMON         0x00000000200088e4       0x1c Drivers/STM32F7xx_HAL_Driver/Src/stm32f7xx_hal_flash.o
                0x00000000200088e4                pFlash
 COMMON         0x0000000020008900      0x469 FATFS/App/fatfs.o
                0x0000000020008900                USBHPath
                0x0000000020008904                USBHFile
                0x0000000020008b34                USBHFatFS
                0x0000000020008d64                USBH_Path
                0x0000000020008d68                retUSBH
 *fill*         0x0000000020008d69        0x3 
 COMMON         0x0000000020008d6c      0x3d8 USB_HOST/App/usb_host.o
                0x0000000020008d6c                hUsbHostFS