Archive member included to satisfy reference by file (symbol)

d:/wtf/stm32cubeide_1.4.0/stm32cubeide/plugins/com.st.stm32cube.ide.mcu.externaltools.gnu-tools-for-stm32.7-2018-q2-update.win32_1.4.0.202007081208/tools/bin/../lib/gcc/arm-none-eabi/7.3.1/../../../../arm-none-eabi/lib/thumb/v7e-m/fpv5/hard\libc_nano.a(lib_a-errno.o)
                              Core/Src/syscalls.o (__errno)
d:/wtf/stm32cubeide_1.4.0/stm32cubeide/plugins/com.st.stm32cube.ide.mcu.externaltools.gnu-tools-for-stm32.7-2018-q2-update.win32_1.4.0.202007081208/tools/bin/../lib/gcc/arm-none-eabi/7.3.1/../../../../arm-none-eabi/lib/thumb/v7e-m/fpv5/hard\libc_nano.a(lib_a-exit.o)
                              d:/wtf/stm32cubeide_1.4.0/stm32cubeide/plugins/com.st.stm32cube.ide.mcu.externaltools.gnu-tools-for-stm32.7-2018-q2-update.win32_1.4.0.202007081208/tools/bin/../lib/gcc/arm-none-eabi/7.3.1/../../../../arm-none-eabi/lib/thumb/v7e-m/fpv5/hard/crt0.o (exit)
d:/wtf/stm32cubeide_1.4.0/stm32cubeide/plugins/com.st.stm32cube.ide.mcu.externaltools.gnu-tools-for-stm32.7-2018-q2-update.win32_1.4.0.202007081208/tools/bin/../lib/gcc/arm-none-eabi/7.3.1/../../../../arm-none-eabi/lib/thumb/v7e-m/fpv5/hard\libc_nano.a(lib_a-impure.o)
                              d:/wtf/stm32cubeide_1.4.0/stm32cubeide/plugins/com.st.stm32cube.ide.mcu.externaltools.gnu-tools-for-stm32.7-2018-q2-update.win32_1.4.0.202007081208/tools/bin/../lib/gcc/arm-none-eabi/7.3.1/../../../../arm-none-eabi/lib/thumb/v7e-m/fpv5/hard\libc_nano.a(lib_a-exit.o) (_global_impure_ptr)
d:/wtf/stm32cubeide_1.4.0/stm32cubeide/plugins/com.st.stm32cube.ide.mcu.externaltools.gnu-tools-for-stm32.7-2018-q2-update.win32_1.4.0.202007081208/tools/bin/../lib/gcc/arm-none-eabi/7.3.1/../../../../arm-none-eabi/lib/thumb/v7e-m/fpv5/hard\libc_nano.a(lib_a-init.o)
                              d:/wtf/stm32cubeide_1.4.0/stm32cubeide/plugins/com.st.stm32cube.ide.mcu.externaltools.gnu-tools-for-stm32.7-2018-q2-update.win32_1.4.0.202007081208/tools/bin/../lib/gcc/arm-none-eabi/7.3.1/../../../../arm-none-eabi/lib/thumb/v7e-m/fpv5/hard/crt0.o (__libc_init_array)
d:/wtf/stm32cubeide_1.4.0/stm32cubeide/plugins/com.st.stm32cube.ide.mcu.externaltools.gnu-tools-for-stm32.7-2018-q2-update.win32_1.4.0.202007081208/tools/bin/../lib/gcc/arm-none-eabi/7.3.1/../../../../arm-none-eabi/lib/thumb/v7e-m/fpv5/hard\libc_nano.a(lib_a-malloc.o)
                              Middlewares/ST/STM32_USB_Host_Library/Class/MSC/Src/usbh_msc.o (malloc)
d:/wtf/stm32cubeide_1.4.0/stm32cubeide/plugins/com.st.stm32cube.ide.mcu.externaltools.gnu-tools-for-stm32.7-2018-q2-update.win32_1.4.0.202007081208/tools/bin/../lib/gcc/arm-none-eabi/7.3.1/../../../../arm-none-eabi/lib/thumb/v7e-m/fpv5/hard\libc_nano.a(lib_a-memcpy-stub.o)
                              Core/Src/commands.o (memcpy)
d:/wtf/stm32cubeide_1.4.0/stm32cubeide/plugins/com.st.stm32cube.ide.mcu.externaltools.gnu-tools-for-stm32.7-2018-q2-update.win32_1.4.0.202007081208/tools/bin/../lib/gcc/arm-none-eabi/7.3.1/../../../../arm-none-eabi/lib/thumb/v7e-m/fpv5/hard\libc_nano.a(lib_a-memset.o)
                              d:/wtf/stm32cubeide_1.4.0/stm32cubeide/plugins/com.st.stm32cube.ide.mcu.externaltools.gnu-tools-for-stm32.7-2018-q2-update.win32_1.4.0.202007081208/tools/bin/../lib/gcc/arm-none-eabi/7.3.1/../../../../arm-none-eabi/lib/thumb/v7e-m/fpv5/hard/crt0.o (memset)
d:/wtf/stm32cubeide_1.4.0/stm32cubeide/plugins/com.st.stm32cube.ide.mcu.externaltools.gnu-tools-for-stm32.7-2018-q2-update.win32_1.4.0.202007081208/tools/bin/../lib/gcc/arm-none-eabi/7.3.1/../../../../arm-none-eabi/lib/thumb/v7e-m/fpv5/hard\libc_nano.a(lib_a-nano-freer.o)
                              d:/wtf/stm32cubeide_1.4.0/stm32cubeide/plugins/com.st.stm32cube.ide.mcu.externaltools.gnu-tools-for-stm32.7-2018-q2-update.win32_1.4.0.202007081208/tools/bin/../lib/gcc/arm-none-eabi/7.3.1/../../../../arm-none-eabi/lib/thumb/v7e-m/fpv5/hard\libc_nano.a(lib_a-malloc.o) (_free_r)
d:/wtf/stm32cubeide_1.4.0/stm32cubeide/plugins/com.st.stm32cube.ide.mcu.externaltools.gnu-tools-for-stm32.7-2018-q2-update.win32_1.4.0.202007081208/tools/bin/../lib/gcc/arm-none-eabi/7.3.1/../../../../arm-none-eabi/lib/thumb/v7e-m/fpv5/hard\libc_nano.a(lib_a-nano-mallocr.o)
                              d:/wtf/stm32cubeide_1.4.0/stm32cubeide/plugins/com.st.stm32cube.ide.mcu.externaltools.gnu-tools-for-stm32.7-2018-q2-update.win32_1.4.0.202007081208/tools/bin/../lib/gcc/arm-none-eabi/7.3.1/../../../../arm-none-eabi/lib/thumb/v7e-m/fpv5/hard\libc_nano.a(lib_a-malloc.o) (_malloc_r)
d:/wtf/stm32cubeide_1.4.0/stm32cubeide/plugins/com.st.stm32cube.ide.mcu.externaltools.gnu-tools-for-stm32.7-2018-q2-update.win32_1.4.0.202007081208/tools/bin/../lib/gcc/arm-none-eabi/7.3.1/../../../../arm-none-eabi/lib/thumb/v7e-m/fpv5/hard\libc_nano.a(lib_a-printf.o)
                              Core/Src/bootloadder.o (printf)
[...]
Memory Configuration

Name             Origin             Length             Attributes
RAM              0x0000000020000000 0x0000000000080000 xrw
FLASH            0x0000000008000000 0x0000000000200000 xr
*default*        0x0000000000000000 0xffffffffffffffff

Linker script and memory map

LOAD d:/wtf/stm32cubeide_1.4.0/stm32cubeide/plugins/com.st.stm32cube.ide.mcu.externaltools.gnu-tools-for-stm32.7-2018-q2-update.win32_1.4.0.202007081208/tools/bin/../lib/gcc/arm-none-eabi/7.3.1/thumb/v7e-m/fpv5/hard/crti.o
LOAD d:/wtf/stm32cubeide_1.4.0/stm32cubeide/plugins/com.st.stm32cube.ide.mcu.externaltools.gnu-tools-for-stm32.7-2018-q2-update.win32_1.4.0.202007081208/tools/bin/../lib/gcc/arm-none-eabi/7.3.1/thumb/v7e-m/fpv5/hard/crtbegin.o
LOAD d:/wtf/stm32cubeide_1.4.0/stm32cubeide/plugins/com.st.stm32cube.ide.mcu.externaltools.gnu-tools-for-stm32.7-2018-q2-update.win32_1.4.0.202007081208/tools/bin/../lib/gcc/arm-none-eabi/7.3.1/../../../../arm-none-eabi/lib/thumb/v7e-m/fpv5/hard/crt0.o
LOAD Core/Src/bootloadder.o
LOAD Core/Src/commands.o
LOAD Core/Src/flash_if.o
LOAD Core/Src/main.o
LOAD Core/Src/stm32f7xx_hal_msp.o
LOAD Core/Src/stm32f7xx_it.o
LOAD Core/Src/syscalls.o
LOAD Core/Src/sysmem.o
LOAD Core/Src/system_stm32f7xx.o
LOAD Core/Startup/startup_stm32f767zitx.o
LOAD Drivers/STM32F7xx_HAL_Driver/Src/stm32f7xx_hal.o
LOAD Drivers/STM32F7xx_HAL_Driver/Src/stm32f7xx_hal_cortex.o
LOAD Drivers/STM32F7xx_HAL_Driver/Src/stm32f7xx_hal_dma.o
LOAD Drivers/STM32F7xx_HAL_Driver/Src/stm32f7xx_hal_dma_ex.o
LOAD Drivers/STM32F7xx_HAL_Driver/Src/stm32f7xx_hal_eth.o
LOAD Drivers/STM32F7xx_HAL_Driver/Src/stm32f7xx_hal_exti.o
LOAD Drivers/STM32F7xx_HAL_Driver/Src/stm32f7xx_hal_flash.o
LOAD Drivers/STM32F7xx_HAL_Driver/Src/stm32f7xx_hal_flash_ex.o
LOAD Drivers/STM32F7xx_HAL_Driver/Src/stm32f7xx_hal_gpio.o
LOAD Drivers/STM32F7xx_HAL_Driver/Src/stm32f7xx_hal_hcd.o
LOAD Drivers/STM32F7xx_HAL_Driver/Src/stm32f7xx_hal_i2c.o
LOAD Drivers/STM32F7xx_HAL_Driver/Src/stm32f7xx_hal_i2c_ex.o
LOAD Drivers/STM32F7xx_HAL_Driver/Src/stm32f7xx_hal_pwr.o
LOAD Drivers/STM32F7xx_HAL_Driver/Src/stm32f7xx_hal_pwr_ex.o
LOAD Drivers/STM32F7xx_HAL_Driver/Src/stm32f7xx_hal_rcc.o
LOAD Drivers/STM32F7xx_HAL_Driver/Src/stm32f7xx_hal_rcc_ex.o
LOAD Drivers/STM32F7xx_HAL_Driver/Src/stm32f7xx_hal_tim.o
LOAD Drivers/STM32F7xx_HAL_Driver/Src/stm32f7xx_hal_tim_ex.o
LOAD Drivers/STM32F7xx_HAL_Driver/Src/stm32f7xx_hal_uart.o
LOAD Drivers/STM32F7xx_HAL_Driver/Src/stm32f7xx_hal_uart_ex.o
LOAD Drivers/STM32F7xx_HAL_Driver/Src/stm32f7xx_ll_usb.o
LOAD FATFS/App/fatfs.o
LOAD FATFS/Target/usbh_diskio.o
LOAD Middlewares/ST/STM32_USB_Host_Library/Class/MSC/Src/usbh_msc.o
LOAD Middlewares/ST/STM32_USB_Host_Library/Class/MSC/Src/usbh_msc_bot.o
LOAD Middlewares/ST/STM32_USB_Host_Library/Class/MSC/Src/usbh_msc_scsi.o
LOAD Middlewares/ST/STM32_USB_Host_Library/Core/Src/usbh_core.o
LOAD Middlewares/ST/STM32_USB_Host_Library/Core/Src/usbh_ctlreq.o
LOAD Middlewares/ST/STM32_USB_Host_Library/Core/Src/usbh_ioreq.o
LOAD Middlewares/ST/STM32_USB_Host_Library/Core/Src/usbh_pipes.o
LOAD Middlewares/Third_Party/FatFs/src/diskio.o
LOAD Middlewares/Third_Party/FatFs/src/ff.o
LOAD Middlewares/Third_Party/FatFs/src/ff_gen_drv.o
LOAD Middlewares/Third_Party/FatFs/src/option/syscall.o
LOAD USB_HOST/App/usb_host.o
LOAD USB_HOST/Target/usbh_conf.o
LOAD USB_HOST/Target/usbh_platform.o
START GROUP
LOAD d:/wtf/stm32cubeide_1.4.0/stm32cubeide/plugins/com.st.stm32cube.ide.mcu.externaltools.gnu-tools-for-stm32.7-2018-q2-update.win32_1.4.0.202007081208/tools/bin/../lib/gcc/arm-none-eabi/7.3.1/../../../../arm-none-eabi/lib/thumb/v7e-m/fpv5/hard\libc_nano.a
LOAD d:/wtf/stm32cubeide_1.4.0/stm32cubeide/plugins/com.st.stm32cube.ide.mcu.externaltools.gnu-tools-for-stm32.7-2018-q2-update.win32_1.4.0.202007081208/tools/bin/../lib/gcc/arm-none-eabi/7.3.1/../../../../arm-none-eabi/lib/thumb/v7e-m/fpv5/hard\libm.a
END GROUP
START GROUP
LOAD d:/wtf/stm32cubeide_1.4.0/stm32cubeide/plugins/com.st.stm32cube.ide.mcu.externaltools.gnu-tools-for-stm32.7-2018-q2-update.win32_1.4.0.202007081208/tools/bin/../lib/gcc/arm-none-eabi/7.3.1/thumb/v7e-m/fpv5/hard\libgcc.a
LOAD d:/wtf/stm32cubeide_1.4.0/stm32cubeide/plugins/com.st.stm32cube.ide.mcu.externaltools.gnu-tools-for-stm32.7-2018-q2-update.win32_1.4.0.202007081208/tools/bin/../lib/gcc/arm-none-eabi/7.3.1/../../../../arm-none-eabi/lib/thumb/v7e-m/fpv5/hard\libc_nano.a
END GROUP
START GROUP
LOAD d:/wtf/stm32cubeide_1.4.0/stm32cubeide/plugins/com.st.stm32cube.ide.mcu.externaltools.gnu-tools-for-stm32.7-2018-q2-update.win32_1.4.0.202007081208/tools/bin/../lib/gcc/arm-none-eabi/7.3.1/thumb/v7e-m/fpv5/hard\libgcc.a
LOAD d:/wtf/stm32cubeide_1.4.0/stm32cubeide/plugins/com.st.stm32cube.ide.mcu.externaltools.gnu-tools-for-stm32.7-2018-q2-update.win32_1.4.0.202007081208/tools/bin/../lib/gcc/arm-none-eabi/7.3.1/../../../../arm-none-eabi/lib/thumb/v7e-m/fpv5/hard\libc_nano.a
LOAD d:/wtf/stm32cubeide_1.4.0/stm32cubeide/plugins/com.st.stm32cube.ide.mcu.externaltools.gnu-tools-for-stm32.7-2018-q2-update.win32_1.4.0.202007081208/tools/bin/../lib/gcc/arm-none-eabi/7.3.1/../../../../arm-none-eabi/lib/thumb/v7e-m/fpv5/hard\libnosys.a
END GROUP
START GROUP
LOAD d:/wtf/stm32cubeide_1.4.0/stm32cubeide/plugins/com.st.stm32cube.ide.mcu.externaltools.gnu-tools-for-stm32.7-2018-q2-update.win32_1.4.0.202007081208/tools/bin/../lib/gcc/arm-none-eabi/7.3.1/thumb/v7e-m/fpv5/hard\libgcc.a
LOAD d:/wtf/stm32cubeide_1.4.0/stm32cubeide/plugins/com.st.stm32cube.ide.mcu.externaltools.gnu-tools-for-stm32.7-2018-q2-update.win32_1.4.0.202007081208/tools/bin/../lib/gcc/arm-none-eabi/7.3.1/../../../../arm-none-eabi/lib/thumb/v7e-m/fpv5/hard\libc_nano.a
LOAD d:/wtf/stm32cubeide_1.4.0/stm32cubeide/plugins/com.st.stm32cube.ide.mcu.externaltools.gnu-tools-for-stm32.7-2018-q2-update.win32_1.4.0.202007081208/tools/bin/../lib/gcc/arm-none-eabi/7.3.1/../../../../arm-none-eabi/lib/thumb/v7e-m/fpv5/hard\libnosys.a
END GROUP
LOAD d:/wtf/stm32cubeide_1.4.0/stm32cubeide/plugins/com.st.stm32cube.ide.mcu.externaltools.gnu-tools-for-stm32.7-2018-q2-update.win32_1.4.0.202007081208/tools/bin/../lib/gcc/arm-none-eabi/7.3.1/thumb/v7e-m/fpv5/hard/crtend.o
LOAD d:/wtf/stm32cubeide_1.4.0/stm32cubeide/plugins/com.st.stm32cube.ide.mcu.externaltools.gnu-tools-for-stm32.7-2018-q2-update.win32_1.4.0.202007081208/tools/bin/../lib/gcc/arm-none-eabi/7.3.1/thumb/v7e-m/fpv5/hard/crtn.o
                0x0000000020080000                _estack = (ORIGIN (RAM) + LENGTH (RAM))
                0x0000000000000200                _Min_Heap_Size = 0x200
                0x0000000000000400                _Min_Stack_Size = 0x400

.isr_vector     0x0000000008000000      0x1f8
                0x0000000008000000                . = ALIGN (0x4)
 *(.isr_vector)
 .isr_vector    0x0000000008000000      0x1f8 Core/Startup/startup_stm32f767zitx.o
                0x0000000008000000                g_pfnVectors
                0x00000000080001f8                . = ALIGN (0x4)

.text           0x0000000008000200     0xc2d0
                0x0000000008000200                . = ALIGN (0x4)
 *(.text)
 .text          0x0000000008000200       0x40 d:/wtf/stm32cubeide_1.4.0/stm32cubeide/plugins/com.st.stm32cube.ide.mcu.externaltools.gnu-tools-for-stm32.7-2018-q2-update.win32_1.4.0.202007081208/tools/bin/../lib/gcc/arm-none-eabi/7.3.1/thumb/v7e-m/fpv5/hard/crtbegin.o
 .text          0x0000000008000240       0xa0 d:/wtf/stm32cubeide_1.4.0/stm32cubeide/plugins/com.st.stm32cube.ide.mcu.externaltools.gnu-tools-for-stm32.7-2018-q2-update.win32_1.4.0.202007081208/tools/bin/../lib/gcc/arm-none-eabi/7.3.1/../../../../arm-none-eabi/lib/thumb/v7e-m/fpv5/hard\libc_nano.a(lib_a-memchr.o)
                0x0000000008000240                memchr
 .text          0x00000000080002e0       0x30 d:/wtf/stm32cubeide_1.4.0/stm32cubeide/plugins/com.st.stm32cube.ide.mcu.externaltools.gnu-tools-for-stm32.7-2018-q2-update.win32_1.4.0.202007081208/tools/bin/../lib/gcc/arm-none-eabi/7.3.1/thumb/v7e-m/fpv5/hard\libgcc.a(_aeabi_uldivmod.o)
                0x00000000080002e0                __aeabi_uldivmod
 .text          0x0000000008000310      0x2cc d:/wtf/stm32cubeide_1.4.0/stm32cubeide/plugins/com.st.stm32cube.ide.mcu.externaltools.gnu-tools-for-stm32.7-2018-q2-update.win32_1.4.0.202007081208/tools/bin/../lib/gcc/arm-none-eabi/7.3.1/thumb/v7e-m/fpv5/hard\libgcc.a(_udivmoddi4.o)
                0x0000000008000310                __udivmoddi4
 .text          0x00000000080005dc        0x4 d:/wtf/stm32cubeide_1.4.0/stm32cubeide/plugins/com.st.stm32cube.ide.mcu.externaltools.gnu-tools-for-stm32.7-2018-q2-update.win32_1.4.0.202007081208/tools/bin/../lib/gcc/arm-none-eabi/7.3.1/thumb/v7e-m/fpv5/hard\libgcc.a(_dvmd_tls.o)
                0x00000000080005dc                __aeabi_idiv0
                0x00000000080005dc                __aeabi_ldiv0
 *(.text*)
 .text.BootAppImage
                0x00000000080005e0       0x90 Core/Src/bootloadder.o
                0x00000000080005e0                BootAppImage
 .text.no_usb_detected
                0x0000000008000670       0x30 Core/Src/commands.o
                0x0000000008000670                no_usb_detected
 .text.COMMAND_PREPARE_USB
                0x00000000080006a0       0x28 Core/Src/commands.o
                0x00000000080006a0                COMMAND_PREPARE_USB
 .text.COMMAND_DOWNLOAD
                0x00000000080006c8       0x78 Core/Src/commands.o
                0x00000000080006c8                COMMAND_DOWNLOAD
 .text.COMMAND_ProgramFlashMemory
                0x0000000008000740       0x54 Core/Src/commands.o
                0x0000000008000740                COMMAND_ProgramFlashMemory
 .text.Erase_Flash
                0x0000000008000794       0x68 Core/Src/flash_if.o
                0x0000000008000794                Erase_Flash
 .text.Write_To_Flash
                0x00000000080007fc       0xa0 Core/Src/flash_if.o
                0x00000000080007fc                Write_To_Flash
 .text.__io_putchar
                0x000000000800089c       0x24 Core/Src/main.o
                0x000000000800089c                __io_putchar
 .text.main     0x00000000080008c0       0x60 Core/Src/main.o
                0x00000000080008c0                main
 .text.SystemClock_Config
                0x0000000008000920       0x84 Core/Src/main.o
                0x0000000008000920                SystemClock_Config
 .text.MX_USART3_UART_Init
                0x00000000080009a4       0x60 Core/Src/main.o
 .text.MX_GPIO_Init
                0x0000000008000a04      0x154 Core/Src/main.o
 .text.USBEventHandler
                0x0000000008000b58       0x74 Core/Src/main.o
 .text.Error_Handler
                0x0000000008000bcc        0xe Core/Src/main.o
                0x0000000008000bcc                Error_Handler
 *fill*         0x0000000008000bda        0x2 
 .text.HAL_MspInit
                0x0000000008000bdc       0x48 Core/Src/stm32f7xx_hal_msp.o
                0x0000000008000bdc                HAL_MspInit
 .text.HAL_UART_MspInit
                0x0000000008000c24       0x88 Core/Src/stm32f7xx_hal_msp.o
                0x0000000008000c24                HAL_UART_MspInit
 .text.NMI_Handler
                0x0000000008000cac        0xe Core/Src/stm32f7xx_it.o
                0x0000000008000cac                NMI_Handler
 .text.HardFault_Handler
                0x0000000008000cba        0x6 Core/Src/stm32f7xx_it.o
                0x0000000008000cba                HardFault_Handler
 .text.MemManage_Handler
                0x0000000008000cc0        0x6 Core/Src/stm32f7xx_it.o
                0x0000000008000cc0                MemManage_Handler
 .text.BusFault_Handler
                0x0000000008000cc6        0x6 Core/Src/stm32f7xx_it.o
                0x0000000008000cc6                BusFault_Handler
 .text.UsageFault_Handler
                0x0000000008000ccc        0x6 Core/Src/stm32f7xx_it.o
                0x0000000008000ccc                UsageFault_Handler
 .text.SVC_Handler
                0x0000000008000cd2        0xe Core/Src/stm32f7xx_it.o
                0x0000000008000cd2                SVC_Handler
 .text.DebugMon_Handler
                0x0000000008000ce0        0xe Core/Src/stm32f7xx_it.o
                0x0000000008000ce0                DebugMon_Handler
 .text.PendSV_Handler
                0x0000000008000cee        0xe Core/Src/stm32f7xx_it.o
                0x0000000008000cee                PendSV_Handler
 .text.SysTick_Handler
                0x0000000008000cfc       0x54 Core/Src/stm32f7xx_it.o
                0x0000000008000cfc                SysTick_Handler
 .text.OTG_FS_IRQHandler
                0x0000000008000d50       0x14 Core/Src/stm32f7xx_it.o
                0x0000000008000d50                OTG_FS_IRQHandler
 .text.EXTI15_10_IRQHandler
                0x0000000008000d64       0x10 Core/Src/stm32f7xx_it.o
                0x0000000008000d64                EXTI15_10_IRQHandler
 .text._read    0x0000000008000d74       0x3a Core/Src/syscalls.o
                0x0000000008000d74                _read
 .text._write   0x0000000008000dae       0x38 Core/Src/syscalls.o
                0x0000000008000dae                _write
 .text._close   0x0000000008000de6       0x18 Core/Src/syscalls.o
                0x0000000008000de6                _close
 .text._fstat   0x0000000008000dfe       0x20 Core/Src/syscalls.o
                0x0000000008000dfe                _fstat
 .text._isatty  0x0000000008000e1e       0x16 Core/Src/syscalls.o
                0x0000000008000e1e                _isatty
 .text._lseek   0x0000000008000e34       0x1a Core/Src/syscalls.o
                0x0000000008000e34                _lseek
 *fill*         0x0000000008000e4e        0x2 
 .text._sbrk    0x0000000008000e50       0x6c Core/Src/sysmem.o
                0x0000000008000e50                _sbrk
 .text.SystemInit
                0x0000000008000ebc       0x2c Core/Src/system_stm32f7xx.o
                0x0000000008000ebc                SystemInit
 .text.Reset_Handler
                0x0000000008000ee8       0x50 Core/Startup/startup_stm32f767zitx.o
                0x0000000008000ee8                Reset_Handler
 .text.Default_Handler
                0x0000000008000f38        0x2 Core/Startup/startup_stm32f767zitx.o
                0x0000000008000f38                RTC_Alarm_IRQHandler
                0x0000000008000f38                EXTI2_IRQHandler
                0x0000000008000f38                TIM8_CC_IRQHandler
                0x0000000008000f38                UART8_IRQHandler
                0x0000000008000f38                SPI4_IRQHandler
                0x0000000008000f38                TIM1_CC_IRQHandler
                0x0000000008000f38                DMA2_Stream5_IRQHandler
                0x0000000008000f38                JPEG_IRQHandler
                0x0000000008000f38                DMA1_Stream5_IRQHandler
                0x0000000008000f38                CAN3_RX1_IRQHandler
                0x0000000008000f38                PVD_IRQHandler
                0x0000000008000f38                TAMP_STAMP_IRQHandler
                0x0000000008000f38                CAN2_RX1_IRQHandler
                0x0000000008000f38                EXTI3_IRQHandler
                0x0000000008000f38                TIM8_TRG_COM_TIM14_IRQHandler
                0x0000000008000f38                DFSDM1_FLT1_IRQHandler
                0x0000000008000f38                TIM1_UP_TIM10_IRQHandler
                0x0000000008000f38                TIM8_UP_TIM13_IRQHandler
                0x0000000008000f38                I2C3_ER_IRQHandler
                0x0000000008000f38                DFSDM1_FLT2_IRQHandler
                0x0000000008000f38                EXTI0_IRQHandler
                0x0000000008000f38                I2C2_EV_IRQHandler
                0x0000000008000f38                DMA1_Stream2_IRQHandler
                0x0000000008000f38                CAN1_RX0_IRQHandler
                0x0000000008000f38                FPU_IRQHandler
                0x0000000008000f38                OTG_HS_WKUP_IRQHandler
                0x0000000008000f38                CAN3_SCE_IRQHandler
                0x0000000008000f38                LTDC_ER_IRQHandler
                0x0000000008000f38                CAN2_SCE_IRQHandler
                0x0000000008000f38                DMA2_Stream2_IRQHandler
                0x0000000008000f38                SPI1_IRQHandler
                0x0000000008000f38                TIM6_DAC_IRQHandler
                0x0000000008000f38                TIM1_BRK_TIM9_IRQHandler
                0x0000000008000f38                DCMI_IRQHandler
                0x0000000008000f38                CAN2_RX0_IRQHandler
                0x0000000008000f38                DMA2_Stream3_IRQHandler
                0x0000000008000f38                SAI2_IRQHandler
                0x0000000008000f38                DFSDM1_FLT3_IRQHandler
                0x0000000008000f38                USART6_IRQHandler
                0x0000000008000f38                CAN3_RX0_IRQHandler
                0x0000000008000f38                USART3_IRQHandler
                0x0000000008000f38                CAN1_RX1_IRQHandler
                0x0000000008000f38                UART5_IRQHandler
                0x0000000008000f38                DMA2_Stream0_IRQHandler
                0x0000000008000f38                TIM4_IRQHandler
                0x0000000008000f38                QUADSPI_IRQHandler
                0x0000000008000f38                I2C1_EV_IRQHandler
                0x0000000008000f38                DMA1_Stream6_IRQHandler
                0x0000000008000f38                DMA1_Stream1_IRQHandler
                0x0000000008000f38                UART4_IRQHandler
                0x0000000008000f38                TIM3_IRQHandler
                0x0000000008000f38                RCC_IRQHandler
                0x0000000008000f38                TIM8_BRK_TIM12_IRQHandler
                0x0000000008000f38                Default_Handler
                0x0000000008000f38                CEC_IRQHandler
                0x0000000008000f38                ADC_IRQHandler
                0x0000000008000f38                DMA1_Stream7_IRQHandler
                0x0000000008000f38                SPI5_IRQHandler
                0x0000000008000f38                TIM7_IRQHandler
                0x0000000008000f38                SDMMC1_IRQHandler
                0x0000000008000f38                CAN2_TX_IRQHandler
                0x0000000008000f38                TIM5_IRQHandler
                0x0000000008000f38                DMA2_Stream7_IRQHandler
                0x0000000008000f38                I2C3_EV_IRQHandler
                0x0000000008000f38                EXTI9_5_IRQHandler
                0x0000000008000f38                RTC_WKUP_IRQHandler
                0x0000000008000f38                LTDC_IRQHandler
                0x0000000008000f38                ETH_WKUP_IRQHandler
                0x0000000008000f38                SPDIF_RX_IRQHandler
                0x0000000008000f38                SPI2_IRQHandler
                0x0000000008000f38                OTG_HS_EP1_IN_IRQHandler
                0x0000000008000f38                DMA1_Stream0_IRQHandler
                0x0000000008000f38                CAN1_TX_IRQHandler
                0x0000000008000f38                EXTI4_IRQHandler
                0x0000000008000f38                RNG_IRQHandler
                0x0000000008000f38                ETH_IRQHandler
                0x0000000008000f38                OTG_HS_EP1_OUT_IRQHandler
                0x0000000008000f38                WWDG_IRQHandler
                0x0000000008000f38                SPI6_IRQHandler
                0x0000000008000f38                MDIOS_IRQHandler
                0x0000000008000f38                I2C4_EV_IRQHandler
                0x0000000008000f38                CAN3_TX_IRQHandler
                0x0000000008000f38                TIM2_IRQHandler
                0x0000000008000f38                OTG_FS_WKUP_IRQHandler
                0x0000000008000f38                TIM1_TRG_COM_TIM11_IRQHandler
                0x0000000008000f38                OTG_HS_IRQHandler
                0x0000000008000f38                DMA2D_IRQHandler
                0x0000000008000f38                EXTI1_IRQHandler
                0x0000000008000f38                SDMMC2_IRQHandler
                0x0000000008000f38                UART7_IRQHandler
                0x0000000008000f38                USART2_IRQHandler
                0x0000000008000f38                DFSDM1_FLT0_IRQHandler
                0x0000000008000f38                I2C2_ER_IRQHandler
                0x0000000008000f38                DMA2_Stream1_IRQHandler
                0x0000000008000f38                CAN1_SCE_IRQHandler
                0x0000000008000f38                FLASH_IRQHandler
                0x0000000008000f38                DMA2_Stream4_IRQHandler
                0x0000000008000f38                USART1_IRQHandler
                0x0000000008000f38                SPI3_IRQHandler
                0x0000000008000f38                DMA1_Stream4_IRQHandler
                0x0000000008000f38                I2C1_ER_IRQHandler
                0x0000000008000f38                FMC_IRQHandler
                0x0000000008000f38                LPTIM1_IRQHandler
                0x0000000008000f38                I2C4_ER_IRQHandler
                0x0000000008000f38                DMA2_Stream6_IRQHandler
                0x0000000008000f38                SAI1_IRQHandler
                0x0000000008000f38                DMA1_Stream3_IRQHandler
 .text.HAL_Init
                0x0000000008000f3a       0x1a Drivers/STM32F7xx_HAL_Driver/Src/stm32f7xx_hal.o
                0x0000000008000f3a                HAL_Init
 .text.HAL_InitTick
                0x0000000008000f54       0x60 Drivers/STM32F7xx_HAL_Driver/Src/stm32f7xx_hal.o
                0x0000000008000f54                HAL_InitTick
 .text.HAL_IncTick
                0x0000000008000fb4       0x28 Drivers/STM32F7xx_HAL_Driver/Src/stm32f7xx_hal.o
                0x0000000008000fb4                HAL_IncTick
 .text.HAL_GetTick
                0x0000000008000fdc       0x18 Drivers/STM32F7xx_HAL_Driver/Src/stm32f7xx_hal.o
                0x0000000008000fdc                HAL_GetTick
 .text.HAL_Delay
                0x0000000008000ff4       0x44 Drivers/STM32F7xx_HAL_Driver/Src/stm32f7xx_hal.o
                0x0000000008000ff4                HAL_Delay
 .text.__NVIC_SetPriorityGrouping
                0x0000000008001038       0x48 Drivers/STM32F7xx_HAL_Driver/Src/stm32f7xx_hal_cortex.o
 .text.__NVIC_GetPriorityGrouping
                0x0000000008001080       0x1c Drivers/STM32F7xx_HAL_Driver/Src/stm32f7xx_hal_cortex.o
 .text.__NVIC_EnableIRQ
                0x000000000800109c       0x3c Drivers/STM32F7xx_HAL_Driver/Src/stm32f7xx_hal_cortex.o
 .text.__NVIC_SetPriority
                0x00000000080010d8       0x54 Drivers/STM32F7xx_HAL_Driver/Src/stm32f7xx_hal_cortex.o
 .text.NVIC_EncodePriority
                0x000000000800112c       0x66 Drivers/STM32F7xx_HAL_Driver/Src/stm32f7xx_hal_cortex.o
 *fill*         0x0000000008001192        0x2 
 .text.SysTick_Config
                0x0000000008001194       0x44 Drivers/STM32F7xx_HAL_Driver/Src/stm32f7xx_hal_cortex.o
 .text.HAL_NVIC_SetPriorityGrouping
                0x00000000080011d8       0x16 Drivers/STM32F7xx_HAL_Driver/Src/stm32f7xx_hal_cortex.o
                0x00000000080011d8                HAL_NVIC_SetPriorityGrouping
 .text.HAL_NVIC_SetPriority
                0x00000000080011ee       0x38 Drivers/STM32F7xx_HAL_Driver/Src/stm32f7xx_hal_cortex.o
                0x00000000080011ee                HAL_NVIC_SetPriority
 .text.HAL_NVIC_EnableIRQ
                0x0000000008001226       0x1c Drivers/STM32F7xx_HAL_Driver/Src/stm32f7xx_hal_cortex.o
                0x0000000008001226                HAL_NVIC_EnableIRQ
 .text.HAL_SYSTICK_Config
                0x0000000008001242       0x18 Drivers/STM32F7xx_HAL_Driver/Src/stm32f7xx_hal_cortex.o
                0x0000000008001242                HAL_SYSTICK_Config
 *fill*         0x000000000800125a        0x2 
 .text.HAL_FLASH_Program
                0x000000000800125c       0xb8 Drivers/STM32F7xx_HAL_Driver/Src/stm32f7xx_hal_flash.o
                0x000000000800125c                HAL_FLASH_Program
 .text.HAL_FLASH_Unlock
                0x0000000008001314       0x44 Drivers/STM32F7xx_HAL_Driver/Src/stm32f7xx_hal_flash.o
                0x0000000008001314                HAL_FLASH_Unlock
 .text.HAL_FLASH_Lock
                0x0000000008001358       0x20 Drivers/STM32F7xx_HAL_Driver/Src/stm32f7xx_hal_flash.o
                0x0000000008001358                HAL_FLASH_Lock
 .text.HAL_FLASH_OB_Unlock
                0x0000000008001378       0x38 Drivers/STM32F7xx_HAL_Driver/Src/stm32f7xx_hal_flash.o
                0x0000000008001378                HAL_FLASH_OB_Unlock
 .text.HAL_FLASH_OB_Lock
                0x00000000080013b0       0x20 Drivers/STM32F7xx_HAL_Driver/Src/stm32f7xx_hal_flash.o
                0x00000000080013b0                HAL_FLASH_OB_Lock
 .text.FLASH_WaitForLastOperation
                0x00000000080013d0       0x80 Drivers/STM32F7xx_HAL_Driver/Src/stm32f7xx_hal_flash.o
                0x00000000080013d0                FLASH_WaitForLastOperation
 .text.FLASH_Program_DoubleWord
                0x0000000008001450       0x60 Drivers/STM32F7xx_HAL_Driver/Src/stm32f7xx_hal_flash.o
 .text.FLASH_Program_Word
                0x00000000080014b0       0x48 Drivers/STM32F7xx_HAL_Driver/Src/stm32f7xx_hal_flash.o
 .text.FLASH_Program_HalfWord
                0x00000000080014f8       0x4c Drivers/STM32F7xx_HAL_Driver/Src/stm32f7xx_hal_flash.o
 .text.FLASH_Program_Byte
                0x0000000008001544       0x48 Drivers/STM32F7xx_HAL_Driver/Src/stm32f7xx_hal_flash.o
 .text.FLASH_SetErrorCode
                0x000000000800158c       0x94 Drivers/STM32F7xx_HAL_Driver/Src/stm32f7xx_hal_flash.o
 .text.HAL_FLASHEx_Erase
                0x0000000008001620       0xe0 Drivers/STM32F7xx_HAL_Driver/Src/stm32f7xx_hal_flash_ex.o
                0x0000000008001620                HAL_FLASHEx_Erase
 .text.HAL_FLASHEx_OBGetConfig
                0x0000000008001700       0x58 Drivers/STM32F7xx_HAL_Driver/Src/stm32f7xx_hal_flash_ex.o
                0x0000000008001700                HAL_FLASHEx_OBGetConfig
 .text.FLASH_MassErase
                0x0000000008001758       0x74 Drivers/STM32F7xx_HAL_Driver/Src/stm32f7xx_hal_flash_ex.o
 .text.FLASH_Erase_Sector
                0x00000000080017cc       0xa0 Drivers/STM32F7xx_HAL_Driver/Src/stm32f7xx_hal_flash_ex.o
                0x00000000080017cc                FLASH_Erase_Sector
 .text.FLASH_OB_GetWRP
                0x000000000800186c       0x20 Drivers/STM32F7xx_HAL_Driver/Src/stm32f7xx_hal_flash_ex.o
 .text.FLASH_OB_GetUser
                0x000000000800188c       0x20 Drivers/STM32F7xx_HAL_Driver/Src/stm32f7xx_hal_flash_ex.o
 .text.FLASH_OB_GetRDP
                0x00000000080018ac       0x40 Drivers/STM32F7xx_HAL_Driver/Src/stm32f7xx_hal_flash_ex.o
 .text.FLASH_OB_GetBOR
                0x00000000080018ec       0x1c Drivers/STM32F7xx_HAL_Driver/Src/stm32f7xx_hal_flash_ex.o
 .text.FLASH_OB_GetBootAddress
                0x0000000008001908       0x38 Drivers/STM32F7xx_HAL_Driver/Src/stm32f7xx_hal_flash_ex.o
 .text.HAL_GPIO_Init
                0x0000000008001940      0x354 Drivers/STM32F7xx_HAL_Driver/Src/stm32f7xx_hal_gpio.o
                0x0000000008001940                HAL_GPIO_Init
 .text.HAL_GPIO_WritePin
                0x0000000008001c94       0x32 Drivers/STM32F7xx_HAL_Driver/Src/stm32f7xx_hal_gpio.o
                0x0000000008001c94                HAL_GPIO_WritePin
 *fill*         0x0000000008001cc6        0x2 
 .text.HAL_GPIO_EXTI_IRQHandler
                0x0000000008001cc8       0x30 Drivers/STM32F7xx_HAL_Driver/Src/stm32f7xx_hal_gpio.o
                0x0000000008001cc8                HAL_GPIO_EXTI_IRQHandler
 .text.HAL_GPIO_EXTI_Callback
                0x0000000008001cf8       0x16 Drivers/STM32F7xx_HAL_Driver/Src/stm32f7xx_hal_gpio.o
                0x0000000008001cf8                HAL_GPIO_EXTI_Callback
 .text.HAL_HCD_Init
                0x0000000008001d0e       0xc4 Drivers/STM32F7xx_HAL_Driver/Src/stm32f7xx_hal_hcd.o
                0x0000000008001d0e                HAL_HCD_Init
 .text.HAL_HCD_HC_Init
                0x0000000008001dd2      0x130 Drivers/STM32F7xx_HAL_Driver/Src/stm32f7xx_hal_hcd.o
                0x0000000008001dd2                HAL_HCD_HC_Init
 .text.HAL_HCD_HC_Halt
                0x0000000008001f02       0x46 Drivers/STM32F7xx_HAL_Driver/Src/stm32f7xx_hal_hcd.o
                0x0000000008001f02                HAL_HCD_HC_Halt
 .text.HAL_HCD_HC_SubmitRequest
                0x0000000008001f48      0x2e4 Drivers/STM32F7xx_HAL_Driver/Src/stm32f7xx_hal_hcd.o
                0x0000000008001f48                HAL_HCD_HC_SubmitRequest
 .text.HAL_HCD_IRQHandler
                0x000000000800222c      0x208 Drivers/STM32F7xx_HAL_Driver/Src/stm32f7xx_hal_hcd.o
                0x000000000800222c                HAL_HCD_IRQHandler
 .text.HAL_HCD_Start
                0x0000000008002434       0x46 Drivers/STM32F7xx_HAL_Driver/Src/stm32f7xx_hal_hcd.o
                0x0000000008002434                HAL_HCD_Start
 .text.HAL_HCD_Stop
                0x000000000800247a       0x3a Drivers/STM32F7xx_HAL_Driver/Src/stm32f7xx_hal_hcd.o
                0x000000000800247a                HAL_HCD_Stop
 .text.HAL_HCD_ResetPort
                0x00000000080024b4       0x1c Drivers/STM32F7xx_HAL_Driver/Src/stm32f7xx_hal_hcd.o
                0x00000000080024b4                HAL_HCD_ResetPort
 .text.HAL_HCD_HC_GetURBState
                0x00000000080024d0       0x2a Drivers/STM32F7xx_HAL_Driver/Src/stm32f7xx_hal_hcd.o
                0x00000000080024d0                HAL_HCD_HC_GetURBState
 .text.HAL_HCD_HC_GetXferCount
                0x00000000080024fa       0x2a Drivers/STM32F7xx_HAL_Driver/Src/stm32f7xx_hal_hcd.o
                0x00000000080024fa                HAL_HCD_HC_GetXferCount
 .text.HAL_HCD_GetCurrentFrame
                0x0000000008002524       0x1c Drivers/STM32F7xx_HAL_Driver/Src/stm32f7xx_hal_hcd.o
                0x0000000008002524                HAL_HCD_GetCurrentFrame
 .text.HAL_HCD_GetCurrentSpeed
                0x0000000008002540       0x1c Drivers/STM32F7xx_HAL_Driver/Src/stm32f7xx_hal_hcd.o
                0x0000000008002540                HAL_HCD_GetCurrentSpeed
 .text.HCD_HC_IN_IRQHandler
                0x000000000800255c      0x86a Drivers/STM32F7xx_HAL_Driver/Src/stm32f7xx_hal_hcd.o
 .text.HCD_HC_OUT_IRQHandler
                0x0000000008002dc6      0x6ea Drivers/STM32F7xx_HAL_Driver/Src/stm32f7xx_hal_hcd.o
 .text.HCD_RXQLVL_IRQHandler
                0x00000000080034b0      0x158 Drivers/STM32F7xx_HAL_Driver/Src/stm32f7xx_hal_hcd.o
 .text.HCD_Port_IRQHandler
                0x0000000008003608       0xe6 Drivers/STM32F7xx_HAL_Driver/Src/stm32f7xx_hal_hcd.o
 *fill*         0x00000000080036ee        0x2 
 .text.HAL_PWREx_EnableOverDrive
                0x00000000080036f0       0xa0 Drivers/STM32F7xx_HAL_Driver/Src/stm32f7xx_hal_pwr_ex.o
                0x00000000080036f0                HAL_PWREx_EnableOverDrive
 .text.HAL_RCC_DeInit
                0x0000000008003790      0x1c0 Drivers/STM32F7xx_HAL_Driver/Src/stm32f7xx_hal_rcc.o
                0x0000000008003790                HAL_RCC_DeInit
 .text.HAL_RCC_OscConfig
                0x0000000008003950      0x55c Drivers/STM32F7xx_HAL_Driver/Src/stm32f7xx_hal_rcc.o
                0x0000000008003950                HAL_RCC_OscConfig
 .text.HAL_RCC_ClockConfig
                0x0000000008003eac      0x1d8 Drivers/STM32F7xx_HAL_Driver/Src/stm32f7xx_hal_rcc.o
                0x0000000008003eac                HAL_RCC_ClockConfig
 .text.HAL_RCC_GetSysClockFreq
                0x0000000008004084      0x1b0 Drivers/STM32F7xx_HAL_Driver/Src/stm32f7xx_hal_rcc.o
                0x0000000008004084                HAL_RCC_GetSysClockFreq
 .text.HAL_RCC_GetHCLKFreq
                0x0000000008004234       0x18 Drivers/STM32F7xx_HAL_Driver/Src/stm32f7xx_hal_rcc.o
                0x0000000008004234                HAL_RCC_GetHCLKFreq
 .text.HAL_RCC_GetPCLK1Freq
                0x000000000800424c       0x28 Drivers/STM32F7xx_HAL_Driver/Src/stm32f7xx_hal_rcc.o
                0x000000000800424c                HAL_RCC_GetPCLK1Freq
 .text.HAL_RCC_GetPCLK2Freq
                0x0000000008004274       0x28 Drivers/STM32F7xx_HAL_Driver/Src/stm32f7xx_hal_rcc.o
                0x0000000008004274                HAL_RCC_GetPCLK2Freq
 .text.HAL_UART_Init
                0x000000000800429c       0x9c Drivers/STM32F7xx_HAL_Driver/Src/stm32f7xx_hal_uart.o
                0x000000000800429c                HAL_UART_Init
 .text.HAL_UART_Transmit
                0x0000000008004338      0x122 Drivers/STM32F7xx_HAL_Driver/Src/stm32f7xx_hal_uart.o
                0x0000000008004338                HAL_UART_Transmit
 *fill*         0x000000000800445a        0x2 
 .text.UART_SetConfig
                0x000000000800445c      0x554 Drivers/STM32F7xx_HAL_Driver/Src/stm32f7xx_hal_uart.o
                0x000000000800445c                UART_SetConfig
 .text.UART_AdvFeatureConfig
                0x00000000080049b0      0x144 Drivers/STM32F7xx_HAL_Driver/Src/stm32f7xx_hal_uart.o
                0x00000000080049b0                UART_AdvFeatureConfig
 .text.UART_CheckIdleState
                0x0000000008004af4       0x8a Drivers/STM32F7xx_HAL_Driver/Src/stm32f7xx_hal_uart.o
                0x0000000008004af4                UART_CheckIdleState
 .text.UART_WaitOnFlagUntilTimeout
                0x0000000008004b7e       0xf6 Drivers/STM32F7xx_HAL_Driver/Src/stm32f7xx_hal_uart.o
                0x0000000008004b7e                UART_WaitOnFlagUntilTimeout
 .text.USB_CoreInit
                0x0000000008004c74       0xb0 Drivers/STM32F7xx_HAL_Driver/Src/stm32f7xx_ll_usb.o
                0x0000000008004c74                USB_CoreInit
 .text.USB_EnableGlobalInt
                0x0000000008004d24       0x22 Drivers/STM32F7xx_HAL_Driver/Src/stm32f7xx_ll_usb.o
                0x0000000008004d24                USB_EnableGlobalInt
 .text.USB_DisableGlobalInt
                0x0000000008004d46       0x22 Drivers/STM32F7xx_HAL_Driver/Src/stm32f7xx_ll_usb.o
                0x0000000008004d46                USB_DisableGlobalInt
 .text.USB_SetCurrentMode
                0x0000000008004d68       0x54 Drivers/STM32F7xx_HAL_Driver/Src/stm32f7xx_ll_usb.o
                0x0000000008004d68                USB_SetCurrentMode
 .text.USB_FlushTxFifo
                0x0000000008004dbc       0x4c Drivers/STM32F7xx_HAL_Driver/Src/stm32f7xx_ll_usb.o
                0x0000000008004dbc                USB_FlushTxFifo
 .text.USB_FlushRxFifo
                0x0000000008004e08       0x44 Drivers/STM32F7xx_HAL_Driver/Src/stm32f7xx_ll_usb.o
                0x0000000008004e08                USB_FlushRxFifo
 .text.USB_WritePacket
                0x0000000008004e4c       0x6a Drivers/STM32F7xx_HAL_Driver/Src/stm32f7xx_ll_usb.o
                0x0000000008004e4c                USB_WritePacket
 .text.USB_ReadPacket
                0x0000000008004eb6       0x52 Drivers/STM32F7xx_HAL_Driver/Src/stm32f7xx_ll_usb.o
                0x0000000008004eb6                USB_ReadPacket
 .text.USB_ReadInterrupts
                0x0000000008004f08       0x26 Drivers/STM32F7xx_HAL_Driver/Src/stm32f7xx_ll_usb.o
                0x0000000008004f08                USB_ReadInterrupts
 .text.USB_GetMode
                0x0000000008004f2e       0x1c Drivers/STM32F7xx_HAL_Driver/Src/stm32f7xx_ll_usb.o
                0x0000000008004f2e                USB_GetMode
 *fill*         0x0000000008004f4a        0x2 
 .text.USB_CoreReset
                0x0000000008004f4c       0x68 Drivers/STM32F7xx_HAL_Driver/Src/stm32f7xx_ll_usb.o
 .text.USB_HostInit
                0x0000000008004fb4      0x160 Drivers/STM32F7xx_HAL_Driver/Src/stm32f7xx_ll_usb.o
                0x0000000008004fb4                USB_HostInit
 .text.USB_InitFSLSPClkSel
                0x0000000008005114       0x74 Drivers/STM32F7xx_HAL_Driver/Src/stm32f7xx_ll_usb.o
                0x0000000008005114                USB_InitFSLSPClkSel
 .text.USB_ResetPort
                0x0000000008005188       0x54 Drivers/STM32F7xx_HAL_Driver/Src/stm32f7xx_ll_usb.o
                0x0000000008005188                USB_ResetPort
 .text.USB_DriveVbus
                0x00000000080051dc       0x72 Drivers/STM32F7xx_HAL_Driver/Src/stm32f7xx_ll_usb.o
                0x00000000080051dc                USB_DriveVbus
 .text.USB_GetHostSpeed
                0x000000000800524e       0x2e Drivers/STM32F7xx_HAL_Driver/Src/stm32f7xx_ll_usb.o
                0x000000000800524e                USB_GetHostSpeed
 .text.USB_GetCurrentFrame
                0x000000000800527c       0x22 Drivers/STM32F7xx_HAL_Driver/Src/stm32f7xx_ll_usb.o
                0x000000000800527c                USB_GetCurrentFrame
 *fill*         0x000000000800529e        0x2 
 .text.USB_HC_Init
                0x00000000080052a0      0x214 Drivers/STM32F7xx_HAL_Driver/Src/stm32f7xx_ll_usb.o
                0x00000000080052a0                USB_HC_Init
 .text.USB_HC_StartXfer
                0x00000000080054b4      0x288 Drivers/STM32F7xx_HAL_Driver/Src/stm32f7xx_ll_usb.o
                0x00000000080054b4                USB_HC_StartXfer
 .text.USB_HC_ReadInterrupt
                0x000000000800573c       0x22 Drivers/STM32F7xx_HAL_Driver/Src/stm32f7xx_ll_usb.o
                0x000000000800573c                USB_HC_ReadInterrupt
 .text.USB_HC_Halt
                0x000000000800575e      0x1fe Drivers/STM32F7xx_HAL_Driver/Src/stm32f7xx_ll_usb.o
                0x000000000800575e                USB_HC_Halt
 .text.USB_DoPing
                0x000000000800595c       0x78 Drivers/STM32F7xx_HAL_Driver/Src/stm32f7xx_ll_usb.o
                0x000000000800595c                USB_DoPing
 .text.USB_StopHost
                0x00000000080059d4      0x10c Drivers/STM32F7xx_HAL_Driver/Src/stm32f7xx_ll_usb.o
                0x00000000080059d4                USB_StopHost
 .text.MX_FATFS_Init
                0x0000000008005ae0       0x24 FATFS/App/fatfs.o
                0x0000000008005ae0                MX_FATFS_Init
 .text.get_fattime
                0x0000000008005b04       0x10 FATFS/App/fatfs.o
                0x0000000008005b04                get_fattime
 .text.USBH_initialize
                0x0000000008005b14       0x18 FATFS/Target/usbh_diskio.o
                0x0000000008005b14                USBH_initialize
 .text.USBH_status
                0x0000000008005b2c       0x38 FATFS/Target/usbh_diskio.o
                0x0000000008005b2c                USBH_status
 .text.USBH_read
                0x0000000008005b64       0x70 FATFS/Target/usbh_diskio.o
                0x0000000008005b64                USBH_read
 .text.USBH_write
                0x0000000008005bd4       0x84 FATFS/Target/usbh_diskio.o
                0x0000000008005bd4                USBH_write
 .text.USBH_ioctl
                0x0000000008005c58       0xd8 FATFS/Target/usbh_diskio.o
                0x0000000008005c58                USBH_ioctl
 .text.USBH_MSC_InterfaceInit
                0x0000000008005d30      0x216 Middlewares/ST/STM32_USB_Host_Library/Class/MSC/Src/usbh_msc.o
 .text.USBH_MSC_InterfaceDeInit
                0x0000000008005f46       0x8c Middlewares/ST/STM32_USB_Host_Library/Class/MSC/Src/usbh_msc.o
 .text.USBH_MSC_ClassRequest
                0x0000000008005fd2       0xc8 Middlewares/ST/STM32_USB_Host_Library/Class/MSC/Src/usbh_msc.o
 *fill*         0x000000000800609a        0x2 
 .text.USBH_MSC_Process
                0x000000000800609c      0x520 Middlewares/ST/STM32_USB_Host_Library/Class/MSC/Src/usbh_msc.o
 .text.USBH_MSC_SOFProcess
                0x00000000080065bc       0x16 Middlewares/ST/STM32_USB_Host_Library/Class/MSC/Src/usbh_msc.o
 .text.USBH_MSC_RdWrProcess
                0x00000000080065d2      0x194 Middlewares/ST/STM32_USB_Host_Library/Class/MSC/Src/usbh_msc.o
 .text.USBH_MSC_UnitIsReady
                0x0000000008006766       0x4c Middlewares/ST/STM32_USB_Host_Library/Class/MSC/Src/usbh_msc.o
                0x0000000008006766                USBH_MSC_UnitIsReady
 .text.USBH_MSC_GetLUNInfo
                0x00000000080067b2       0x48 Middlewares/ST/STM32_USB_Host_Library/Class/MSC/Src/usbh_msc.o
                0x00000000080067b2                USBH_MSC_GetLUNInfo
 .text.USBH_MSC_Read
                0x00000000080067fa       0xd2 Middlewares/ST/STM32_USB_Host_Library/Class/MSC/Src/usbh_msc.o
                0x00000000080067fa                USBH_MSC_Read
 .text.USBH_MSC_Write
                0x00000000080068cc       0xd2 Middlewares/ST/STM32_USB_Host_Library/Class/MSC/Src/usbh_msc.o
                0x00000000080068cc                USBH_MSC_Write
 .text.USBH_MSC_BOT_REQ_Reset
                0x000000000800699e       0x3a Middlewares/ST/STM32_USB_Host_Library/Class/MSC/Src/usbh_msc_bot.o
                0x000000000800699e                USBH_MSC_BOT_REQ_Reset
 .text.USBH_MSC_BOT_REQ_GetMaxLUN
                0x00000000080069d8       0x3c Middlewares/ST/STM32_USB_Host_Library/Class/MSC/Src/usbh_msc_bot.o
                0x00000000080069d8                USBH_MSC_BOT_REQ_GetMaxLUN
 .text.USBH_MSC_BOT_Init
                0x0000000008006a14       0x44 Middlewares/ST/STM32_USB_Host_Library/Class/MSC/Src/usbh_msc_bot.o
                0x0000000008006a14                USBH_MSC_BOT_Init
 .text.USBH_MSC_BOT_Process
                0x0000000008006a58      0x3a4 Middlewares/ST/STM32_USB_Host_Library/Class/MSC/Src/usbh_msc_bot.o
                0x0000000008006a58                USBH_MSC_BOT_Process
 .text.USBH_MSC_BOT_Abort
                0x0000000008006dfc       0x58 Middlewares/ST/STM32_USB_Host_Library/Class/MSC/Src/usbh_msc_bot.o
 .text.USBH_MSC_DecodeCSW
                0x0000000008006e54       0x88 Middlewares/ST/STM32_USB_Host_Library/Class/MSC/Src/usbh_msc_bot.o
 .text.USBH_MSC_SCSI_TestUnitReady
                0x0000000008006edc       0x86 Middlewares/ST/STM32_USB_Host_Library/Class/MSC/Src/usbh_msc_scsi.o
                0x0000000008006edc                USBH_MSC_SCSI_TestUnitReady
 .text.USBH_MSC_SCSI_ReadCapacity
                0x0000000008006f62       0xf6 Middlewares/ST/STM32_USB_Host_Library/Class/MSC/Src/usbh_msc_scsi.o
                0x0000000008006f62                USBH_MSC_SCSI_ReadCapacity
 .text.USBH_MSC_SCSI_Inquiry
                0x0000000008007058      0x14a Middlewares/ST/STM32_USB_Host_Library/Class/MSC/Src/usbh_msc_scsi.o
                0x0000000008007058                USBH_MSC_SCSI_Inquiry
 .text.USBH_MSC_SCSI_RequestSense
                0x00000000080071a2       0xf2 Middlewares/ST/STM32_USB_Host_Library/Class/MSC/Src/usbh_msc_scsi.o
                0x00000000080071a2                USBH_MSC_SCSI_RequestSense
 .text.USBH_MSC_SCSI_Write
                0x0000000008007294       0xd6 Middlewares/ST/STM32_USB_Host_Library/Class/MSC/Src/usbh_msc_scsi.o
                0x0000000008007294                USBH_MSC_SCSI_Write
 .text.USBH_MSC_SCSI_Read
                0x000000000800736a       0xd6 Middlewares/ST/STM32_USB_Host_Library/Class/MSC/Src/usbh_msc_scsi.o
                0x000000000800736a                USBH_MSC_SCSI_Read
 .text.USBH_Init
                0x0000000008007440       0x74 Middlewares/ST/STM32_USB_Host_Library/Core/Src/usbh_core.o
                0x0000000008007440                USBH_Init
 .text.DeInitStateMachine
                0x00000000080074b4       0xa8 Middlewares/ST/STM32_USB_Host_Library/Core/Src/usbh_core.o
 .text.USBH_RegisterClass
                0x000000000800755c       0x54 Middlewares/ST/STM32_USB_Host_Library/Core/Src/usbh_core.o
                0x000000000800755c                USBH_RegisterClass
 .text.USBH_SelectInterface
                0x00000000080075b0       0x38 Middlewares/ST/STM32_USB_Host_Library/Core/Src/usbh_core.o
                0x00000000080075b0                USBH_SelectInterface
 .text.USBH_FindInterface
                0x00000000080075e8       0x8c Middlewares/ST/STM32_USB_Host_Library/Core/Src/usbh_core.o
                0x00000000080075e8                USBH_FindInterface
 .text.USBH_Start
                0x0000000008007674       0x20 Middlewares/ST/STM32_USB_Host_Library/Core/Src/usbh_core.o
                0x0000000008007674                USBH_Start
 .text.USBH_Process
                0x0000000008007694      0x3c0 Middlewares/ST/STM32_USB_Host_Library/Core/Src/usbh_core.o
                0x0000000008007694                USBH_Process
 .text.USBH_HandleEnum
                0x0000000008007a54      0x3c8 Middlewares/ST/STM32_USB_Host_Library/Core/Src/usbh_core.o
 .text.USBH_LL_SetTimer
                0x0000000008007e1c       0x1e Middlewares/ST/STM32_USB_Host_Library/Core/Src/usbh_core.o
                0x0000000008007e1c                USBH_LL_SetTimer
 .text.USBH_LL_IncTimer
                0x0000000008007e3a       0x24 Middlewares/ST/STM32_USB_Host_Library/Core/Src/usbh_core.o
                0x0000000008007e3a                USBH_LL_IncTimer
 .text.USBH_HandleSof
                0x0000000008007e5e       0x30 Middlewares/ST/STM32_USB_Host_Library/Core/Src/usbh_core.o
 .text.USBH_LL_PortEnabled
                0x0000000008007e8e       0x1c Middlewares/ST/STM32_USB_Host_Library/Core/Src/usbh_core.o
                0x0000000008007e8e                USBH_LL_PortEnabled
 .text.USBH_LL_PortDisabled
                0x0000000008007eaa       0x1c Middlewares/ST/STM32_USB_Host_Library/Core/Src/usbh_core.o
                0x0000000008007eaa                USBH_LL_PortDisabled
 .text.USBH_LL_Connect
                0x0000000008007ec6       0x2e Middlewares/ST/STM32_USB_Host_Library/Core/Src/usbh_core.o
                0x0000000008007ec6                USBH_LL_Connect
 .text.USBH_LL_Disconnect
                0x0000000008007ef4       0x48 Middlewares/ST/STM32_USB_Host_Library/Core/Src/usbh_core.o
                0x0000000008007ef4                USBH_LL_Disconnect
 .text.USBH_Get_DevDesc
                0x0000000008007f3c       0x50 Middlewares/ST/STM32_USB_Host_Library/Core/Src/usbh_ctlreq.o
                0x0000000008007f3c                USBH_Get_DevDesc
 .text.USBH_Get_CfgDesc
                0x0000000008007f8c       0x48 Middlewares/ST/STM32_USB_Host_Library/Core/Src/usbh_ctlreq.o
                0x0000000008007f8c                USBH_Get_CfgDesc
 .text.USBH_Get_StringDesc
                0x0000000008007fd4       0x56 Middlewares/ST/STM32_USB_Host_Library/Core/Src/usbh_ctlreq.o
                0x0000000008007fd4                USBH_Get_StringDesc
 .text.USBH_GetDescriptor
                0x000000000800802a       0x6a Middlewares/ST/STM32_USB_Host_Library/Core/Src/usbh_ctlreq.o
                0x000000000800802a                USBH_GetDescriptor
 .text.USBH_SetAddress
                0x0000000008008094       0x48 Middlewares/ST/STM32_USB_Host_Library/Core/Src/usbh_ctlreq.o
                0x0000000008008094                USBH_SetAddress
 .text.USBH_SetCfg
                0x00000000080080dc       0x46 Middlewares/ST/STM32_USB_Host_Library/Core/Src/usbh_ctlreq.o
                0x00000000080080dc                USBH_SetCfg
 .text.USBH_SetFeature
                0x0000000008008122       0x48 Middlewares/ST/STM32_USB_Host_Library/Core/Src/usbh_ctlreq.o
                0x0000000008008122                USBH_SetFeature
 .text.USBH_ClrFeature
                0x000000000800816a       0x48 Middlewares/ST/STM32_USB_Host_Library/Core/Src/usbh_ctlreq.o
                0x000000000800816a                USBH_ClrFeature
 .text.USBH_ParseDevDesc
                0x00000000080081b2       0xe0 Middlewares/ST/STM32_USB_Host_Library/Core/Src/usbh_ctlreq.o
 .text.USBH_ParseCfgDesc
                0x0000000008008292      0x144 Middlewares/ST/STM32_USB_Host_Library/Core/Src/usbh_ctlreq.o
 .text.USBH_ParseInterfaceDesc
                0x00000000080083d6       0x5e Middlewares/ST/STM32_USB_Host_Library/Core/Src/usbh_ctlreq.o
 .text.USBH_ParseEPDesc
                0x0000000008008434       0x5a Middlewares/ST/STM32_USB_Host_Library/Core/Src/usbh_ctlreq.o
 .text.USBH_ParseStringDesc
                0x000000000800848e       0x66 Middlewares/ST/STM32_USB_Host_Library/Core/Src/usbh_ctlreq.o
 .text.USBH_GetNextDesc
                0x00000000080084f4       0x36 Middlewares/ST/STM32_USB_Host_Library/Core/Src/usbh_ctlreq.o
                0x00000000080084f4                USBH_GetNextDesc
 .text.USBH_CtlReq
                0x000000000800852a       0x7a Middlewares/ST/STM32_USB_Host_Library/Core/Src/usbh_ctlreq.o
                0x000000000800852a                USBH_CtlReq
 .text.USBH_HandleControl
                0x00000000080085a4      0x2ec Middlewares/ST/STM32_USB_Host_Library/Core/Src/usbh_ctlreq.o
 .text.USBH_CtlSendSetup
                0x0000000008008890       0x34 Middlewares/ST/STM32_USB_Host_Library/Core/Src/usbh_ioreq.o
                0x0000000008008890                USBH_CtlSendSetup
 .text.USBH_CtlSendData
                0x00000000080088c4       0x4a Middlewares/ST/STM32_USB_Host_Library/Core/Src/usbh_ioreq.o
                0x00000000080088c4                USBH_CtlSendData
 .text.USBH_CtlReceiveData
                0x000000000800890e       0x3c Middlewares/ST/STM32_USB_Host_Library/Core/Src/usbh_ioreq.o
                0x000000000800890e                USBH_CtlReceiveData
 .text.USBH_BulkSendData
                0x000000000800894a       0x4a Middlewares/ST/STM32_USB_Host_Library/Core/Src/usbh_ioreq.o
                0x000000000800894a                USBH_BulkSendData
 .text.USBH_BulkReceiveData
                0x0000000008008994       0x3c Middlewares/ST/STM32_USB_Host_Library/Core/Src/usbh_ioreq.o
                0x0000000008008994                USBH_BulkReceiveData
 .text.USBH_OpenPipe
                0x00000000080089d0       0x3e Middlewares/ST/STM32_USB_Host_Library/Core/Src/usbh_pipes.o
                0x00000000080089d0                USBH_OpenPipe
 .text.USBH_ClosePipe
                0x0000000008008a0e       0x20 Middlewares/ST/STM32_USB_Host_Library/Core/Src/usbh_pipes.o
                0x0000000008008a0e                USBH_ClosePipe
 .text.USBH_AllocPipe
                0x0000000008008a2e       0x42 Middlewares/ST/STM32_USB_Host_Library/Core/Src/usbh_pipes.o
                0x0000000008008a2e                USBH_AllocPipe
 .text.USBH_FreePipe
                0x0000000008008a70       0x3c Middlewares/ST/STM32_USB_Host_Library/Core/Src/usbh_pipes.o
                0x0000000008008a70                USBH_FreePipe
 .text.USBH_GetFreePipe
                0x0000000008008aac       0x48 Middlewares/ST/STM32_USB_Host_Library/Core/Src/usbh_pipes.o
 .text.disk_status
                0x0000000008008af4       0x34 Middlewares/Third_Party/FatFs/src/diskio.o
                0x0000000008008af4                disk_status
 .text.disk_initialize
                0x0000000008008b28       0x4c Middlewares/Third_Party/FatFs/src/diskio.o
                0x0000000008008b28                disk_initialize
 .text.disk_read
                0x0000000008008b74       0x40 Middlewares/Third_Party/FatFs/src/diskio.o
                0x0000000008008b74                disk_read
 .text.disk_write
                0x0000000008008bb4       0x40 Middlewares/Third_Party/FatFs/src/diskio.o
                0x0000000008008bb4                disk_write
 .text.disk_ioctl
                0x0000000008008bf4       0x3c Middlewares/Third_Party/FatFs/src/diskio.o
                0x0000000008008bf4                disk_ioctl
 .text.ld_word  0x0000000008008c30       0x30 Middlewares/Third_Party/FatFs/src/ff.o
 .text.ld_dword
                0x0000000008008c60       0x46 Middlewares/Third_Party/FatFs/src/ff.o
 .text.st_word  0x0000000008008ca6       0x36 Middlewares/Third_Party/FatFs/src/ff.o
 .text.st_dword
                0x0000000008008cdc       0x58 Middlewares/Third_Party/FatFs/src/ff.o
 .text.mem_cpy  0x0000000008008d34       0x42 Middlewares/Third_Party/FatFs/src/ff.o
 .text.mem_set  0x0000000008008d76       0x34 Middlewares/Third_Party/FatFs/src/ff.o
 .text.mem_cmp  0x0000000008008daa       0x4e Middlewares/Third_Party/FatFs/src/ff.o
 .text.chk_chr  0x0000000008008df8       0x36 Middlewares/Third_Party/FatFs/src/ff.o
 *fill*         0x0000000008008e2e        0x2 
 .text.chk_lock
                0x0000000008008e30       0xb8 Middlewares/Third_Party/FatFs/src/ff.o
 .text.enq_lock
                0x0000000008008ee8       0x44 Middlewares/Third_Party/FatFs/src/ff.o
 .text.inc_lock
                0x0000000008008f2c      0x11c Middlewares/Third_Party/FatFs/src/ff.o
 .text.dec_lock
                0x0000000008009048       0x78 Middlewares/Third_Party/FatFs/src/ff.o
 .text.clear_lock
                0x00000000080090c0       0x48 Middlewares/Third_Party/FatFs/src/ff.o
 .text.sync_window
                0x0000000008009108       0x88 Middlewares/Third_Party/FatFs/src/ff.o
 .text.move_window
                0x0000000008009190       0x5a Middlewares/Third_Party/FatFs/src/ff.o
 *fill*         0x00000000080091ea        0x2 
 .text.sync_fs  0x00000000080091ec       0xdc Middlewares/Third_Party/FatFs/src/ff.o
 .text.clust2sect
                0x00000000080092c8       0x3e Middlewares/Third_Party/FatFs/src/ff.o
 .text.get_fat  0x0000000008009306      0x14a Middlewares/Third_Party/FatFs/src/ff.o
 .text.put_fat  0x0000000008009450      0x1ce Middlewares/Third_Party/FatFs/src/ff.o
 .text.remove_chain
                0x000000000800961e       0xca Middlewares/Third_Party/FatFs/src/ff.o
 .text.create_chain
                0x00000000080096e8      0x130 Middlewares/Third_Party/FatFs/src/ff.o
 .text.clmt_clust
                0x0000000008009818       0x68 Middlewares/Third_Party/FatFs/src/ff.o
 .text.dir_sdi  0x0000000008009880       0xf6 Middlewares/Third_Party/FatFs/src/ff.o
 .text.dir_next
                0x0000000008009976      0x18a Middlewares/Third_Party/FatFs/src/ff.o
 .text.dir_alloc
                0x0000000008009b00       0x8e Middlewares/Third_Party/FatFs/src/ff.o
 .text.ld_clust
                0x0000000008009b8e       0x3e Middlewares/Third_Party/FatFs/src/ff.o
 .text.st_clust
                0x0000000008009bcc       0x40 Middlewares/Third_Party/FatFs/src/ff.o
 .text.dir_find
                0x0000000008009c0c       0xaa Middlewares/Third_Party/FatFs/src/ff.o
 .text.dir_register
                0x0000000008009cb6       0x64 Middlewares/Third_Party/FatFs/src/ff.o
 .text.get_fileinfo
                0x0000000008009d1a       0xbe Middlewares/Third_Party/FatFs/src/ff.o
 .text.create_name
                0x0000000008009dd8      0x128 Middlewares/Third_Party/FatFs/src/ff.o
 .text.follow_path
                0x0000000008009f00       0xe2 Middlewares/Third_Party/FatFs/src/ff.o
 .text.get_ldnumber
                0x0000000008009fe2       0x88 Middlewares/Third_Party/FatFs/src/ff.o
 *fill*         0x000000000800a06a        0x2 
 .text.check_fs
                0x000000000800a06c       0xac Middlewares/Third_Party/FatFs/src/ff.o
 .text.find_volume
                0x000000000800a118      0x498 Middlewares/Third_Party/FatFs/src/ff.o
 .text.validate
                0x000000000800a5b0       0x6a Middlewares/Third_Party/FatFs/src/ff.o
 *fill*         0x000000000800a61a        0x2 
 .text.f_mount  0x000000000800a61c       0x8c Middlewares/Third_Party/FatFs/src/ff.o
                0x000000000800a61c                f_mount
 .text.f_open   0x000000000800a6a8      0x37c Middlewares/Third_Party/FatFs/src/ff.o
                0x000000000800a6a8                f_open
 .text.f_read   0x000000000800aa24      0x27e Middlewares/Third_Party/FatFs/src/ff.o
                0x000000000800aa24                f_read
 .text.f_sync   0x000000000800aca2       0xfc Middlewares/Third_Party/FatFs/src/ff.o
                0x000000000800aca2                f_sync
 .text.f_close  0x000000000800ad9e       0x54 Middlewares/Third_Party/FatFs/src/ff.o
                0x000000000800ad9e                f_close
 .text.f_stat   0x000000000800adf2       0x72 Middlewares/Third_Party/FatFs/src/ff.o
                0x000000000800adf2                f_stat
 .text.FATFS_LinkDriverEx
                0x000000000800ae64       0x98 Middlewares/Third_Party/FatFs/src/ff_gen_drv.o
                0x000000000800ae64                FATFS_LinkDriverEx
 .text.FATFS_LinkDriver
                0x000000000800aefc       0x1e Middlewares/Third_Party/FatFs/src/ff_gen_drv.o
                0x000000000800aefc                FATFS_LinkDriver
 *fill*         0x000000000800af1a        0x2 
 .text.MX_USB_HOST_Init
                0x000000000800af1c       0x4c USB_HOST/App/usb_host.o
                0x000000000800af1c                MX_USB_HOST_Init
 .text.MX_USB_HOST_Process
                0x000000000800af68       0x14 USB_HOST/App/usb_host.o
                0x000000000800af68                MX_USB_HOST_Process
 .text.USBH_UserProcess
                0x000000000800af7c       0x5c USB_HOST/App/usb_host.o
 .text.HAL_HCD_MspInit
                0x000000000800afd8       0xc8 USB_HOST/Target/usbh_conf.o
                0x000000000800afd8                HAL_HCD_MspInit
 .text.HAL_HCD_SOF_Callback
                0x000000000800b0a0       0x1c USB_HOST/Target/usbh_conf.o
                0x000000000800b0a0                HAL_HCD_SOF_Callback
 .text.HAL_HCD_Connect_Callback
                0x000000000800b0bc       0x1c USB_HOST/Target/usbh_conf.o
                0x000000000800b0bc                HAL_HCD_Connect_Callback
 .text.HAL_HCD_Disconnect_Callback
                0x000000000800b0d8       0x1c USB_HOST/Target/usbh_conf.o
                0x000000000800b0d8                HAL_HCD_Disconnect_Callback
 .text.HAL_HCD_HC_NotifyURBChange_Callback
                0x000000000800b0f4       0x1c USB_HOST/Target/usbh_conf.o
                0x000000000800b0f4                HAL_HCD_HC_NotifyURBChange_Callback
 .text.HAL_HCD_PortEnabled_Callback
                0x000000000800b110       0x1c USB_HOST/Target/usbh_conf.o
                0x000000000800b110                HAL_HCD_PortEnabled_Callback
 .text.HAL_HCD_PortDisabled_Callback
                0x000000000800b12c       0x1c USB_HOST/Target/usbh_conf.o
                0x000000000800b12c                HAL_HCD_PortDisabled_Callback
 .text.USBH_LL_Init
                0x000000000800b148       0x78 USB_HOST/Target/usbh_conf.o
                0x000000000800b148                USBH_LL_Init
 .text.USBH_LL_Start
                0x000000000800b1c0       0x36 USB_HOST/Target/usbh_conf.o
                0x000000000800b1c0                USBH_LL_Start
 .text.USBH_LL_Stop
                0x000000000800b1f6       0x36 USB_HOST/Target/usbh_conf.o
                0x000000000800b1f6                USBH_LL_Stop
 .text.USBH_LL_GetSpeed
                0x000000000800b22c       0x4a USB_HOST/Target/usbh_conf.o
                0x000000000800b22c                USBH_LL_GetSpeed
 .text.USBH_LL_ResetPort
                0x000000000800b276       0x36 USB_HOST/Target/usbh_conf.o
                0x000000000800b276                USBH_LL_ResetPort
 .text.USBH_LL_GetLastXferSize
                0x000000000800b2ac       0x26 USB_HOST/Target/usbh_conf.o
                0x000000000800b2ac                USBH_LL_GetLastXferSize
 .text.USBH_LL_OpenPipe
                0x000000000800b2d2       0x5e USB_HOST/Target/usbh_conf.o
                0x000000000800b2d2                USBH_LL_OpenPipe
 .text.USBH_LL_ClosePipe
                0x000000000800b330       0x3e USB_HOST/Target/usbh_conf.o
                0x000000000800b330                USBH_LL_ClosePipe
 .text.USBH_LL_SubmitURB
                0x000000000800b36e       0x62 USB_HOST/Target/usbh_conf.o
                0x000000000800b36e                USBH_LL_SubmitURB
 .text.USBH_LL_GetURBState
                0x000000000800b3d0       0x26 USB_HOST/Target/usbh_conf.o
                0x000000000800b3d0                USBH_LL_GetURBState
 .text.USBH_LL_DriverVBUS
                0x000000000800b3f6       0x2e USB_HOST/Target/usbh_conf.o
                0x000000000800b3f6                USBH_LL_DriverVBUS
 .text.USBH_LL_SetToggle
                0x000000000800b424       0x66 USB_HOST/Target/usbh_conf.o
                0x000000000800b424                USBH_LL_SetToggle
 .text.USBH_LL_GetToggle
                0x000000000800b48a       0x66 USB_HOST/Target/usbh_conf.o
                0x000000000800b48a                USBH_LL_GetToggle
 .text.USBH_Delay
                0x000000000800b4f0       0x16 USB_HOST/Target/usbh_conf.o
                0x000000000800b4f0                USBH_Delay
 *fill*         0x000000000800b506        0x2 
 .text.USBH_Get_USB_Status
                0x000000000800b508       0x58 USB_HOST/Target/usbh_conf.o
                0x000000000800b508                USBH_Get_USB_Status
 .text.MX_DriverVbusFS
                0x000000000800b560       0x2a USB_HOST/Target/usbh_platform.o
                0x000000000800b560                MX_DriverVbusFS
 *fill*         0x000000000800b58a        0x2 
 .text.__errno  0x000000000800b58c        0xc d:/wtf/stm32cubeide_1.4.0/stm32cubeide/plugins/com.st.stm32cube.ide.mcu.externaltools.gnu-tools-for-stm32.7-2018-q2-update.win32_1.4.0.202007081208/tools/bin/../lib/gcc/arm-none-eabi/7.3.1/../../../../arm-none-eabi/lib/thumb/v7e-m/fpv5/hard\libc_nano.a(lib_a-errno.o)
                0x000000000800b58c                __errno
 .text.__libc_init_array
                0x000000000800b598       0x48 d:/wtf/stm32cubeide_1.4.0/stm32cubeide/plugins/com.st.stm32cube.ide.mcu.externaltools.gnu-tools-for-stm32.7-2018-q2-update.win32_1.4.0.202007081208/tools/bin/../lib/gcc/arm-none-eabi/7.3.1/../../../../arm-none-eabi/lib/thumb/v7e-m/fpv5/hard\libc_nano.a(lib_a-init.o)
                0x000000000800b598                __libc_init_array
 .text.malloc   0x000000000800b5e0       0x10 d:/wtf/stm32cubeide_1.4.0/stm32cubeide/plugins/com.st.stm32cube.ide.mcu.externaltools.gnu-tools-for-stm32.7-2018-q2-update.win32_1.4.0.202007081208/tools/bin/../lib/gcc/arm-none-eabi/7.3.1/../../../../arm-none-eabi/lib/thumb/v7e-m/fpv5/hard\libc_nano.a(lib_a-malloc.o)
                0x000000000800b5e0                malloc
 .text.free     0x000000000800b5f0       0x10 d:/wtf/stm32cubeide_1.4.0/stm32cubeide/plugins/com.st.stm32cube.ide.mcu.externaltools.gnu-tools-for-stm32.7-2018-q2-update.win32_1.4.0.202007081208/tools/bin/../lib/gcc/arm-none-eabi/7.3.1/../../../../arm-none-eabi/lib/thumb/v7e-m/fpv5/hard\libc_nano.a(lib_a-malloc.o)
                0x000000000800b5f0                free
 .text.memcpy   0x000000000800b600       0x16 d:/wtf/stm32cubeide_1.4.0/stm32cubeide/plugins/com.st.stm32cube.ide.mcu.externaltools.gnu-tools-for-stm32.7-2018-q2-update.win32_1.4.0.202007081208/tools/bin/../lib/gcc/arm-none-eabi/7.3.1/../../../../arm-none-eabi/lib/thumb/v7e-m/fpv5/hard\libc_nano.a(lib_a-memcpy-stub.o)
                0x000000000800b600                memcpy
 .text.memset   0x000000000800b616       0x10 d:/wtf/stm32cubeide_1.4.0/stm32cubeide/plugins/com.st.stm32cube.ide.mcu.externaltools.gnu-tools-for-stm32.7-2018-q2-update.win32_1.4.0.202007081208/tools/bin/../lib/gcc/arm-none-eabi/7.3.1/../../../../arm-none-eabi/lib/thumb/v7e-m/fpv5/hard\libc_nano.a(lib_a-memset.o)
                0x000000000800b616                memset
 *fill*         0x000000000800b626        0x2 
 .text._free_r  0x000000000800b628       0x9c d:/wtf/stm32cubeide_1.4.0/stm32cubeide/plugins/com.st.stm32cube.ide.mcu.externaltools.gnu-tools-for-stm32.7-2018-q2-update.win32_1.4.0.202007081208/tools/bin/../lib/gcc/arm-none-eabi/7.3.1/../../../../arm-none-eabi/lib/thumb/v7e-m/fpv5/hard\libc_nano.a(lib_a-nano-freer.o)
                0x000000000800b628                _free_r
 .text._malloc_r
                0x000000000800b6c4       0xb4 d:/wtf/stm32cubeide_1.4.0/stm32cubeide/plugins/com.st.stm32cube.ide.mcu.externaltools.gnu-tools-for-stm32.7-2018-q2-update.win32_1.4.0.202007081208/tools/bin/../lib/gcc/arm-none-eabi/7.3.1/../../../../arm-none-eabi/lib/thumb/v7e-m/fpv5/hard\libc_nano.a(lib_a-nano-mallocr.o)
                0x000000000800b6c4                _malloc_r
 .text.printf   0x000000000800b778       0x30 d:/wtf/stm32cubeide_1.4.0/stm32cubeide/plugins/com.st.stm32cube.ide.mcu.externaltools.gnu-tools-for-stm32.7-2018-q2-update.win32_1.4.0.202007081208/tools/bin/../lib/gcc/arm-none-eabi/7.3.1/../../../../arm-none-eabi/lib/thumb/v7e-m/fpv5/hard\libc_nano.a(lib_a-printf.o)
                0x000000000800b778                iprintf
                0x000000000800b778                printf
 .text._puts_r  0x000000000800b7a8       0xb8 d:/wtf/stm32cubeide_1.4.0/stm32cubeide/plugins/com.st.stm32cube.ide.mcu.externaltools.gnu-tools-for-stm32.7-2018-q2-update.win32_1.4.0.202007081208/tools/bin/../lib/gcc/arm-none-eabi/7.3.1/../../../../arm-none-eabi/lib/thumb/v7e-m/fpv5/hard\libc_nano.a(lib_a-puts.o)
                0x000000000800b7a8                _puts_r
 .text.puts     0x000000000800b860       0x10 d:/wtf/stm32cubeide_1.4.0/stm32cubeide/plugins/com.st.stm32cube.ide.mcu.externaltools.gnu-tools-for-stm32.7-2018-q2-update.win32_1.4.0.202007081208/tools/bin/../lib/gcc/arm-none-eabi/7.3.1/../../../../arm-none-eabi/lib/thumb/v7e-m/fpv5/hard\libc_nano.a(lib_a-puts.o)
                0x000000000800b860                puts
 .text._sbrk_r  0x000000000800b870       0x20 d:/wtf/stm32cubeide_1.4.0/stm32cubeide/plugins/com.st.stm32cube.ide.mcu.externaltools.gnu-tools-for-stm32.7-2018-q2-update.win32_1.4.0.202007081208/tools/bin/../lib/gcc/arm-none-eabi/7.3.1/../../../../arm-none-eabi/lib/thumb/v7e-m/fpv5/hard\libc_nano.a(lib_a-sbrkr.o)
                0x000000000800b870                _sbrk_r
 .text.__swbuf_r
                0x000000000800b890       0xa4 d:/wtf/stm32cubeide_1.4.0/stm32cubeide/plugins/com.st.stm32cube.ide.mcu.externaltools.gnu-tools-for-stm32.7-2018-q2-update.win32_1.4.0.202007081208/tools/bin/../lib/gcc/arm-none-eabi/7.3.1/../../../../arm-none-eabi/lib/thumb/v7e-m/fpv5/hard\libc_nano.a(lib_a-wbuf.o)
                0x000000000800b890                __swbuf_r
 .text.__swsetup_r
                0x000000000800b934       0xdc d:/wtf/stm32cubeide_1.4.0/stm32cubeide/plugins/com.st.stm32cube.ide.mcu.externaltools.gnu-tools-for-stm32.7-2018-q2-update.win32_1.4.0.202007081208/tools/bin/../lib/gcc/arm-none-eabi/7.3.1/../../../../arm-none-eabi/lib/thumb/v7e-m/fpv5/hard\libc_nano.a(lib_a-wsetup.o)
                0x000000000800b934                __swsetup_r
 .text.__sflush_r
                0x000000000800ba10      0x10c d:/wtf/stm32cubeide_1.4.0/stm32cubeide/plugins/com.st.stm32cube.ide.mcu.externaltools.gnu-tools-for-stm32.7-2018-q2-update.win32_1.4.0.202007081208/tools/bin/../lib/gcc/arm-none-eabi/7.3.1/../../../../arm-none-eabi/lib/thumb/v7e-m/fpv5/hard\libc_nano.a(lib_a-fflush.o)
                0x000000000800ba10                __sflush_r
 .text._fflush_r
                0x000000000800bb1c       0x54 d:/wtf/stm32cubeide_1.4.0/stm32cubeide/plugins/com.st.stm32cube.ide.mcu.externaltools.gnu-tools-for-stm32.7-2018-q2-update.win32_1.4.0.202007081208/tools/bin/../lib/gcc/arm-none-eabi/7.3.1/../../../../arm-none-eabi/lib/thumb/v7e-m/fpv5/hard\libc_nano.a(lib_a-fflush.o)
                0x000000000800bb1c                _fflush_r
 .text.std      0x000000000800bb70       0x48 d:/wtf/stm32cubeide_1.4.0/stm32cubeide/plugins/com.st.stm32cube.ide.mcu.externaltools.gnu-tools-for-stm32.7-2018-q2-update.win32_1.4.0.202007081208/tools/bin/../lib/gcc/arm-none-eabi/7.3.1/../../../../arm-none-eabi/lib/thumb/v7e-m/fpv5/hard\libc_nano.a(lib_a-findfp.o)
 .text._cleanup_r
                0x000000000800bbb8        0xc d:/wtf/stm32cubeide_1.4.0/stm32cubeide/plugins/com.st.stm32cube.ide.mcu.externaltools.gnu-tools-for-stm32.7-2018-q2-update.win32_1.4.0.202007081208/tools/bin/../lib/gcc/arm-none-eabi/7.3.1/../../../../arm-none-eabi/lib/thumb/v7e-m/fpv5/hard\libc_nano.a(lib_a-findfp.o)
                0x000000000800bbb8                _cleanup_r
 .text.__sfmoreglue
                0x000000000800bbc4       0x2c d:/wtf/stm32cubeide_1.4.0/stm32cubeide/plugins/com.st.stm32cube.ide.mcu.externaltools.gnu-tools-for-stm32.7-2018-q2-update.win32_1.4.0.202007081208/tools/bin/../lib/gcc/arm-none-eabi/7.3.1/../../../../arm-none-eabi/lib/thumb/v7e-m/fpv5/hard\libc_nano.a(lib_a-findfp.o)
                0x000000000800bbc4                __sfmoreglue
 .text.__sinit  0x000000000800bbf0       0x60 d:/wtf/stm32cubeide_1.4.0/stm32cubeide/plugins/com.st.stm32cube.ide.mcu.externaltools.gnu-tools-for-stm32.7-2018-q2-update.win32_1.4.0.202007081208/tools/bin/../lib/gcc/arm-none-eabi/7.3.1/../../../../arm-none-eabi/lib/thumb/v7e-m/fpv5/hard\libc_nano.a(lib_a-findfp.o)
                0x000000000800bbf0                __sinit
 .text.__sfp    0x000000000800bc50       0x78 d:/wtf/stm32cubeide_1.4.0/stm32cubeide/plugins/com.st.stm32cube.ide.mcu.externaltools.gnu-tools-for-stm32.7-2018-q2-update.win32_1.4.0.202007081208/tools/bin/../lib/gcc/arm-none-eabi/7.3.1/../../../../arm-none-eabi/lib/thumb/v7e-m/fpv5/hard\libc_nano.a(lib_a-findfp.o)
                0x000000000800bc50                __sfp
 .text._fwalk_reent
                0x000000000800bcc8       0x3c d:/wtf/stm32cubeide_1.4.0/stm32cubeide/plugins/com.st.stm32cube.ide.mcu.externaltools.gnu-tools-for-stm32.7-2018-q2-update.win32_1.4.0.202007081208/tools/bin/../lib/gcc/arm-none-eabi/7.3.1/../../../../arm-none-eabi/lib/thumb/v7e-m/fpv5/hard\libc_nano.a(lib_a-fwalk.o)
                0x000000000800bcc8                _fwalk_reent
 .text.__swhatbuf_r
                0x000000000800bd04       0x48 d:/wtf/stm32cubeide_1.4.0/stm32cubeide/plugins/com.st.stm32cube.ide.mcu.externaltools.gnu-tools-for-stm32.7-2018-q2-update.win32_1.4.0.202007081208/tools/bin/../lib/gcc/arm-none-eabi/7.3.1/../../../../arm-none-eabi/lib/thumb/v7e-m/fpv5/hard\libc_nano.a(lib_a-makebuf.o)
                0x000000000800bd04                __swhatbuf_r
 .text.__smakebuf_r
                0x000000000800bd4c       0x80 d:/wtf/stm32cubeide_1.4.0/stm32cubeide/plugins/com.st.stm32cube.ide.mcu.externaltools.gnu-tools-for-stm32.7-2018-q2-update.win32_1.4.0.202007081208/tools/bin/../lib/gcc/arm-none-eabi/7.3.1/../../../../arm-none-eabi/lib/thumb/v7e-m/fpv5/hard\libc_nano.a(lib_a-makebuf.o)
                0x000000000800bd4c                __smakebuf_r
 .text.__malloc_lock
                0x000000000800bdcc        0x2 d:/wtf/stm32cubeide_1.4.0/stm32cubeide/plugins/com.st.stm32cube.ide.mcu.externaltools.gnu-tools-for-stm32.7-2018-q2-update.win32_1.4.0.202007081208/tools/bin/../lib/gcc/arm-none-eabi/7.3.1/../../../../arm-none-eabi/lib/thumb/v7e-m/fpv5/hard\libc_nano.a(lib_a-mlock.o)
                0x000000000800bdcc                __malloc_lock
 .text.__malloc_unlock
                0x000000000800bdce        0x2 d:/wtf/stm32cubeide_1.4.0/stm32cubeide/plugins/com.st.stm32cube.ide.mcu.externaltools.gnu-tools-for-stm32.7-2018-q2-update.win32_1.4.0.202007081208/tools/bin/../lib/gcc/arm-none-eabi/7.3.1/../../../../arm-none-eabi/lib/thumb/v7e-m/fpv5/hard\libc_nano.a(lib_a-mlock.o)
                0x000000000800bdce                __malloc_unlock
 .text.__sfputc_r
                0x000000000800bdd0       0x2e d:/wtf/stm32cubeide_1.4.0/stm32cubeide/plugins/com.st.stm32cube.ide.mcu.externaltools.gnu-tools-for-stm32.7-2018-q2-update.win32_1.4.0.202007081208/tools/bin/../lib/gcc/arm-none-eabi/7.3.1/../../../../arm-none-eabi/lib/thumb/v7e-m/fpv5/hard\libc_nano.a(lib_a-nano-vfprintf.o)
 .text.__sfputs_r
                0x000000000800bdfe       0x24 d:/wtf/stm32cubeide_1.4.0/stm32cubeide/plugins/com.st.stm32cube.ide.mcu.externaltools.gnu-tools-for-stm32.7-2018-q2-update.win32_1.4.0.202007081208/tools/bin/../lib/gcc/arm-none-eabi/7.3.1/../../../../arm-none-eabi/lib/thumb/v7e-m/fpv5/hard\libc_nano.a(lib_a-nano-vfprintf.o)
                0x000000000800bdfe                __sfputs_r
 *fill*         0x000000000800be22        0x2 
 .text._vfprintf_r
                0x000000000800be24      0x22c d:/wtf/stm32cubeide_1.4.0/stm32cubeide/plugins/com.st.stm32cube.ide.mcu.externaltools.gnu-tools-for-stm32.7-2018-q2-update.win32_1.4.0.202007081208/tools/bin/../lib/gcc/arm-none-eabi/7.3.1/../../../../arm-none-eabi/lib/thumb/v7e-m/fpv5/hard\libc_nano.a(lib_a-nano-vfprintf.o)
                0x000000000800be24                _vfprintf_r
                0x000000000800be24                _vfiprintf_r
 .text._printf_common
                0x000000000800c050       0xea d:/wtf/stm32cubeide_1.4.0/stm32cubeide/plugins/com.st.stm32cube.ide.mcu.externaltools.gnu-tools-for-stm32.7-2018-q2-update.win32_1.4.0.202007081208/tools/bin/../lib/gcc/arm-none-eabi/7.3.1/../../../../arm-none-eabi/lib/thumb/v7e-m/fpv5/hard\libc_nano.a(lib_a-nano-vfprintf_i.o)
                0x000000000800c050                _printf_common
 *fill*         0x000000000800c13a        0x2 
 .text._printf_i
                0x000000000800c13c      0x224 d:/wtf/stm32cubeide_1.4.0/stm32cubeide/plugins/com.st.stm32cube.ide.mcu.externaltools.gnu-tools-for-stm32.7-2018-q2-update.win32_1.4.0.202007081208/tools/bin/../lib/gcc/arm-none-eabi/7.3.1/../../../../arm-none-eabi/lib/thumb/v7e-m/fpv5/hard\libc_nano.a(lib_a-nano-vfprintf_i.o)
                0x000000000800c13c                _printf_i
 .text.__sread  0x000000000800c360       0x22 d:/wtf/stm32cubeide_1.4.0/stm32cubeide/plugins/com.st.stm32cube.ide.mcu.externaltools.gnu-tools-for-stm32.7-2018-q2-update.win32_1.4.0.202007081208/tools/bin/../lib/gcc/arm-none-eabi/7.3.1/../../../../arm-none-eabi/lib/thumb/v7e-m/fpv5/hard\libc_nano.a(lib_a-stdio.o)
                0x000000000800c360                __sread
 .text.__swrite
                0x000000000800c382       0x38 d:/wtf/stm32cubeide_1.4.0/stm32cubeide/plugins/com.st.stm32cube.ide.mcu.externaltools.gnu-tools-for-stm32.7-2018-q2-update.win32_1.4.0.202007081208/tools/bin/../lib/gcc/arm-none-eabi/7.3.1/../../../../arm-none-eabi/lib/thumb/v7e-m/fpv5/hard\libc_nano.a(lib_a-stdio.o)
                0x000000000800c382                __swrite
 .text.__sseek  0x000000000800c3ba       0x24 d:/wtf/stm32cubeide_1.4.0/stm32cubeide/plugins/com.st.stm32cube.ide.mcu.externaltools.gnu-tools-for-stm32.7-2018-q2-update.win32_1.4.0.202007081208/tools/bin/../lib/gcc/arm-none-eabi/7.3.1/../../../../arm-none-eabi/lib/thumb/v7e-m/fpv5/hard\libc_nano.a(lib_a-stdio.o)
                0x000000000800c3ba                __sseek
 .text.__sclose
                0x000000000800c3de        0x8 d:/wtf/stm32cubeide_1.4.0/stm32cubeide/plugins/com.st.stm32cube.ide.mcu.externaltools.gnu-tools-for-stm32.7-2018-q2-update.win32_1.4.0.202007081208/tools/bin/../lib/gcc/arm-none-eabi/7.3.1/../../../../arm-none-eabi/lib/thumb/v7e-m/fpv5/hard\libc_nano.a(lib_a-stdio.o)
                0x000000000800c3de                __sclose
 *fill*         0x000000000800c3e6        0x2 
 .text._write_r
                0x000000000800c3e8       0x24 d:/wtf/stm32cubeide_1.4.0/stm32cubeide/plugins/com.st.stm32cube.ide.mcu.externaltools.gnu-tools-for-stm32.7-2018-q2-update.win32_1.4.0.202007081208/tools/bin/../lib/gcc/arm-none-eabi/7.3.1/../../../../arm-none-eabi/lib/thumb/v7e-m/fpv5/hard\libc_nano.a(lib_a-writer.o)
                0x000000000800c3e8                _write_r
 .text._close_r
                0x000000000800c40c       0x20 d:/wtf/stm32cubeide_1.4.0/stm32cubeide/plugins/com.st.stm32cube.ide.mcu.externaltools.gnu-tools-for-stm32.7-2018-q2-update.win32_1.4.0.202007081208/tools/bin/../lib/gcc/arm-none-eabi/7.3.1/../../../../arm-none-eabi/lib/thumb/v7e-m/fpv5/hard\libc_nano.a(lib_a-closer.o)
                0x000000000800c40c                _close_r
 .text._fstat_r
                0x000000000800c42c       0x24 d:/wtf/stm32cubeide_1.4.0/stm32cubeide/plugins/com.st.stm32cube.ide.mcu.externaltools.gnu-tools-for-stm32.7-2018-q2-update.win32_1.4.0.202007081208/tools/bin/../lib/gcc/arm-none-eabi/7.3.1/../../../../arm-none-eabi/lib/thumb/v7e-m/fpv5/hard\libc_nano.a(lib_a-fstatr.o)
                0x000000000800c42c                _fstat_r
 .text._isatty_r
                0x000000000800c450       0x20 d:/wtf/stm32cubeide_1.4.0/stm32cubeide/plugins/com.st.stm32cube.ide.mcu.externaltools.gnu-tools-for-stm32.7-2018-q2-update.win32_1.4.0.202007081208/tools/bin/../lib/gcc/arm-none-eabi/7.3.1/../../../../arm-none-eabi/lib/thumb/v7e-m/fpv5/hard\libc_nano.a(lib_a-isattyr.o)
                0x000000000800c450                _isatty_r
 .text._lseek_r
                0x000000000800c470       0x24 d:/wtf/stm32cubeide_1.4.0/stm32cubeide/plugins/com.st.stm32cube.ide.mcu.externaltools.gnu-tools-for-stm32.7-2018-q2-update.win32_1.4.0.202007081208/tools/bin/../lib/gcc/arm-none-eabi/7.3.1/../../../../arm-none-eabi/lib/thumb/v7e-m/fpv5/hard\libc_nano.a(lib_a-lseekr.o)
                0x000000000800c470                _lseek_r
 .text._read_r  0x000000000800c494       0x24 d:/wtf/stm32cubeide_1.4.0/stm32cubeide/plugins/com.st.stm32cube.ide.mcu.externaltools.gnu-tools-for-stm32.7-2018-q2-update.win32_1.4.0.202007081208/tools/bin/../lib/gcc/arm-none-eabi/7.3.1/../../../../arm-none-eabi/lib/thumb/v7e-m/fpv5/hard\libc_nano.a(lib_a-readr.o)
                0x000000000800c494                _read_r
 *(.glue_7)
 .glue_7        0x000000000800c4b8        0x0 linker stubs
 *(.glue_7t)
 .glue_7t       0x000000000800c4b8        0x0 linker stubs
 *(.eh_frame)
 .eh_frame      0x000000000800c4b8        0x0 d:/wtf/stm32cubeide_1.4.0/stm32cubeide/plugins/com.st.stm32cube.ide.mcu.externaltools.gnu-tools-for-stm32.7-2018-q2-update.win32_1.4.0.202007081208/tools/bin/../lib/gcc/arm-none-eabi/7.3.1/thumb/v7e-m/fpv5/hard/crtbegin.o
 *(.init)
 .init          0x000000000800c4b8        0x4 d:/wtf/stm32cubeide_1.4.0/stm32cubeide/plugins/com.st.stm32cube.ide.mcu.externaltools.gnu-tools-for-stm32.7-2018-q2-update.win32_1.4.0.202007081208/tools/bin/../lib/gcc/arm-none-eabi/7.3.1/thumb/v7e-m/fpv5/hard/crti.o
                0x000000000800c4b8                _init
 .init          0x000000000800c4bc        0x8 d:/wtf/stm32cubeide_1.4.0/stm32cubeide/plugins/com.st.stm32cube.ide.mcu.externaltools.gnu-tools-for-stm32.7-2018-q2-update.win32_1.4.0.202007081208/tools/bin/../lib/gcc/arm-none-eabi/7.3.1/thumb/v7e-m/fpv5/hard/crtn.o
 *(.fini)
 .fini          0x000000000800c4c4        0x4 d:/wtf/stm32cubeide_1.4.0/stm32cubeide/plugins/com.st.stm32cube.ide.mcu.externaltools.gnu-tools-for-stm32.7-2018-q2-update.win32_1.4.0.202007081208/tools/bin/../lib/gcc/arm-none-eabi/7.3.1/thumb/v7e-m/fpv5/hard/crti.o
                0x000000000800c4c4                _fini
 .fini          0x000000000800c4c8        0x8 d:/wtf/stm32cubeide_1.4.0/stm32cubeide/plugins/com.st.stm32cube.ide.mcu.externaltools.gnu-tools-for-stm32.7-2018-q2-update.win32_1.4.0.202007081208/tools/bin/../lib/gcc/arm-none-eabi/7.3.1/thumb/v7e-m/fpv5/hard/crtn.o
                0x000000000800c4d0                . = ALIGN (0x4)
                0x000000000800c4d0                _etext = .

.vfp11_veneer   0x000000000800c4d0        0x0
 .vfp11_veneer  0x000000000800c4d0        0x0 linker stubs

.v4_bx          0x000000000800c4d0        0x0
 .v4_bx         0x000000000800c4d0        0x0 linker stubs

.iplt           0x000000000800c4d0        0x0
 .iplt          0x000000000800c4d0        0x0 d:/wtf/stm32cubeide_1.4.0/stm32cubeide/plugins/com.st.stm32cube.ide.mcu.externaltools.gnu-tools-for-stm32.7-2018-q2-update.win32_1.4.0.202007081208/tools/bin/../lib/gcc/arm-none-eabi/7.3.1/thumb/v7e-m/fpv5/hard/crtbegin.o

.rodata         0x000000000800c4d0      0x378
                0x000000000800c4d0                . = ALIGN (0x4)
 *(.rodata)
 .rodata        0x000000000800c4d0       0x28 Core/Src/bootloadder.o
 .rodata        0x000000000800c4f8       0x97 Core/Src/commands.o
 *fill*         0x000000000800c58f        0x1 
 .rodata        0x000000000800c590       0x13 Core/Src/flash_if.o
 *fill*         0x000000000800c5a3        0x1 
 .rodata        0x000000000800c5a4       0xeb Core/Src/main.o
 *fill*         0x000000000800c68f        0x1 
 .rodata        0x000000000800c690       0x2a Core/Src/stm32f7xx_it.o
 *fill*         0x000000000800c6ba        0x2 
 .rodata        0x000000000800c6bc        0x4 Middlewares/ST/STM32_USB_Host_Library/Class/MSC/Src/usbh_msc.o
 .rodata        0x000000000800c6c0       0x44 Middlewares/Third_Party/FatFs/src/ff.o
 *(.rodata*)
 .rodata.AHBPrescTable
                0x000000000800c704       0x10 Core/Src/system_stm32f7xx.o
                0x000000000800c704                AHBPrescTable
 .rodata.APBPrescTable
                0x000000000800c714        0x8 Core/Src/system_stm32f7xx.o
                0x000000000800c714                APBPrescTable
 .rodata.USBH_Driver
                0x000000000800c71c       0x14 FATFS/Target/usbh_diskio.o
                0x000000000800c71c                USBH_Driver
 .rodata.ExCvt  0x000000000800c730       0x80 Middlewares/Third_Party/FatFs/src/ff.o
 .rodata._global_impure_ptr
                0x000000000800c7b0        0x4 d:/wtf/stm32cubeide_1.4.0/stm32cubeide/plugins/com.st.stm32cube.ide.mcu.externaltools.gnu-tools-for-stm32.7-2018-q2-update.win32_1.4.0.202007081208/tools/bin/../lib/gcc/arm-none-eabi/7.3.1/../../../../arm-none-eabi/lib/thumb/v7e-m/fpv5/hard\libc_nano.a(lib_a-impure.o)
                0x000000000800c7b0                _global_impure_ptr
 .rodata.__sf_fake_stderr
                0x000000000800c7b4       0x20 d:/wtf/stm32cubeide_1.4.0/stm32cubeide/plugins/com.st.stm32cube.ide.mcu.externaltools.gnu-tools-for-stm32.7-2018-q2-update.win32_1.4.0.202007081208/tools/bin/../lib/gcc/arm-none-eabi/7.3.1/../../../../arm-none-eabi/lib/thumb/v7e-m/fpv5/hard\libc_nano.a(lib_a-findfp.o)
                0x000000000800c7b4                __sf_fake_stderr
 .rodata.__sf_fake_stdin
                0x000000000800c7d4       0x20 d:/wtf/stm32cubeide_1.4.0/stm32cubeide/plugins/com.st.stm32cube.ide.mcu.externaltools.gnu-tools-for-stm32.7-2018-q2-update.win32_1.4.0.202007081208/tools/bin/../lib/gcc/arm-none-eabi/7.3.1/../../../../arm-none-eabi/lib/thumb/v7e-m/fpv5/hard\libc_nano.a(lib_a-findfp.o)
                0x000000000800c7d4                __sf_fake_stdin
 .rodata.__sf_fake_stdout
                0x000000000800c7f4       0x20 d:/wtf/stm32cubeide_1.4.0/stm32cubeide/plugins/com.st.stm32cube.ide.mcu.externaltools.gnu-tools-for-stm32.7-2018-q2-update.win32_1.4.0.202007081208/tools/bin/../lib/gcc/arm-none-eabi/7.3.1/../../../../arm-none-eabi/lib/thumb/v7e-m/fpv5/hard\libc_nano.a(lib_a-findfp.o)
                0x000000000800c7f4                __sf_fake_stdout
 .rodata._vfprintf_r.str1.1
                0x000000000800c814       0x11 d:/wtf/stm32cubeide_1.4.0/stm32cubeide/plugins/com.st.stm32cube.ide.mcu.externaltools.gnu-tools-for-stm32.7-2018-q2-update.win32_1.4.0.202007081208/tools/bin/../lib/gcc/arm-none-eabi/7.3.1/../../../../arm-none-eabi/lib/thumb/v7e-m/fpv5/hard\libc_nano.a(lib_a-nano-vfprintf.o)
 .rodata._printf_i.str1.1
                0x000000000800c825       0x22 d:/wtf/stm32cubeide_1.4.0/stm32cubeide/plugins/com.st.stm32cube.ide.mcu.externaltools.gnu-tools-for-stm32.7-2018-q2-update.win32_1.4.0.202007081208/tools/bin/../lib/gcc/arm-none-eabi/7.3.1/../../../../arm-none-eabi/lib/thumb/v7e-m/fpv5/hard\libc_nano.a(lib_a-nano-vfprintf_i.o)
                0x000000000800c848                . = ALIGN (0x4)
 *fill*         0x000000000800c847        0x1 

.ARM.extab      0x000000000800c848        0x0
                0x000000000800c848                . = ALIGN (0x4)
 *(.ARM.extab* .gnu.linkonce.armextab.*)
                0x000000000800c848                . = ALIGN (0x4)

.ARM            0x000000000800c848        0x8
                0x000000000800c848                . = ALIGN (0x4)
                0x000000000800c848                __exidx_start = .
 *(.ARM.exidx*)
 .ARM.exidx     0x000000000800c848        0x8 d:/wtf/stm32cubeide_1.4.0/stm32cubeide/plugins/com.st.stm32cube.ide.mcu.externaltools.gnu-tools-for-stm32.7-2018-q2-update.win32_1.4.0.202007081208/tools/bin/../lib/gcc/arm-none-eabi/7.3.1/thumb/v7e-m/fpv5/hard\libgcc.a(_udivmoddi4.o)
                0x000000000800c850                __exidx_end = .
                0x000000000800c850                . = ALIGN (0x4)

.rel.dyn        0x000000000800c850        0x0
 .rel.iplt      0x000000000800c850        0x0 d:/wtf/stm32cubeide_1.4.0/stm32cubeide/plugins/com.st.stm32cube.ide.mcu.externaltools.gnu-tools-for-stm32.7-2018-q2-update.win32_1.4.0.202007081208/tools/bin/../lib/gcc/arm-none-eabi/7.3.1/thumb/v7e-m/fpv5/hard/crtbegin.o

.preinit_array  0x000000000800c850        0x0
                0x000000000800c850                . = ALIGN (0x4)
                0x000000000800c850                PROVIDE (__preinit_array_start = .)
 *(.preinit_array*)
                0x000000000800c850                PROVIDE (__preinit_array_end = .)
                0x000000000800c850                . = ALIGN (0x4)

.init_array     0x000000000800c850        0x4
                0x000000000800c850                . = ALIGN (0x4)
                0x000000000800c850                PROVIDE (__init_array_start = .)
 *(SORT_BY_NAME(.init_array.*))
 *(.init_array*)
 .init_array    0x000000000800c850        0x4 d:/wtf/stm32cubeide_1.4.0/stm32cubeide/plugins/com.st.stm32cube.ide.mcu.externaltools.gnu-tools-for-stm32.7-2018-q2-update.win32_1.4.0.202007081208/tools/bin/../lib/gcc/arm-none-eabi/7.3.1/thumb/v7e-m/fpv5/hard/crtbegin.o
                0x000000000800c854                PROVIDE (__init_array_end = .)
                0x000000000800c854                . = ALIGN (0x4)

.fini_array     0x000000000800c854        0x4
                0x000000000800c854                . = ALIGN (0x4)
                [!provide]                        PROVIDE (__fini_array_start = .)
 *(SORT_BY_NAME(.fini_array.*))
 *(.fini_array*)
 .fini_array    0x000000000800c854        0x4 d:/wtf/stm32cubeide_1.4.0/stm32cubeide/plugins/com.st.stm32cube.ide.mcu.externaltools.gnu-tools-for-stm32.7-2018-q2-update.win32_1.4.0.202007081208/tools/bin/../lib/gcc/arm-none-eabi/7.3.1/thumb/v7e-m/fpv5/hard/crtbegin.o
                [!provide]                        PROVIDE (__fini_array_end = .)
                0x000000000800c858                . = ALIGN (0x4)
                0x000000000800c858                _sidata = LOADADDR (.data)

.data           0x0000000020000000       0x90 load address 0x000000000800c858
                0x0000000020000000                . = ALIGN (0x4)
                0x0000000020000000                _sdata = .
 *(.data)
 *(.data*)
 .data.SystemCoreClock
                0x0000000020000000        0x4 Core/Src/system_stm32f7xx.o
                0x0000000020000000                SystemCoreClock
 .data.uwTickPrio
                0x0000000020000004        0x4 Drivers/STM32F7xx_HAL_Driver/Src/stm32f7xx_hal.o
                0x0000000020000004                uwTickPrio
 .data.uwTickFreq
                0x0000000020000008        0x1 Drivers/STM32F7xx_HAL_Driver/Src/stm32f7xx_hal.o
                0x0000000020000008                uwTickFreq
 *fill*         0x0000000020000009        0x3 
 .data.USBH_msc
                0x000000002000000c       0x20 Middlewares/ST/STM32_USB_Host_Library/Class/MSC/Src/usbh_msc.o
                0x000000002000000c                USBH_msc
 .data._impure_ptr
                0x000000002000002c        0x4 d:/wtf/stm32cubeide_1.4.0/stm32cubeide/plugins/com.st.stm32cube.ide.mcu.externaltools.gnu-tools-for-stm32.7-2018-q2-update.win32_1.4.0.202007081208/tools/bin/../lib/gcc/arm-none-eabi/7.3.1/../../../../arm-none-eabi/lib/thumb/v7e-m/fpv5/hard\libc_nano.a(lib_a-impure.o)
                0x000000002000002c                _impure_ptr
 .data.impure_data
                0x0000000020000030       0x60 d:/wtf/stm32cubeide_1.4.0/stm32cubeide/plugins/com.st.stm32cube.ide.mcu.externaltools.gnu-tools-for-stm32.7-2018-q2-update.win32_1.4.0.202007081208/tools/bin/../lib/gcc/arm-none-eabi/7.3.1/../../../../arm-none-eabi/lib/thumb/v7e-m/fpv5/hard\libc_nano.a(lib_a-impure.o)
                0x0000000020000090                . = ALIGN (0x4)
                0x0000000020000090                _edata = .

.igot.plt       0x0000000020000090        0x0 load address 0x000000000800c8e8
 .igot.plt      0x0000000020000090        0x0 d:/wtf/stm32cubeide_1.4.0/stm32cubeide/plugins/com.st.stm32cube.ide.mcu.externaltools.gnu-tools-for-stm32.7-2018-q2-update.win32_1.4.0.202007081208/tools/bin/../lib/gcc/arm-none-eabi/7.3.1/thumb/v7e-m/fpv5/hard/crtbegin.o
                0x0000000020000090                . = ALIGN (0x4)

.bss            0x0000000020000090    0x112fc load address 0x000000000800c8e8
                0x0000000020000090                _sbss = .
                0x0000000020000090                __bss_start__ = _sbss
 *(.bss)
 .bss           0x0000000020000090       0x1c d:/wtf/stm32cubeide_1.4.0/stm32cubeide/plugins/com.st.stm32cube.ide.mcu.externaltools.gnu-tools-for-stm32.7-2018-q2-update.win32_1.4.0.202007081208/tools/bin/../lib/gcc/arm-none-eabi/7.3.1/thumb/v7e-m/fpv5/hard/crtbegin.o
 *(.bss*)
 .bss.RAM_Buf   0x00000000200000ac    0x10000 Core/Src/commands.o
 .bss.detetcted_flag
                0x00000000200100ac        0x1 Core/Src/commands.o
 *fill*         0x00000000200100ad        0x1 
 .bss.i.8814    0x00000000200100ae        0x2 Core/Src/stm32f7xx_it.o
 .bss.__sbrk_heap_end
                0x00000000200100b0        0x4 Core/Src/sysmem.o
 .bss.tmpreg.9034
                0x00000000200100b4        0x4 Drivers/STM32F7xx_HAL_Driver/Src/stm32f7xx_ll_usb.o
 .bss.FatFs     0x00000000200100b8        0x4 Middlewares/Third_Party/FatFs/src/ff.o
 .bss.Fsid      0x00000000200100bc        0x2 Middlewares/Third_Party/FatFs/src/ff.o
 *fill*         0x00000000200100be        0x2 
 .bss.Files     0x00000000200100c0       0x20 Middlewares/Third_Party/FatFs/src/ff.o
 .bss.disk      0x00000000200100e0        0xc Middlewares/Third_Party/FatFs/src/ff_gen_drv.o
                0x00000000200100e0                disk
 .bss.Appli_state
                0x00000000200100ec        0x1 USB_HOST/App/usb_host.o
                0x00000000200100ec                Appli_state
 *fill*         0x00000000200100ed        0x3 
 .bss.__malloc_free_list
                0x00000000200100f0        0x4 d:/wtf/stm32cubeide_1.4.0/stm32cubeide/plugins/com.st.stm32cube.ide.mcu.externaltools.gnu-tools-for-stm32.7-2018-q2-update.win32_1.4.0.202007081208/tools/bin/../lib/gcc/arm-none-eabi/7.3.1/../../../../arm-none-eabi/lib/thumb/v7e-m/fpv5/hard\libc_nano.a(lib_a-nano-mallocr.o)
                0x00000000200100f0                __malloc_free_list
 .bss.__malloc_sbrk_start
                0x00000000200100f4        0x4 d:/wtf/stm32cubeide_1.4.0/stm32cubeide/plugins/com.st.stm32cube.ide.mcu.externaltools.gnu-tools-for-stm32.7-2018-q2-update.win32_1.4.0.202007081208/tools/bin/../lib/gcc/arm-none-eabi/7.3.1/../../../../arm-none-eabi/lib/thumb/v7e-m/fpv5/hard\libc_nano.a(lib_a-nano-mallocr.o)
                0x00000000200100f4                __malloc_sbrk_start
 *(COMMON)
 COMMON         0x00000000200100f8      0x699 Core/Src/commands.o
                0x00000000200100f8                fileR
                0x0000000020010328                myFile
                0x0000000020010558                byteswritten
                0x000000002001055c                bytesread
                0x0000000020010560                myUsbFatFS
                0x0000000020010790                res
 *fill*         0x0000000020010791        0x3 
 COMMON         0x0000000020010794       0xc8 Core/Src/main.o
                0x0000000020010794                huart3
                0x0000000020010814                heth
 COMMON         0x000000002001085c        0x2 Core/Src/stm32f7xx_it.o
                0x000000002001085c                overflow
 *fill*         0x000000002001085e        0x2 
 COMMON         0x0000000020010860        0x4 Drivers/STM32F7xx_HAL_Driver/Src/stm32f7xx_hal.o
                0x0000000020010860                uwTick
 COMMON         0x0000000020010864       0x1c Drivers/STM32F7xx_HAL_Driver/Src/stm32f7xx_hal_flash.o
                0x0000000020010864                pFlash
 COMMON         0x0000000020010880      0x469 FATFS/App/fatfs.o
                0x0000000020010880                USBHPath
                0x0000000020010884                USBHFile
                0x0000000020010ab4                USBHFatFS
                0x0000000020010ce4                USBH_Path
                0x0000000020010ce8                retUSBH
 *fill*         0x0000000020010ce9        0x3 
 COMMON         0x0000000020010cec      0x3d8 USB_HOST/App/usb_host.o
                0x0000000020010cec                hUsbHostFS
 COMMON         0x00000000200110c4      0x2c4 USB_HOST/Target/usbh_conf.o
                0x00000000200110c4                hhcd_USB_OTG_FS
 COMMON         0x0000000020011388        0x4 d:/wtf/stm32cubeide_1.4.0/stm32cubeide/plugins/com.st.stm32cube.ide.mcu.externaltools.gnu-tools-for-stm32.7-2018-q2-update.win32_1.4.0.202007081208/tools/bin/../lib/gcc/arm-none-eabi/7.3.1/../../../../arm-none-eabi/lib/thumb/v7e-m/fpv5/hard\libc_nano.a(lib_a-reent.o)
                0x0000000020011388                errno
                0x000000002001138c                . = ALIGN (0x4)
                0x000000002001138c                _ebss = .
                0x000000002001138c                __bss_end__ = _ebss

._user_heap_stack
                0x000000002001138c      0x604 load address 0x000000000800c8e8
                0x0000000020011390                . = ALIGN (0x8)
 *fill*         0x000000002001138c        0x4 
                [!provide]                        PROVIDE (end = .)
                0x0000000020011390                PROVIDE (_end = .)
                0x0000000020011590                . = (. + _Min_Heap_Size)